Archive member included to satisfy reference by file (symbol)

/Applications/ArmGNUToolchain/15.2.rel1/arm-none-eabi/bin/../lib/gcc/arm-none-eabi/15.2.1/../../../../arm-none-eabi/lib/thumb/v8-m.main+fp/softfp/libm.a(libm_a-wf_sqrt.o)
                              CMakeFiles/pico2w_LoRaComm.dir/Users/oswin/pico/pico-sdk/src/rp2_common/pico_float/float_math.c.o (sqrtf)
/Applications/ArmGNUToolchain/15.2.rel1/arm-none-eabi/bin/../lib/gcc/arm-none-eabi/15.2.1/../../../../arm-none-eabi/lib/thumb/v8-m.main+fp/softfp/libm.a(libm_a-ef_sqrt.o)
                              /Applications/ArmGNUToolchain/15.2.rel1/arm-none-eabi/bin/../lib/gcc/arm-none-eabi/15.2.1/../../../../arm-none-eabi/lib/thumb/v8-m.main+fp/softfp/libm.a(libm_a-wf_sqrt.o) (__ieee754_sqrtf)
/Applications/ArmGNUToolchain/15.2.rel1/arm-none-eabi/bin/../lib/gcc/arm-none-eabi/15.2.1/thumb/v8-m.main+fp/softfp/libgcc.a(_arm_addsubdf3.o)
                              CMakeFiles/pico2w_LoRaComm.dir/Users/oswin/pico/pico-sdk/src/rp2_common/pico_float/float_math.c.o (__aeabi_f2d)
/Applications/ArmGNUToolchain/15.2.rel1/arm-none-eabi/bin/../lib/gcc/arm-none-eabi/15.2.1/thumb/v8-m.main+fp/softfp/libgcc.a(_aeabi_ldivmod.o)
                              CMakeFiles/pico2w_LoRaComm.dir/Users/oswin/pico/pico-sdk/src/common/pico_time/time.c.o (__aeabi_ldivmod)
/Applications/ArmGNUToolchain/15.2.rel1/arm-none-eabi/bin/../lib/gcc/arm-none-eabi/15.2.1/thumb/v8-m.main+fp/softfp/libgcc.a(_aeabi_uldivmod.o)
                              CMakeFiles/pico2w_LoRaComm.dir/Users/oswin/pico/pico-sdk/src/rp2_common/hardware_clocks/clocks.c.o (__aeabi_uldivmod)
/Applications/ArmGNUToolchain/15.2.rel1/arm-none-eabi/bin/../lib/gcc/arm-none-eabi/15.2.1/thumb/v8-m.main+fp/softfp/libgcc.a(_udivmoddi4.o)
                              /Applications/ArmGNUToolchain/15.2.rel1/arm-none-eabi/bin/../lib/gcc/arm-none-eabi/15.2.1/thumb/v8-m.main+fp/softfp/libgcc.a(_aeabi_ldivmod.o) (__udivmoddi4)
/Applications/ArmGNUToolchain/15.2.rel1/arm-none-eabi/bin/../lib/gcc/arm-none-eabi/15.2.1/thumb/v8-m.main+fp/softfp/libgcc.a(_dvmd_tls.o)
                              /Applications/ArmGNUToolchain/15.2.rel1/arm-none-eabi/bin/../lib/gcc/arm-none-eabi/15.2.1/thumb/v8-m.main+fp/softfp/libgcc.a(_aeabi_ldivmod.o) (__aeabi_ldiv0)
/Applications/ArmGNUToolchain/15.2.rel1/arm-none-eabi/bin/../lib/gcc/arm-none-eabi/15.2.1/../../../../arm-none-eabi/lib/thumb/v8-m.main+fp/softfp/libg.a(libc_a-calloc.o)
                              CMakeFiles/pico2w_LoRaComm.dir/Users/oswin/pico/pico-sdk/src/rp2_common/pico_malloc/malloc.c.o (calloc)
/Applications/ArmGNUToolchain/15.2.rel1/arm-none-eabi/bin/../lib/gcc/arm-none-eabi/15.2.1/../../../../arm-none-eabi/lib/thumb/v8-m.main+fp/softfp/libg.a(libc_a-callocr.o)
                              /Applications/ArmGNUToolchain/15.2.rel1/arm-none-eabi/bin/../lib/gcc/arm-none-eabi/15.2.1/../../../../arm-none-eabi/lib/thumb/v8-m.main+fp/softfp/libg.a(libc_a-calloc.o) (_calloc_r)
/Applications/ArmGNUToolchain/15.2.rel1/arm-none-eabi/bin/../lib/gcc/arm-none-eabi/15.2.1/../../../../arm-none-eabi/lib/thumb/v8-m.main+fp/softfp/libg.a(libc_a-malloc.o)
                              CMakeFiles/pico2w_LoRaComm.dir/Users/oswin/pico/pico-sdk/src/rp2_common/pico_malloc/malloc.c.o (malloc)
/Applications/ArmGNUToolchain/15.2.rel1/arm-none-eabi/bin/../lib/gcc/arm-none-eabi/15.2.1/../../../../arm-none-eabi/lib/thumb/v8-m.main+fp/softfp/libg.a(libc_a-mallocr.o)
                              /Applications/ArmGNUToolchain/15.2.rel1/arm-none-eabi/bin/../lib/gcc/arm-none-eabi/15.2.1/../../../../arm-none-eabi/lib/thumb/v8-m.main+fp/softfp/libg.a(libc_a-callocr.o) (_malloc_r)
/Applications/ArmGNUToolchain/15.2.rel1/arm-none-eabi/bin/../lib/gcc/arm-none-eabi/15.2.1/../../../../arm-none-eabi/lib/thumb/v8-m.main+fp/softfp/libg.a(libc_a-mlock.o)
                              /Applications/ArmGNUToolchain/15.2.rel1/arm-none-eabi/bin/../lib/gcc/arm-none-eabi/15.2.1/../../../../arm-none-eabi/lib/thumb/v8-m.main+fp/softfp/libg.a(libc_a-mallocr.o) (__malloc_lock)
/Applications/ArmGNUToolchain/15.2.rel1/arm-none-eabi/bin/../lib/gcc/arm-none-eabi/15.2.1/../../../../arm-none-eabi/lib/thumb/v8-m.main+fp/softfp/libg.a(libc_a-realloc.o)
                              CMakeFiles/pico2w_LoRaComm.dir/Users/oswin/pico/pico-sdk/src/rp2_common/pico_malloc/malloc.c.o (realloc)
/Applications/ArmGNUToolchain/15.2.rel1/arm-none-eabi/bin/../lib/gcc/arm-none-eabi/15.2.1/../../../../arm-none-eabi/lib/thumb/v8-m.main+fp/softfp/libg.a(libc_a-reallocr.o)
                              /Applications/ArmGNUToolchain/15.2.rel1/arm-none-eabi/bin/../lib/gcc/arm-none-eabi/15.2.1/../../../../arm-none-eabi/lib/thumb/v8-m.main+fp/softfp/libg.a(libc_a-realloc.o) (_realloc_r)
/Applications/ArmGNUToolchain/15.2.rel1/arm-none-eabi/bin/../lib/gcc/arm-none-eabi/15.2.1/../../../../arm-none-eabi/lib/thumb/v8-m.main+fp/softfp/libg.a(libc_a-memcmp.o)
[...]
Memory Configuration

Name             Origin             Length             Attributes
FLASH            0x10000000         0x00400000         xr
RAM              0x20000000         0x00080000         xrw
SCRATCH_X        0x20080000         0x00001000         xrw
SCRATCH_Y        0x20081000         0x00001000         xrw
*default*        0x00000000         0xffffffff

Linker script and memory map

LOAD /Applications/ArmGNUToolchain/15.2.rel1/arm-none-eabi/bin/../lib/gcc/arm-none-eabi/15.2.1/thumb/v8-m.main+fp/softfp/crti.o
LOAD /Applications/ArmGNUToolchain/15.2.rel1/arm-none-eabi/bin/../lib/gcc/arm-none-eabi/15.2.1/thumb/v8-m.main+fp/softfp/crtbegin.o
LOAD /Applications/ArmGNUToolchain/15.2.rel1/arm-none-eabi/bin/../lib/gcc/arm-none-eabi/15.2.1/../../../../arm-none-eabi/lib/thumb/v8-m.main+fp/softfp/crt0.o

.flash_begin    0x10000000        0x0
                0x10000000                        __flash_binary_start = .

.text           0x10000000     0xb458
                0x10000000                        __logical_binary_start = .
 *(.vectors)
 .vectors       0x10000000      0x124 CMakeFiles/pico2w_LoRaComm.dir/Users/oswin/pico/pico-sdk/src/rp2_common/pico_crt0/crt0.S.o
                0x10000000                __VECTOR_TABLE
                0x10000000                __vectors
                0x10000110                __unhandled_user_irq
                0x10000110                isr_irq49
                0x10000110                isr_irq13
                0x10000110                isr_irq43
                0x10000110                isr_irq45
                0x10000110                isr_irq27
                0x10000110                isr_irq32
                0x10000110                isr_irq31
                0x10000110                isr_irq5
                0x10000110                isr_irq11
                0x10000110                isr_irq23
                0x10000110                isr_usagefault
                0x10000110                isr_irq48
                0x10000110                isr_irq35
                0x10000110                isr_irq18
                0x10000110                isr_irq50
                0x10000110                isr_irq9
                0x10000110                isr_irq30
                0x10000110                isr_irq16
                0x10000110                isr_irq44
                0x10000110                isr_irq29
                0x10000110                isr_irq26
                0x10000110                isr_irq33
                0x10000110                isr_irq3
                0x10000110                isr_irq12
                0x10000110                isr_securefault
                0x10000110                isr_irq40
                0x10000110                isr_irq28
                0x10000110                isr_irq19
                0x10000110                isr_irq36
                0x10000110                isr_irq41
                0x10000110                isr_irq0
                0x10000110                isr_irq6
                0x10000110                isr_memmanage
                0x10000110                isr_irq37
                0x10000110                isr_irq42
                0x10000110                isr_irq22
                0x10000110                isr_irq17
                0x10000110                isr_irq38
                0x10000110                isr_irq14
                0x10000110                __vectors_end
                0x10000110                __default_isrs_start
                0x10000110                isr_irq2
                0x10000110                isr_irq10
                0x10000110                isr_irq8
                0x10000110                isr_debugmonitor
                0x10000110                isr_irq24
                0x10000110                isr_irq46
                0x10000110                isr_irq1
                0x10000110                isr_irq47
                0x10000110                isr_irq51
                0x10000110                isr_irq7
                0x10000110                isr_irq21
                0x10000110                isr_irq39
                0x10000110                isr_irq20
                0x10000110                isr_irq15
                0x10000110                isr_irq25
                0x10000110                isr_irq34
                0x10000110                isr_irq4
                0x10000110                isr_busfault
                0x10000116                unhandled_user_irq_num_in_r0
                0x10000118                isr_invalid
                0x1000011a                isr_nmi
                0x1000011c                isr_hardfault
                0x1000011e                isr_svcall
                0x10000120                isr_pendsv
                0x10000122                isr_systick
                0x10000124                __default_isrs_end
 *(.binary_info_header)
 .binary_info_header
                0x10000124       0x14 CMakeFiles/pico2w_LoRaComm.dir/Users/oswin/pico/pico-sdk/src/rp2_common/pico_crt0/crt0.S.o
                0x10000138                        __binary_info_header_end = .
 *(.embedded_block)
 .embedded_block
                0x10000138       0x14 CMakeFiles/pico2w_LoRaComm.dir/Users/oswin/pico/pico-sdk/src/rp2_common/pico_crt0/crt0.S.o
                0x1000014c                        __embedded_block_end = .
 *(.reset)
 .reset         0x1000014c       0x98 CMakeFiles/pico2w_LoRaComm.dir/Users/oswin/pico/pico-sdk/src/rp2_common/pico_crt0/crt0.S.o
                0x1000014c                _entry_point
 *(.init)
 .init          0x100001e4        0x4 /Applications/ArmGNUToolchain/15.2.rel1/arm-none-eabi/bin/../lib/gcc/arm-none-eabi/15.2.1/thumb/v8-m.main+fp/softfp/crti.o
                0x100001e4                _init
 SORT_BY_NAME(REVERSE(*libgcc.a:cmse_nonsecure_call.o))()
 *(EXCLUDE_FILE(*libm.a: *libc.a:*lib_a-mem*.o *libgcc.a:) .text*)
 .text.register_tm_clones
                0x100001e8       0x28 /Applications/ArmGNUToolchain/15.2.rel1/arm-none-eabi/bin/../lib/gcc/arm-none-eabi/15.2.1/thumb/v8-m.main+fp/softfp/crtbegin.o
 .text.frame_dummy
                0x10000210       0x24 /Applications/ArmGNUToolchain/15.2.rel1/arm-none-eabi/bin/../lib/gcc/arm-none-eabi/15.2.1/thumb/v8-m.main+fp/softfp/crtbegin.o
 .text._Z16encoder_callbackjm
                0x10000234       0x40 CMakeFiles/pico2w_LoRaComm.dir/main.cpp.o
                0x10000234                encoder_callback(unsigned int, unsigned long)
 .text.startup.main
                0x10000274      0x3b0 CMakeFiles/pico2w_LoRaComm.dir/main.cpp.o
                0x10000274                main
 .text.ssd1306_draw_char_with_font.part.0
                0x10000624      0x124 CMakeFiles/pico2w_LoRaComm.dir/ssd1306.c.o
 .text.ssd1306_bmp_show_image_with_offset.part.0
                0x10000748      0x124 CMakeFiles/pico2w_LoRaComm.dir/ssd1306.c.o
 .text.ssd1306_init
                0x1000086c      0x128 CMakeFiles/pico2w_LoRaComm.dir/ssd1306.c.o
                0x1000086c                ssd1306_init
 .text.ssd1306_clear
                0x10000994        0xc CMakeFiles/pico2w_LoRaComm.dir/ssd1306.c.o
                0x10000994                ssd1306_clear
 .text.ssd1306_clear_square
                0x100009a0       0x58 CMakeFiles/pico2w_LoRaComm.dir/ssd1306.c.o
                0x100009a0                ssd1306_clear_square
 .text.ssd1306_draw_square
                0x100009f8       0x58 CMakeFiles/pico2w_LoRaComm.dir/ssd1306.c.o
                0x100009f8                ssd1306_draw_square
 .text.ssd1306_draw_char_with_font
                0x10000a50       0x28 CMakeFiles/pico2w_LoRaComm.dir/ssd1306.c.o
                0x10000a50                ssd1306_draw_char_with_font
 .text.ssd1306_draw_string_with_font
                0x10000a78       0x48 CMakeFiles/pico2w_LoRaComm.dir/ssd1306.c.o
                0x10000a78                ssd1306_draw_string_with_font
 .text.ssd1306_draw_string
                0x10000ac0       0x58 CMakeFiles/pico2w_LoRaComm.dir/ssd1306.c.o
                0x10000ac0                ssd1306_draw_string
 .text.ssd1306_bmp_show_image
                0x10000b18       0x10 CMakeFiles/pico2w_LoRaComm.dir/ssd1306.c.o
                0x10000b18                ssd1306_bmp_show_image
 .text.ssd1306_show
                0x10000b28       0xd8 CMakeFiles/pico2w_LoRaComm.dir/ssd1306.c.o
                0x10000b28                ssd1306_show
 .text.gpio_default_irq_handler
                0x10000c00      0x1d8 CMakeFiles/pico2w_LoRaComm.dir/Users/oswin/pico/pico-sdk/src/rp2_common/hardware_gpio/gpio.c.o
 .text.gpio_set_function
                0x10000dd8       0x3c CMakeFiles/pico2w_LoRaComm.dir/Users/oswin/pico/pico-sdk/src/rp2_common/hardware_gpio/gpio.c.o
                0x10000dd8                gpio_set_function
 .text.gpio_set_pulls
                0x10000e14       0x24 CMakeFiles/pico2w_LoRaComm.dir/Users/oswin/pico/pico-sdk/src/rp2_common/hardware_gpio/gpio.c.o
                0x10000e14                gpio_set_pulls
 .text.gpio_set_input_hysteresis_enabled
                0x10000e38       0x20 CMakeFiles/pico2w_LoRaComm.dir/Users/oswin/pico/pico-sdk/src/rp2_common/hardware_gpio/gpio.c.o
                0x10000e38                gpio_set_input_hysteresis_enabled
 .text.gpio_set_irq_enabled
                0x10000e58       0x48 CMakeFiles/pico2w_LoRaComm.dir/Users/oswin/pico/pico-sdk/src/rp2_common/hardware_gpio/gpio.c.o
                0x10000e58                gpio_set_irq_enabled
 .text.gpio_set_irq_enabled_with_callback
                0x10000ea0       0xa8 CMakeFiles/pico2w_LoRaComm.dir/Users/oswin/pico/pico-sdk/src/rp2_common/hardware_gpio/gpio.c.o
                0x10000ea0                gpio_set_irq_enabled_with_callback
 .text.gpio_add_raw_irq_handler_with_order_priority_masked
                0x10000f48       0x48 CMakeFiles/pico2w_LoRaComm.dir/Users/oswin/pico/pico-sdk/src/rp2_common/hardware_gpio/gpio.c.o
                0x10000f48                gpio_add_raw_irq_handler_with_order_priority_masked
 .text.gpio_remove_raw_irq_handler_masked
                0x10000f90       0x24 CMakeFiles/pico2w_LoRaComm.dir/Users/oswin/pico/pico-sdk/src/rp2_common/hardware_gpio/gpio.c.o
                0x10000f90                gpio_remove_raw_irq_handler_masked
 .text.gpio_init
                0x10000fb4       0x4c CMakeFiles/pico2w_LoRaComm.dir/Users/oswin/pico/pico-sdk/src/rp2_common/hardware_gpio/gpio.c.o
                0x10000fb4                gpio_init
 .text.panic    0x10001000       0x30 CMakeFiles/pico2w_LoRaComm.dir/Users/oswin/pico/pico-sdk/src/rp2_common/pico_platform_panic/panic.c.o
                0x10001000                panic
 .text.hw_claim_lock
                0x10001030       0x24 CMakeFiles/pico2w_LoRaComm.dir/Users/oswin/pico/pico-sdk/src/common/hardware_claim/claim.c.o
                0x10001030                hw_claim_lock
 .text.hw_claim_unlock
                0x10001054       0x14 CMakeFiles/pico2w_LoRaComm.dir/Users/oswin/pico/pico-sdk/src/common/hardware_claim/claim.c.o
                0x10001054                hw_claim_unlock
 .text.hw_claim_or_assert
                0x10001068       0x58 CMakeFiles/pico2w_LoRaComm.dir/Users/oswin/pico/pico-sdk/src/common/hardware_claim/claim.c.o
                0x10001068                hw_claim_or_assert
 .text.hw_claim_unused_from_range
                0x100010c0       0x84 CMakeFiles/pico2w_LoRaComm.dir/Users/oswin/pico/pico-sdk/src/common/hardware_claim/claim.c.o
                0x100010c0                hw_claim_unused_from_range
 .text.hw_claim_clear
                0x10001144       0x50 CMakeFiles/pico2w_LoRaComm.dir/Users/oswin/pico/pico-sdk/src/common/hardware_claim/claim.c.o
                0x10001144                hw_claim_clear
 .text.next_striped_spin_lock_num
                0x10001194       0x18 CMakeFiles/pico2w_LoRaComm.dir/Users/oswin/pico/pico-sdk/src/rp2_common/hardware_sync/sync.c.o
                0x10001194                next_striped_spin_lock_num
 .text.spin_lock_claim_unused
                0x100011ac       0x24 CMakeFiles/pico2w_LoRaComm.dir/Users/oswin/pico/pico-sdk/src/rp2_common/hardware_sync/sync.c.o
                0x100011ac                spin_lock_claim_unused
 .text.spinlock_set_extexclall
                0x100011d0       0x10 CMakeFiles/pico2w_LoRaComm.dir/Users/oswin/pico/pico-sdk/src/rp2_common/hardware_sync_spin_lock/sync_spin_lock.c.o
 .text.spin_locks_reset
                0x100011e0       0x18 CMakeFiles/pico2w_LoRaComm.dir/Users/oswin/pico/pico-sdk/src/rp2_common/hardware_sync_spin_lock/sync_spin_lock.c.o
                0x100011e0                spin_locks_reset
 .text.runtime_init_per_core_irq_priorities
                0x100011f8       0x40 CMakeFiles/pico2w_LoRaComm.dir/Users/oswin/pico/pico-sdk/src/rp2_common/hardware_irq/irq.c.o
                0x100011f8                runtime_init_per_core_irq_priorities
 .text.irq_set_enabled
                0x10001238       0x2c CMakeFiles/pico2w_LoRaComm.dir/Users/oswin/pico/pico-sdk/src/rp2_common/hardware_irq/irq.c.o
                0x10001238                irq_set_enabled
 .text.irq_is_enabled
                0x10001264       0x20 CMakeFiles/pico2w_LoRaComm.dir/Users/oswin/pico/pico-sdk/src/rp2_common/hardware_irq/irq.c.o
                0x10001264                irq_is_enabled
 .text.irq_set_pending
                0x10001284       0x18 CMakeFiles/pico2w_LoRaComm.dir/Users/oswin/pico/pico-sdk/src/rp2_common/hardware_irq/irq.c.o
                0x10001284                irq_set_pending
 .text.irq_has_shared_handler
                0x1000129c       0x20 CMakeFiles/pico2w_LoRaComm.dir/Users/oswin/pico/pico-sdk/src/rp2_common/hardware_irq/irq.c.o
                0x1000129c                irq_has_shared_handler
 .text.irq_set_exclusive_handler
                0x100012bc       0x70 CMakeFiles/pico2w_LoRaComm.dir/Users/oswin/pico/pico-sdk/src/rp2_common/hardware_irq/irq.c.o
                0x100012bc                irq_set_exclusive_handler
 .text.irq_add_shared_handler
                0x1000132c      0x1f4 CMakeFiles/pico2w_LoRaComm.dir/Users/oswin/pico/pico-sdk/src/rp2_common/hardware_irq/irq.c.o
                0x1000132c                irq_add_shared_handler
 .text.irq_remove_handler
                0x10001520      0x208 CMakeFiles/pico2w_LoRaComm.dir/Users/oswin/pico/pico-sdk/src/rp2_common/hardware_irq/irq.c.o
                0x10001520                irq_remove_handler
 .text.irq_set_priority
                0x10001728       0x28 CMakeFiles/pico2w_LoRaComm.dir/Users/oswin/pico/pico-sdk/src/rp2_common/hardware_irq/irq.c.o
                0x10001728                irq_set_priority
 .text.irq_add_tail_to_free_list
                0x10001750       0xcc CMakeFiles/pico2w_LoRaComm.dir/Users/oswin/pico/pico-sdk/src/rp2_common/hardware_irq/irq.c.o
                0x10001750                irq_add_tail_to_free_list
 .text.user_irq_unclaim
                0x1000181c       0x10 CMakeFiles/pico2w_LoRaComm.dir/Users/oswin/pico/pico-sdk/src/rp2_common/hardware_irq/irq.c.o
                0x1000181c                user_irq_unclaim
 .text.user_irq_claim_unused
                0x1000182c       0x2c CMakeFiles/pico2w_LoRaComm.dir/Users/oswin/pico/pico-sdk/src/rp2_common/hardware_irq/irq.c.o
                0x1000182c                user_irq_claim_unused
 .text.sem_init
                0x10001858       0x24 CMakeFiles/pico2w_LoRaComm.dir/Users/oswin/pico/pico-sdk/src/common/pico_sync/sem.c.o
                0x10001858                sem_init
 .text.lock_init
                0x1000187c        0xc CMakeFiles/pico2w_LoRaComm.dir/Users/oswin/pico/pico-sdk/src/common/pico_sync/lock_core.c.o
                0x1000187c                lock_init
 .text.runtime_init_mutex
                0x10001888       0x4c CMakeFiles/pico2w_LoRaComm.dir/Users/oswin/pico/pico-sdk/src/common/pico_sync/mutex.c.o
                0x10001888                runtime_init_mutex
 .text.mutex_init
                0x100018d4       0x1c CMakeFiles/pico2w_LoRaComm.dir/Users/oswin/pico/pico-sdk/src/common/pico_sync/mutex.c.o
                0x100018d4                mutex_init
 .text.recursive_mutex_init
                0x100018f0       0x1c CMakeFiles/pico2w_LoRaComm.dir/Users/oswin/pico/pico-sdk/src/common/pico_sync/mutex.c.o
                0x100018f0                recursive_mutex_init
 .text.critical_section_init
                0x1000190c       0x1c CMakeFiles/pico2w_LoRaComm.dir/Users/oswin/pico/pico-sdk/src/common/pico_sync/critical_section.c.o
                0x1000190c                critical_section_init
 .text.critical_section_init_with_lock_num
                0x10001928       0x10 CMakeFiles/pico2w_LoRaComm.dir/Users/oswin/pico/pico-sdk/src/common/pico_sync/critical_section.c.o
                0x10001928                critical_section_init_with_lock_num
 .text.sleep_until_callback
                0x10001938       0x3c CMakeFiles/pico2w_LoRaComm.dir/Users/oswin/pico/pico-sdk/src/common/pico_time/time.c.o
 *fill*         0x10001974        0x4 
 .text.alarm_pool_irq_handler
                0x10001978      0x2ec CMakeFiles/pico2w_LoRaComm.dir/Users/oswin/pico/pico-sdk/src/common/pico_time/time.c.o
 .text.runtime_init_default_alarm_pool
                0x10001c64      0x104 CMakeFiles/pico2w_LoRaComm.dir/Users/oswin/pico/pico-sdk/src/common/pico_time/time.c.o
                0x10001c64                runtime_init_default_alarm_pool
 .text.alarm_pool_get_default
                0x10001d68        0x8 CMakeFiles/pico2w_LoRaComm.dir/Users/oswin/pico/pico-sdk/src/common/pico_time/time.c.o
                0x10001d68                alarm_pool_get_default
 .text.alarm_pool_add_alarm_at
                0x10001d70       0xe4 CMakeFiles/pico2w_LoRaComm.dir/Users/oswin/pico/pico-sdk/src/common/pico_time/time.c.o
                0x10001d70                alarm_pool_add_alarm_at
 .text.alarm_pool_add_alarm_at_force_in_context
                0x10001e54       0xcc CMakeFiles/pico2w_LoRaComm.dir/Users/oswin/pico/pico-sdk/src/common/pico_time/time.c.o
                0x10001e54                alarm_pool_add_alarm_at_force_in_context
 .text.alarm_pool_cancel_alarm
                0x10001f20       0x84 CMakeFiles/pico2w_LoRaComm.dir/Users/oswin/pico/pico-sdk/src/common/pico_time/time.c.o
                0x10001f20                alarm_pool_cancel_alarm
 .text.alarm_pool_core_num
                0x10001fa4        0x4 CMakeFiles/pico2w_LoRaComm.dir/Users/oswin/pico/pico-sdk/src/common/pico_time/time.c.o
                0x10001fa4                alarm_pool_core_num
 .text.sleep_until
                0x10001fa8       0xbc CMakeFiles/pico2w_LoRaComm.dir/Users/oswin/pico/pico-sdk/src/common/pico_time/time.c.o
                0x10001fa8                sleep_until
 .text.sleep_ms
                0x10002064       0xdc CMakeFiles/pico2w_LoRaComm.dir/Users/oswin/pico/pico-sdk/src/common/pico_time/time.c.o
                0x10002064                sleep_ms
 .text.best_effort_wfe_or_timeout
                0x10002140       0xf8 CMakeFiles/pico2w_LoRaComm.dir/Users/oswin/pico/pico-sdk/src/common/pico_time/time.c.o
                0x10002140                best_effort_wfe_or_timeout
 .text.timer_hardware_alarm_claim
                0x10002238       0x24 CMakeFiles/pico2w_LoRaComm.dir/Users/oswin/pico/pico-sdk/src/rp2_common/hardware_timer/timer.c.o
                0x10002238                timer_hardware_alarm_claim
 .text.timer_time_us_64
                0x1000225c       0x10 CMakeFiles/pico2w_LoRaComm.dir/Users/oswin/pico/pico-sdk/src/rp2_common/hardware_timer/timer.c.o
                0x1000225c                timer_time_us_64
 .text.time_us_64
                0x1000226c       0x14 CMakeFiles/pico2w_LoRaComm.dir/Users/oswin/pico/pico-sdk/src/rp2_common/hardware_timer/timer.c.o
                0x1000226c                time_us_64
 .text.busy_wait_until
                0x10002280       0x24 CMakeFiles/pico2w_LoRaComm.dir/Users/oswin/pico/pico-sdk/src/rp2_common/hardware_timer/timer.c.o
                0x10002280                busy_wait_until
 .text.clock_configure_undivided
                0x100022a4       0xdc CMakeFiles/pico2w_LoRaComm.dir/Users/oswin/pico/pico-sdk/src/rp2_common/hardware_clocks/clocks.c.o
                0x100022a4                clock_configure_undivided
 .text.clock_get_hz
                0x10002380        0xc CMakeFiles/pico2w_LoRaComm.dir/Users/oswin/pico/pico-sdk/src/rp2_common/hardware_clocks/clocks.c.o
                0x10002380                clock_get_hz
 .text.pll_init
                0x1000238c       0x90 CMakeFiles/pico2w_LoRaComm.dir/Users/oswin/pico/pico-sdk/src/rp2_common/hardware_pll/pll.c.o
                0x1000238c                pll_init
 .text.watchdog_reboot
                0x1000241c       0xac CMakeFiles/pico2w_LoRaComm.dir/Users/oswin/pico/pico-sdk/src/rp2_common/hardware_watchdog/watchdog.c.o
                0x1000241c                watchdog_reboot
 .text.tick_start
                0x100024c8       0x18 CMakeFiles/pico2w_LoRaComm.dir/Users/oswin/pico/pico-sdk/src/rp2_common/hardware_ticks/ticks.c.o
                0x100024c8                tick_start
 .text.rom_reboot.constprop.0.isra.0
                0x100024e0       0x38 CMakeFiles/pico2w_LoRaComm.dir/Users/oswin/pico/pico-sdk/src/rp2_common/pico_bootrom/bootrom.c.o
 .text.rom_func_lookup
                0x10002518       0x18 CMakeFiles/pico2w_LoRaComm.dir/Users/oswin/pico/pico-sdk/src/rp2_common/pico_bootrom/bootrom.c.o
                0x10002518                rom_func_lookup
 .text.rom_reset_usb_boot_extra
                0x10002530       0x1c CMakeFiles/pico2w_LoRaComm.dir/Users/oswin/pico/pico-sdk/src/rp2_common/pico_bootrom/bootrom.c.o
                0x10002530                rom_reset_usb_boot_extra
 .text.runtime_init_bootrom_locking_enable
                0x1000254c       0x14 CMakeFiles/pico2w_LoRaComm.dir/Users/oswin/pico/pico-sdk/src/rp2_common/pico_bootrom/bootrom_lock.c.o
                0x1000254c                runtime_init_bootrom_locking_enable
 .text.runtime_init_boot_locks_reset
                0x10002560       0x1c CMakeFiles/pico2w_LoRaComm.dir/Users/oswin/pico/pico-sdk/src/rp2_common/hardware_boot_lock/boot_lock.c.o
                0x10002560                runtime_init_boot_locks_reset
 .text.xosc_init
                0x1000257c       0x2c CMakeFiles/pico2w_LoRaComm.dir/Users/oswin/pico/pico-sdk/src/rp2_common/hardware_xosc/xosc.c.o
                0x1000257c                xosc_init
 .text.first_per_core_initializer
                0x100025a8        0x4 CMakeFiles/pico2w_LoRaComm.dir/Users/oswin/pico/pico-sdk/src/rp2_common/pico_runtime/runtime.c.o
 .text.hard_assertion_failure
                0x100025ac        0xc CMakeFiles/pico2w_LoRaComm.dir/Users/oswin/pico/pico-sdk/src/rp2_common/pico_runtime/runtime.c.o
                0x100025ac                hard_assertion_failure
 .text.runtime_run_initializers
                0x100025b8       0x20 CMakeFiles/pico2w_LoRaComm.dir/Users/oswin/pico/pico-sdk/src/rp2_common/pico_runtime/runtime.c.o
                0x100025b8                runtime_run_initializers
 .text.runtime_init_early_resets
                0x100025d8       0x30 CMakeFiles/pico2w_LoRaComm.dir/Users/oswin/pico/pico-sdk/src/rp2_common/pico_runtime_init/runtime_init.c.o
                0x100025d8                runtime_init_early_resets
 .text.runtime_init_usb_power_down
                0x10002608       0x1c CMakeFiles/pico2w_LoRaComm.dir/Users/oswin/pico/pico-sdk/src/rp2_common/pico_runtime_init/runtime_init.c.o
                0x10002608                runtime_init_usb_power_down
 .text.runtime_init_per_core_enable_coprocessors
                0x10002624       0x1c CMakeFiles/pico2w_LoRaComm.dir/Users/oswin/pico/pico-sdk/src/rp2_common/pico_runtime_init/runtime_init.c.o
                0x10002624                runtime_init_per_core_enable_coprocessors
 .text.runtime_init_post_clock_resets
                0x10002640       0x20 CMakeFiles/pico2w_LoRaComm.dir/Users/oswin/pico/pico-sdk/src/rp2_common/pico_runtime_init/runtime_init.c.o
                0x10002640                runtime_init_post_clock_resets
 .text.runtime_init_bootrom_reset
                0x10002660       0x14 CMakeFiles/pico2w_LoRaComm.dir/Users/oswin/pico/pico-sdk/src/rp2_common/pico_runtime_init/runtime_init.c.o
                0x10002660                runtime_init_bootrom_reset
 .text.runtime_init_per_core_bootrom_reset
                0x10002674       0x14 CMakeFiles/pico2w_LoRaComm.dir/Users/oswin/pico/pico-sdk/src/rp2_common/pico_runtime_init/runtime_init.c.o
                0x10002674                runtime_init_per_core_bootrom_reset
 .text.runtime_init_spin_locks_reset
                0x10002688        0x4 CMakeFiles/pico2w_LoRaComm.dir/Users/oswin/pico/pico-sdk/src/rp2_common/pico_runtime_init/runtime_init.c.o
                0x10002688                runtime_init_spin_locks_reset
 .text.runtime_init_install_ram_vector_table
                0x1000268c       0x68 CMakeFiles/pico2w_LoRaComm.dir/Users/oswin/pico/pico-sdk/src/rp2_common/pico_runtime_init/runtime_init.c.o
                0x1000268c                runtime_init_install_ram_vector_table
 .text.runtime_init_clocks
                0x100026f4       0xdc CMakeFiles/pico2w_LoRaComm.dir/Users/oswin/pico/pico-sdk/src/rp2_common/pico_runtime_init/runtime_init_clocks.c.o
                0x100026f4                runtime_init_clocks
 .text.__rp2350_dcp_engaged_state_save_restore
                0x100027d0       0x3a CMakeFiles/pico2w_LoRaComm.dir/Users/oswin/pico/pico-sdk/src/rp2_common/pico_double/double_aeabi_dcp.S.o
 *fill*         0x1000280a        0x2 
 .text.__wrap___aeabi_dadd
                0x1000280c       0x28 CMakeFiles/pico2w_LoRaComm.dir/Users/oswin/pico/pico-sdk/src/rp2_common/pico_double/double_aeabi_dcp.S.o
                0x10002814                __wrap___aeabi_dadd
 .text.__wrap___aeabi_dsub
                0x10002834       0x28 CMakeFiles/pico2w_LoRaComm.dir/Users/oswin/pico/pico-sdk/src/rp2_common/pico_double/double_aeabi_dcp.S.o
                0x1000283c                __wrap___aeabi_dsub
 .text.__wrap___aeabi_dmul
                0x1000285c       0x4c CMakeFiles/pico2w_LoRaComm.dir/Users/oswin/pico/pico-sdk/src/rp2_common/pico_double/double_aeabi_dcp.S.o
                0x10002864                __wrap___aeabi_dmul
 .text.__wrap___aeabi_ddiv
                0x100028a8       0x9c CMakeFiles/pico2w_LoRaComm.dir/Users/oswin/pico/pico-sdk/src/rp2_common/pico_double/double_aeabi_dcp.S.o
                0x100028b0                __wrap___aeabi_ddiv
 .text.__wrap___aeabi_i2d
                0x10002944       0x24 CMakeFiles/pico2w_LoRaComm.dir/Users/oswin/pico/pico-sdk/src/rp2_common/pico_double/double_aeabi_dcp.S.o
                0x1000294c                __wrap___aeabi_i2d
                0x1000294c                int2double
 .text.__wrap___aeabi_ui2d
                0x10002968       0x24 CMakeFiles/pico2w_LoRaComm.dir/Users/oswin/pico/pico-sdk/src/rp2_common/pico_double/double_aeabi_dcp.S.o
                0x10002970                __wrap___aeabi_ui2d
                0x10002970                uint2double
 .text.__wrap___aeabi_d2iz
                0x1000298c       0x24 CMakeFiles/pico2w_LoRaComm.dir/Users/oswin/pico/pico-sdk/src/rp2_common/pico_double/double_aeabi_dcp.S.o
                0x10002994                __wrap___aeabi_d2iz
                0x10002994                double2int_z
 .text.__wrap___aeabi_d2uiz
                0x100029b0       0x24 CMakeFiles/pico2w_LoRaComm.dir/Users/oswin/pico/pico-sdk/src/rp2_common/pico_double/double_aeabi_dcp.S.o
                0x100029b8                double2uint_z
                0x100029b8                double2uint
                0x100029b8                __wrap___aeabi_d2uiz
 .text.__wrap___aeabi_dcmpun
                0x100029d4       0x24 CMakeFiles/pico2w_LoRaComm.dir/Users/oswin/pico/pico-sdk/src/rp2_common/pico_double/double_aeabi_dcp.S.o
                0x100029dc                __wrap___aeabi_dcmpun
 .text.__wrap___aeabi_dcmplt
                0x100029f8       0x28 CMakeFiles/pico2w_LoRaComm.dir/Users/oswin/pico/pico-sdk/src/rp2_common/pico_double/double_aeabi_dcp.S.o
                0x10002a00                __wrap___aeabi_dcmplt
 .text.__wrap___aeabi_dcmple
                0x10002a20       0x28 CMakeFiles/pico2w_LoRaComm.dir/Users/oswin/pico/pico-sdk/src/rp2_common/pico_double/double_aeabi_dcp.S.o
                0x10002a28                __wrap___aeabi_dcmple
 .text.__wrap___aeabi_dcmpge
                0x10002a48       0x28 CMakeFiles/pico2w_LoRaComm.dir/Users/oswin/pico/pico-sdk/src/rp2_common/pico_double/double_aeabi_dcp.S.o
                0x10002a50                __wrap___aeabi_dcmpge
 .text.__wrap___aeabi_dcmpgt
                0x10002a70       0x28 CMakeFiles/pico2w_LoRaComm.dir/Users/oswin/pico/pico-sdk/src/rp2_common/pico_double/double_aeabi_dcp.S.o
                0x10002a78                __wrap___aeabi_dcmpgt
 .text.__wrap_malloc
                0x10002a98       0x24 CMakeFiles/pico2w_LoRaComm.dir/Users/oswin/pico/pico-sdk/src/rp2_common/pico_malloc/malloc.c.o
                0x10002a98                __wrap_malloc
 .text._out_buffer
                0x10002abc        0x8 CMakeFiles/pico2w_LoRaComm.dir/Users/oswin/pico/pico-sdk/src/rp2_common/pico_printf/printf.c.o
 .text._out_null
                0x10002ac4        0x4 CMakeFiles/pico2w_LoRaComm.dir/Users/oswin/pico/pico-sdk/src/rp2_common/pico_printf/printf.c.o
 .text._out_rev
                0x10002ac8       0xa8 CMakeFiles/pico2w_LoRaComm.dir/Users/oswin/pico/pico-sdk/src/rp2_common/pico_printf/printf.c.o
 .text._ntoa_format
                0x10002b70      0x1dc CMakeFiles/pico2w_LoRaComm.dir/Users/oswin/pico/pico-sdk/src/rp2_common/pico_printf/printf.c.o
 .text._out_char
                0x10002d4c        0x8 CMakeFiles/pico2w_LoRaComm.dir/Users/oswin/pico/pico-sdk/src/rp2_common/pico_printf/printf.c.o
 .text._out_fct
                0x10002d54        0xc CMakeFiles/pico2w_LoRaComm.dir/Users/oswin/pico/pico-sdk/src/rp2_common/pico_printf/printf.c.o
 .text._ftoa    0x10002d60      0x494 CMakeFiles/pico2w_LoRaComm.dir/Users/oswin/pico/pico-sdk/src/rp2_common/pico_printf/printf.c.o
 *fill*         0x100031f4        0x4 
 .text._etoa    0x100031f8      0x584 CMakeFiles/pico2w_LoRaComm.dir/Users/oswin/pico/pico-sdk/src/rp2_common/pico_printf/printf.c.o
 .text._vsnprintf
                0x1000377c      0x9d8 CMakeFiles/pico2w_LoRaComm.dir/Users/oswin/pico/pico-sdk/src/rp2_common/pico_printf/printf.c.o
 .text.__wrap_snprintf
                0x10004154       0x30 CMakeFiles/pico2w_LoRaComm.dir/Users/oswin/pico/pico-sdk/src/rp2_common/pico_printf/printf.c.o
                0x10004154                __wrap_snprintf
 .text.vfctprintf
                0x10004184       0x24 CMakeFiles/pico2w_LoRaComm.dir/Users/oswin/pico/pico-sdk/src/rp2_common/pico_printf/printf.c.o
                0x10004184                vfctprintf
 .text.weak_raw_vprintf
                0x100041a8       0x30 CMakeFiles/pico2w_LoRaComm.dir/Users/oswin/pico/pico-sdk/src/rp2_common/pico_printf/printf.c.o
                0x100041a8                weak_raw_vprintf
 .text._exit    0x100041d8        0x4 CMakeFiles/pico2w_LoRaComm.dir/Users/oswin/pico/pico-sdk/src/rp2_common/pico_clib_interface/newlib_interface.c.o
                0x100041d8                _exit
 .text._sbrk    0x100041dc       0x2c CMakeFiles/pico2w_LoRaComm.dir/Users/oswin/pico/pico-sdk/src/rp2_common/pico_clib_interface/newlib_interface.c.o
                0x100041dc                _sbrk
 .text.exit     0x10004208        0x8 CMakeFiles/pico2w_LoRaComm.dir/Users/oswin/pico/pico-sdk/src/rp2_common/pico_clib_interface/newlib_interface.c.o
                0x10004208                exit
 .text.runtime_init
                0x10004210       0x24 CMakeFiles/pico2w_LoRaComm.dir/Users/oswin/pico/pico-sdk/src/rp2_common/pico_clib_interface/newlib_interface.c.o
                0x10004210                runtime_init
 .text.stdio_out_chars_no_crlf
                0x10004234        0x8 CMakeFiles/pico2w_LoRaComm.dir/Users/oswin/pico/pico-sdk/src/rp2_common/pico_stdio/stdio.c.o
 .text.stdio_out_chars_crlf
                0x1000423c       0xc0 CMakeFiles/pico2w_LoRaComm.dir/Users/oswin/pico/pico-sdk/src/rp2_common/pico_stdio/stdio.c.o
 .text.stdio_buffered_printer
                0x100042fc       0x5c CMakeFiles/pico2w_LoRaComm.dir/Users/oswin/pico/pico-sdk/src/rp2_common/pico_stdio/stdio.c.o
 .text.stdio_put_string
                0x10004358       0xec CMakeFiles/pico2w_LoRaComm.dir/Users/oswin/pico/pico-sdk/src/rp2_common/pico_stdio/stdio.c.o
                0x10004358                stdio_put_string
 .text.stdio_set_driver_enabled
                0x10004444       0x28 CMakeFiles/pico2w_LoRaComm.dir/Users/oswin/pico/pico-sdk/src/rp2_common/pico_stdio/stdio.c.o
                0x10004444                stdio_set_driver_enabled
 .text.stdio_init_all
                0x1000446c        0x4 CMakeFiles/pico2w_LoRaComm.dir/Users/oswin/pico/pico-sdk/src/rp2_common/pico_stdio/stdio.c.o
                0x1000446c                stdio_init_all
 .text.__wrap_putchar
                0x10004470       0x84 CMakeFiles/pico2w_LoRaComm.dir/Users/oswin/pico/pico-sdk/src/rp2_common/pico_stdio/stdio.c.o
                0x10004470                stdio_putchar
                0x10004470                __wrap_putchar
 .text.__wrap_puts
                0x100044f4       0x3c CMakeFiles/pico2w_LoRaComm.dir/Users/oswin/pico/pico-sdk/src/rp2_common/pico_stdio/stdio.c.o
                0x100044f4                __wrap_puts
                0x100044f4                stdio_puts
 .text.__wrap_vprintf
                0x10004530       0xc0 CMakeFiles/pico2w_LoRaComm.dir/Users/oswin/pico/pico-sdk/src/rp2_common/pico_stdio/stdio.c.o
                0x10004530                __wrap_vprintf
                0x10004530                stdio_vprintf
 .text.__wrap_printf
                0x100045f0       0x1c CMakeFiles/pico2w_LoRaComm.dir/Users/oswin/pico/pico-sdk/src/rp2_common/pico_stdio/stdio.c.o
                0x100045f0                stdio_printf
                0x100045f0                __wrap_printf
 .text.resetd_init
                0x1000460c        0x4 CMakeFiles/pico2w_LoRaComm.dir/Users/oswin/pico/pico-sdk/src/rp2_common/pico_stdio_usb/reset_interface.c.o
 .text.resetd_reset
                0x10004610        0xc CMakeFiles/pico2w_LoRaComm.dir/Users/oswin/pico/pico-sdk/src/rp2_common/pico_stdio_usb/reset_interface.c.o
 .text.resetd_open
                0x1000461c       0x28 CMakeFiles/pico2w_LoRaComm.dir/Users/oswin/pico/pico-sdk/src/rp2_common/pico_stdio_usb/reset_interface.c.o
 .text.resetd_xfer_cb
                0x10004644        0x4 CMakeFiles/pico2w_LoRaComm.dir/Users/oswin/pico/pico-sdk/src/rp2_common/pico_stdio_usb/reset_interface.c.o
 .text.resetd_control_xfer_cb
                0x10004648       0x50 CMakeFiles/pico2w_LoRaComm.dir/Users/oswin/pico/pico-sdk/src/rp2_common/pico_stdio_usb/reset_interface.c.o
 .text.tud_descriptor_bos_cb
                0x10004698        0x8 CMakeFiles/pico2w_LoRaComm.dir/Users/oswin/pico/pico-sdk/src/rp2_common/pico_stdio_usb/reset_interface.c.o
                0x10004698                tud_descriptor_bos_cb
 .text.tud_vendor_control_xfer_cb
                0x100046a0       0x28 CMakeFiles/pico2w_LoRaComm.dir/Users/oswin/pico/pico-sdk/src/rp2_common/pico_stdio_usb/reset_interface.c.o
                0x100046a0                tud_vendor_control_xfer_cb
 .text.usbd_app_driver_get_cb
                0x100046c8       0x10 CMakeFiles/pico2w_LoRaComm.dir/Users/oswin/pico/pico-sdk/src/rp2_common/pico_stdio_usb/reset_interface.c.o
                0x100046c8                usbd_app_driver_get_cb
 .text.tud_cdc_line_coding_cb
                0x100046d8       0x18 CMakeFiles/pico2w_LoRaComm.dir/Users/oswin/pico/pico-sdk/src/rp2_common/pico_stdio_usb/reset_interface.c.o
                0x100046d8                tud_cdc_line_coding_cb
 .text.stdio_usb_set_chars_available_callback
                0x100046f0       0x14 CMakeFiles/pico2w_LoRaComm.dir/Users/oswin/pico/pico-sdk/src/rp2_common/pico_stdio_usb/stdio_usb.c.o
                0x100046f0                stdio_usb_set_chars_available_callback
 .text.timer_task
                0x10004704       0x70 CMakeFiles/pico2w_LoRaComm.dir/Users/oswin/pico/pico-sdk/src/rp2_common/pico_stdio_usb/stdio_usb.c.o
 .text.usb_irq  0x10004774        0xc CMakeFiles/pico2w_LoRaComm.dir/Users/oswin/pico/pico-sdk/src/rp2_common/pico_stdio_usb/stdio_usb.c.o
 .text.stdio_usb_in_chars
                0x10004780       0x88 CMakeFiles/pico2w_LoRaComm.dir/Users/oswin/pico/pico-sdk/src/rp2_common/pico_stdio_usb/stdio_usb.c.o
                0x10004780                stdio_usb_in_chars
 .text.stdio_usb_out_flush
                0x10004808       0x54 CMakeFiles/pico2w_LoRaComm.dir/Users/oswin/pico/pico-sdk/src/rp2_common/pico_stdio_usb/stdio_usb.c.o
 .text.stdio_usb_out_chars
                0x1000485c       0xf0 CMakeFiles/pico2w_LoRaComm.dir/Users/oswin/pico/pico-sdk/src/rp2_common/pico_stdio_usb/stdio_usb.c.o
 .text.low_priority_worker_irq
                0x1000494c       0xe8 CMakeFiles/pico2w_LoRaComm.dir/Users/oswin/pico/pico-sdk/src/rp2_common/pico_stdio_usb/stdio_usb.c.o
 .text.stdio_usb_init
                0x10004a34       0xf0 CMakeFiles/pico2w_LoRaComm.dir/Users/oswin/pico/pico-sdk/src/rp2_common/pico_stdio_usb/stdio_usb.c.o
                0x10004a34                stdio_usb_init
 .text.tud_descriptor_device_cb
                0x10004b24        0x8 CMakeFiles/pico2w_LoRaComm.dir/Users/oswin/pico/pico-sdk/src/rp2_common/pico_stdio_usb/stdio_usb_descriptors.c.o
                0x10004b24                tud_descriptor_device_cb
 .text.tud_descriptor_configuration_cb
                0x10004b2c        0x8 CMakeFiles/pico2w_LoRaComm.dir/Users/oswin/pico/pico-sdk/src/rp2_common/pico_stdio_usb/stdio_usb_descriptors.c.o
                0x10004b2c                tud_descriptor_configuration_cb
 .text.tud_descriptor_string_cb
                0x10004b34       0x80 CMakeFiles/pico2w_LoRaComm.dir/Users/oswin/pico/pico-sdk/src/rp2_common/pico_stdio_usb/stdio_usb_descriptors.c.o
                0x10004b34                tud_descriptor_string_cb
 .text.startup._retrieve_unique_id_on_boot
                0x10004bb4       0x2c CMakeFiles/pico2w_LoRaComm.dir/Users/oswin/pico/pico-sdk/src/rp2_common/pico_unique_id/unique_id.c.o
 .text.pico_get_unique_board_id
                0x10004be0       0x10 CMakeFiles/pico2w_LoRaComm.dir/Users/oswin/pico/pico-sdk/src/rp2_common/pico_unique_id/unique_id.c.o
                0x10004be0                pico_get_unique_board_id
 .text.pico_get_unique_board_id_string
                0x10004bf0      0x190 CMakeFiles/pico2w_LoRaComm.dir/Users/oswin/pico/pico-sdk/src/rp2_common/pico_unique_id/unique_id.c.o
                0x10004bf0                pico_get_unique_board_id_string
 .text.dcd_init
                0x10004d80       0x9c CMakeFiles/pico2w_LoRaComm.dir/Users/oswin/pico/pico-sdk/lib/tinyusb/src/portable/raspberrypi/rp2040/dcd_rp2040.c.o
                0x10004d80                dcd_init
 .text.dcd_int_enable
                0x10004e1c        0x8 CMakeFiles/pico2w_LoRaComm.dir/Users/oswin/pico/pico-sdk/lib/tinyusb/src/portable/raspberrypi/rp2040/dcd_rp2040.c.o
                0x10004e1c                dcd_int_enable
 .text.dcd_set_address
                0x10004e24       0x10 CMakeFiles/pico2w_LoRaComm.dir/Users/oswin/pico/pico-sdk/lib/tinyusb/src/portable/raspberrypi/rp2040/dcd_rp2040.c.o
                0x10004e24                dcd_set_address
 .text.dcd_sof_enable
                0x10004e34       0x1c CMakeFiles/pico2w_LoRaComm.dir/Users/oswin/pico/pico-sdk/lib/tinyusb/src/portable/raspberrypi/rp2040/dcd_rp2040.c.o
                0x10004e34                dcd_sof_enable
 .text.dcd_edpt0_status_complete
                0x10004e50       0x1c CMakeFiles/pico2w_LoRaComm.dir/Users/oswin/pico/pico-sdk/lib/tinyusb/src/portable/raspberrypi/rp2040/dcd_rp2040.c.o
                0x10004e50                dcd_edpt0_status_complete
 .text.dcd_edpt_open
                0x10004e6c      0x10c CMakeFiles/pico2w_LoRaComm.dir/Users/oswin/pico/pico-sdk/lib/tinyusb/src/portable/raspberrypi/rp2040/dcd_rp2040.c.o
                0x10004e6c                dcd_edpt_open
 .text.dcd_edpt_close_all
                0x10004f78        0x4 CMakeFiles/pico2w_LoRaComm.dir/Users/oswin/pico/pico-sdk/lib/tinyusb/src/portable/raspberrypi/rp2040/dcd_rp2040.c.o
                0x10004f78                dcd_edpt_close_all
 .text.dcd_edpt_xfer
                0x10004f7c       0x28 CMakeFiles/pico2w_LoRaComm.dir/Users/oswin/pico/pico-sdk/lib/tinyusb/src/portable/raspberrypi/rp2040/dcd_rp2040.c.o
                0x10004f7c                dcd_edpt_xfer
 .text.dcd_edpt_stall
                0x10004fa4       0x30 CMakeFiles/pico2w_LoRaComm.dir/Users/oswin/pico/pico-sdk/lib/tinyusb/src/portable/raspberrypi/rp2040/dcd_rp2040.c.o
                0x10004fa4                dcd_edpt_stall
 .text.dcd_edpt_clear_stall
                0x10004fd4       0x24 CMakeFiles/pico2w_LoRaComm.dir/Users/oswin/pico/pico-sdk/lib/tinyusb/src/portable/raspberrypi/rp2040/dcd_rp2040.c.o
                0x10004fd4                dcd_edpt_clear_stall
 .text.rp2040_usb_init
                0x10004ff8       0x40 CMakeFiles/pico2w_LoRaComm.dir/Users/oswin/pico/pico-sdk/lib/tinyusb/src/portable/raspberrypi/rp2040/rp2040_usb.c.o
                0x10004ff8                rp2040_usb_init
 .text.hw_endpoint_xfer_start
                0x10005038       0x40 CMakeFiles/pico2w_LoRaComm.dir/Users/oswin/pico/pico-sdk/lib/tinyusb/src/portable/raspberrypi/rp2040/rp2040_usb.c.o
                0x10005038                hw_endpoint_xfer_start
 .text.configuration_reset
                0x10005078       0x8c CMakeFiles/pico2w_LoRaComm.dir/Users/oswin/pico/pico-sdk/lib/tinyusb/src/device/usbd.c.o
 .text.tud_event_hook_cb
                0x10005104        0x4 CMakeFiles/pico2w_LoRaComm.dir/Users/oswin/pico/pico-sdk/lib/tinyusb/src/device/usbd.c.o
                0x10005104                tud_event_hook_cb
 .text.tud_sof_cb
                0x10005108        0x4 CMakeFiles/pico2w_LoRaComm.dir/Users/oswin/pico/pico-sdk/lib/tinyusb/src/device/usbd.c.o
                0x10005108                tud_sof_cb
 .text.tud_descriptor_device_qualifier_cb
                0x1000510c        0x4 CMakeFiles/pico2w_LoRaComm.dir/Users/oswin/pico/pico-sdk/lib/tinyusb/src/device/usbd.c.o
                0x1000510c                tud_descriptor_device_qualifier_cb
 .text.tud_descriptor_other_speed_configuration_cb
                0x10005110        0x4 CMakeFiles/pico2w_LoRaComm.dir/Users/oswin/pico/pico-sdk/lib/tinyusb/src/device/usbd.c.o
                0x10005110                tud_descriptor_other_speed_configuration_cb
 .text.tud_mount_cb
                0x10005114        0x4 CMakeFiles/pico2w_LoRaComm.dir/Users/oswin/pico/pico-sdk/lib/tinyusb/src/device/usbd.c.o
                0x10005114                tud_mount_cb
 .text.tud_umount_cb
                0x10005118        0x4 CMakeFiles/pico2w_LoRaComm.dir/Users/oswin/pico/pico-sdk/lib/tinyusb/src/device/usbd.c.o
                0x10005118                tud_umount_cb
 .text.tud_suspend_cb
                0x1000511c        0x4 CMakeFiles/pico2w_LoRaComm.dir/Users/oswin/pico/pico-sdk/lib/tinyusb/src/device/usbd.c.o
                0x1000511c                tud_suspend_cb
 .text.tud_resume_cb
                0x10005120        0x4 CMakeFiles/pico2w_LoRaComm.dir/Users/oswin/pico/pico-sdk/lib/tinyusb/src/device/usbd.c.o
                0x10005120                tud_resume_cb
 .text.tud_mounted
                0x10005124       0x10 CMakeFiles/pico2w_LoRaComm.dir/Users/oswin/pico/pico-sdk/lib/tinyusb/src/device/usbd.c.o
                0x10005124                tud_mounted
 .text.tud_suspended
                0x10005134       0x10 CMakeFiles/pico2w_LoRaComm.dir/Users/oswin/pico/pico-sdk/lib/tinyusb/src/device/usbd.c.o
                0x10005134                tud_suspended
 .text.tud_rhport_init
                0x10005144       0xf0 CMakeFiles/pico2w_LoRaComm.dir/Users/oswin/pico/pico-sdk/lib/tinyusb/src/device/usbd.c.o
                0x10005144                tud_rhport_init
 .text.tud_task_ext
                0x10005234      0x7cc CMakeFiles/pico2w_LoRaComm.dir/Users/oswin/pico/pico-sdk/lib/tinyusb/src/device/usbd.c.o
                0x10005234                tud_task_ext
 .text.usbd_open_edpt_pair
                0x10005a00       0xa0 CMakeFiles/pico2w_LoRaComm.dir/Users/oswin/pico/pico-sdk/lib/tinyusb/src/device/usbd.c.o
                0x10005a00                usbd_open_edpt_pair
 .text.usbd_edpt_open
                0x10005aa0       0x5c CMakeFiles/pico2w_LoRaComm.dir/Users/oswin/pico/pico-sdk/lib/tinyusb/src/device/usbd.c.o
                0x10005aa0                usbd_edpt_open
 .text.usbd_edpt_claim
                0x10005afc       0x24 CMakeFiles/pico2w_LoRaComm.dir/Users/oswin/pico/pico-sdk/lib/tinyusb/src/device/usbd.c.o
                0x10005afc                usbd_edpt_claim
 .text.usbd_edpt_release
                0x10005b20       0x24 CMakeFiles/pico2w_LoRaComm.dir/Users/oswin/pico/pico-sdk/lib/tinyusb/src/device/usbd.c.o
                0x10005b20                usbd_edpt_release
 .text.usbd_edpt_xfer
                0x10005b44       0x70 CMakeFiles/pico2w_LoRaComm.dir/Users/oswin/pico/pico-sdk/lib/tinyusb/src/device/usbd.c.o
                0x10005b44                usbd_edpt_xfer
 .text.tud_control_status
                0x10005bb4       0x38 CMakeFiles/pico2w_LoRaComm.dir/Users/oswin/pico/pico-sdk/lib/tinyusb/src/device/usbd_control.c.o
                0x10005bb4                tud_control_status
 .text.tud_control_xfer
                0x10005bec       0xb4 CMakeFiles/pico2w_LoRaComm.dir/Users/oswin/pico/pico-sdk/lib/tinyusb/src/device/usbd_control.c.o
                0x10005bec                tud_control_xfer
 .text.usbd_control_reset
                0x10005ca0       0x14 CMakeFiles/pico2w_LoRaComm.dir/Users/oswin/pico/pico-sdk/lib/tinyusb/src/device/usbd_control.c.o
                0x10005ca0                usbd_control_reset
 .text.usbd_control_set_complete_callback
                0x10005cb4        0xc CMakeFiles/pico2w_LoRaComm.dir/Users/oswin/pico/pico-sdk/lib/tinyusb/src/device/usbd_control.c.o
                0x10005cb4                usbd_control_set_complete_callback
 .text.usbd_control_set_request
                0x10005cc0       0x1c CMakeFiles/pico2w_LoRaComm.dir/Users/oswin/pico/pico-sdk/lib/tinyusb/src/device/usbd_control.c.o
                0x10005cc0                usbd_control_set_request
 .text.usbd_control_xfer_cb
                0x10005cdc      0x104 CMakeFiles/pico2w_LoRaComm.dir/Users/oswin/pico/pico-sdk/lib/tinyusb/src/device/usbd_control.c.o
                0x10005cdc                usbd_control_xfer_cb
 .text._prep_out_transaction.isra.0
                0x10005de0       0x80 CMakeFiles/pico2w_LoRaComm.dir/Users/oswin/pico/pico-sdk/lib/tinyusb/src/class/cdc/cdc_device.c.o
 .text.tud_cdc_n_connected
                0x10005e60       0x2c CMakeFiles/pico2w_LoRaComm.dir/Users/oswin/pico/pico-sdk/lib/tinyusb/src/class/cdc/cdc_device.c.o
                0x10005e60                tud_cdc_n_connected
 .text.tud_cdc_n_available
                0x10005e8c       0x14 CMakeFiles/pico2w_LoRaComm.dir/Users/oswin/pico/pico-sdk/lib/tinyusb/src/class/cdc/cdc_device.c.o
                0x10005e8c                tud_cdc_n_available
 .text.tud_cdc_n_read
                0x10005ea0       0x8c CMakeFiles/pico2w_LoRaComm.dir/Users/oswin/pico/pico-sdk/lib/tinyusb/src/class/cdc/cdc_device.c.o
                0x10005ea0                tud_cdc_n_read
 .text.tud_cdc_n_write_flush
                0x10005f2c       0x94 CMakeFiles/pico2w_LoRaComm.dir/Users/oswin/pico/pico-sdk/lib/tinyusb/src/class/cdc/cdc_device.c.o
                0x10005f2c                tud_cdc_n_write_flush
 .text.tud_cdc_n_write
                0x10005fc0       0x3c CMakeFiles/pico2w_LoRaComm.dir/Users/oswin/pico/pico-sdk/lib/tinyusb/src/class/cdc/cdc_device.c.o
                0x10005fc0                tud_cdc_n_write
 .text.tud_cdc_n_write_available
                0x10005ffc       0x14 CMakeFiles/pico2w_LoRaComm.dir/Users/oswin/pico/pico-sdk/lib/tinyusb/src/class/cdc/cdc_device.c.o
                0x10005ffc                tud_cdc_n_write_available
 .text.cdcd_init
                0x10006010       0x74 CMakeFiles/pico2w_LoRaComm.dir/Users/oswin/pico/pico-sdk/lib/tinyusb/src/class/cdc/cdc_device.c.o
                0x10006010                cdcd_init
 .text.cdcd_deinit
                0x10006084       0x30 CMakeFiles/pico2w_LoRaComm.dir/Users/oswin/pico/pico-sdk/lib/tinyusb/src/class/cdc/cdc_device.c.o
                0x10006084                cdcd_deinit
 .text.cdcd_reset
                0x100060b4       0x50 CMakeFiles/pico2w_LoRaComm.dir/Users/oswin/pico/pico-sdk/lib/tinyusb/src/class/cdc/cdc_device.c.o
                0x100060b4                cdcd_reset
 .text.cdcd_open
                0x10006104       0xd0 CMakeFiles/pico2w_LoRaComm.dir/Users/oswin/pico/pico-sdk/lib/tinyusb/src/class/cdc/cdc_device.c.o
                0x10006104                cdcd_open
 .text.cdcd_control_xfer_cb
                0x100061d4       0xd0 CMakeFiles/pico2w_LoRaComm.dir/Users/oswin/pico/pico-sdk/lib/tinyusb/src/class/cdc/cdc_device.c.o
                0x100061d4                cdcd_control_xfer_cb
 .text.cdcd_xfer_cb
                0x100062a4       0xf8 CMakeFiles/pico2w_LoRaComm.dir/Users/oswin/pico/pico-sdk/lib/tinyusb/src/class/cdc/cdc_device.c.o
                0x100062a4                cdcd_xfer_cb
 .text.vendord_init
                0x1000639c       0x5c CMakeFiles/pico2w_LoRaComm.dir/Users/oswin/pico/pico-sdk/lib/tinyusb/src/class/vendor/vendor_device.c.o
                0x1000639c                vendord_init
 .text.vendord_deinit
                0x100063f8       0x1c CMakeFiles/pico2w_LoRaComm.dir/Users/oswin/pico/pico-sdk/lib/tinyusb/src/class/vendor/vendor_device.c.o
                0x100063f8                vendord_deinit
 .text.vendord_reset
                0x10006414       0x24 CMakeFiles/pico2w_LoRaComm.dir/Users/oswin/pico/pico-sdk/lib/tinyusb/src/class/vendor/vendor_device.c.o
                0x10006414                vendord_reset
 .text.vendord_open
                0x10006438       0xf4 CMakeFiles/pico2w_LoRaComm.dir/Users/oswin/pico/pico-sdk/lib/tinyusb/src/class/vendor/vendor_device.c.o
                0x10006438                vendord_open
 .text.vendord_xfer_cb
                0x1000652c       0x98 CMakeFiles/pico2w_LoRaComm.dir/Users/oswin/pico/pico-sdk/lib/tinyusb/src/class/vendor/vendor_device.c.o
                0x1000652c                vendord_xfer_cb
 .text.tusb_rhport_init
                0x100065c4       0x6c CMakeFiles/pico2w_LoRaComm.dir/Users/oswin/pico/pico-sdk/lib/tinyusb/src/tusb.c.o
                0x100065c4                tusb_rhport_init
 .text.tu_edpt_claim
                0x10006630       0x60 CMakeFiles/pico2w_LoRaComm.dir/Users/oswin/pico/pico-sdk/lib/tinyusb/src/tusb.c.o
                0x10006630                tu_edpt_claim
 .text.tu_edpt_release
                0x10006690       0x38 CMakeFiles/pico2w_LoRaComm.dir/Users/oswin/pico/pico-sdk/lib/tinyusb/src/tusb.c.o
                0x10006690                tu_edpt_release
 .text.tu_edpt_validate
                0x100066c8       0x60 CMakeFiles/pico2w_LoRaComm.dir/Users/oswin/pico/pico-sdk/lib/tinyusb/src/tusb.c.o
                0x100066c8                tu_edpt_validate
 .text.tu_edpt_bind_driver
                0x10006728       0x54 CMakeFiles/pico2w_LoRaComm.dir/Users/oswin/pico/pico-sdk/lib/tinyusb/src/tusb.c.o
                0x10006728                tu_edpt_bind_driver
 .text.tu_edpt_stream_init
                0x1000677c       0x58 CMakeFiles/pico2w_LoRaComm.dir/Users/oswin/pico/pico-sdk/lib/tinyusb/src/tusb.c.o
                0x1000677c                tu_edpt_stream_init
 .text.tu_edpt_stream_deinit
                0x100067d4        0x4 CMakeFiles/pico2w_LoRaComm.dir/Users/oswin/pico/pico-sdk/lib/tinyusb/src/tusb.c.o
                0x100067d4                tu_edpt_stream_deinit
 .text.tu_edpt_stream_write_zlp_if_needed
                0x100067d8       0x6c CMakeFiles/pico2w_LoRaComm.dir/Users/oswin/pico/pico-sdk/lib/tinyusb/src/tusb.c.o
                0x100067d8                tu_edpt_stream_write_zlp_if_needed
 .text.tu_edpt_stream_write_xfer
                0x10006844       0x74 CMakeFiles/pico2w_LoRaComm.dir/Users/oswin/pico/pico-sdk/lib/tinyusb/src/tusb.c.o
                0x10006844                tu_edpt_stream_write_xfer
 .text.tu_edpt_stream_read_xfer
                0x100068b8       0xd0 CMakeFiles/pico2w_LoRaComm.dir/Users/oswin/pico/pico-sdk/lib/tinyusb/src/tusb.c.o
                0x100068b8                tu_edpt_stream_read_xfer
 .text.tu_fifo_config
                0x10006988       0x60 CMakeFiles/pico2w_LoRaComm.dir/Users/oswin/pico/pico-sdk/lib/tinyusb/src/common/tusb_fifo.c.o
                0x10006988                tu_fifo_config
 .text.tu_fifo_count
                0x100069e8       0x20 CMakeFiles/pico2w_LoRaComm.dir/Users/oswin/pico/pico-sdk/lib/tinyusb/src/common/tusb_fifo.c.o
                0x100069e8                tu_fifo_count
 .text.tu_fifo_empty
                0x10006a08       0x14 CMakeFiles/pico2w_LoRaComm.dir/Users/oswin/pico/pico-sdk/lib/tinyusb/src/common/tusb_fifo.c.o
                0x10006a08                tu_fifo_empty
 .text.tu_fifo_remaining
                0x10006a1c       0x24 CMakeFiles/pico2w_LoRaComm.dir/Users/oswin/pico/pico-sdk/lib/tinyusb/src/common/tusb_fifo.c.o
                0x10006a1c                tu_fifo_remaining
 .text.tu_fifo_read
                0x10006a40       0x9c CMakeFiles/pico2w_LoRaComm.dir/Users/oswin/pico/pico-sdk/lib/tinyusb/src/common/tusb_fifo.c.o
                0x10006a40                tu_fifo_read
 .text.tu_fifo_read_n
                0x10006adc       0xe0 CMakeFiles/pico2w_LoRaComm.dir/Users/oswin/pico/pico-sdk/lib/tinyusb/src/common/tusb_fifo.c.o
                0x10006adc                tu_fifo_read_n
 .text.tu_fifo_write
                0x10006bbc       0xa8 CMakeFiles/pico2w_LoRaComm.dir/Users/oswin/pico/pico-sdk/lib/tinyusb/src/common/tusb_fifo.c.o
                0x10006bbc                tu_fifo_write
 .text.tu_fifo_write_n
                0x10006c64      0x150 CMakeFiles/pico2w_LoRaComm.dir/Users/oswin/pico/pico-sdk/lib/tinyusb/src/common/tusb_fifo.c.o
                0x10006c64                tu_fifo_write_n
 .text.tu_fifo_clear
                0x10006db4       0x38 CMakeFiles/pico2w_LoRaComm.dir/Users/oswin/pico/pico-sdk/lib/tinyusb/src/common/tusb_fifo.c.o
                0x10006db4                tu_fifo_clear
 .text.tu_fifo_set_overwritable
                0x10006dec       0x3c CMakeFiles/pico2w_LoRaComm.dir/Users/oswin/pico/pico-sdk/lib/tinyusb/src/common/tusb_fifo.c.o
                0x10006dec                tu_fifo_set_overwritable
 .text.i2c_write_blocking_internal.constprop.0
                0x10006e28       0xa0 CMakeFiles/pico2w_LoRaComm.dir/Users/oswin/pico/pico-sdk/src/rp2_common/hardware_i2c/i2c.c.o
 .text.i2c_set_baudrate
                0x10006ec8       0xa0 CMakeFiles/pico2w_LoRaComm.dir/Users/oswin/pico/pico-sdk/src/rp2_common/hardware_i2c/i2c.c.o
                0x10006ec8                i2c_set_baudrate
 .text.i2c_init
                0x10006f68       0x58 CMakeFiles/pico2w_LoRaComm.dir/Users/oswin/pico/pico-sdk/src/rp2_common/hardware_i2c/i2c.c.o
                0x10006f68                i2c_init
 .text.i2c_write_blocking
                0x10006fc0        0xc CMakeFiles/pico2w_LoRaComm.dir/Users/oswin/pico/pico-sdk/src/rp2_common/hardware_i2c/i2c.c.o
                0x10006fc0                i2c_write_blocking
 .text.cyw43_arch_set_async_context
                0x10006fcc        0xc CMakeFiles/pico2w_LoRaComm.dir/Users/oswin/pico/pico-sdk/src/rp2_common/pico_cyw43_arch/cyw43_arch.c.o
                0x10006fcc                cyw43_arch_set_async_context
 .text.cyw43_arch_gpio_put
                0x10006fd8       0x10 CMakeFiles/pico2w_LoRaComm.dir/Users/oswin/pico/pico-sdk/src/rp2_common/pico_cyw43_arch/cyw43_arch.c.o
                0x10006fd8                cyw43_arch_gpio_put
 .text.cyw43_arch_async_context
                0x10006fe8        0xc CMakeFiles/pico2w_LoRaComm.dir/Users/oswin/pico/pico-sdk/src/rp2_common/pico_cyw43_arch/cyw43_arch.c.o
                0x10006fe8                cyw43_arch_async_context
 .text.cyw43_arch_init
                0x10006ff4       0x60 CMakeFiles/pico2w_LoRaComm.dir/Users/oswin/pico/pico-sdk/src/rp2_common/pico_cyw43_arch/cyw43_arch_threadsafe_background.c.o
                0x10006ff4                cyw43_arch_init
 .text.ns_delay.constprop.0
                0x10007054       0x24 CMakeFiles/pico2w_LoRaComm.dir/Users/oswin/pico/pico-sdk/src/rp2_common/pico_cyw43_driver/cyw43_bus_pio_spi.c.o
 .text.cyw43_spi_deinit
                0x10007078       0x6c CMakeFiles/pico2w_LoRaComm.dir/Users/oswin/pico/pico-sdk/src/rp2_common/pico_cyw43_driver/cyw43_bus_pio_spi.c.o
                0x10007078                cyw43_spi_deinit
 .text.cyw43_spi_init
                0x100070e4      0x12c CMakeFiles/pico2w_LoRaComm.dir/Users/oswin/pico/pico-sdk/src/rp2_common/pico_cyw43_driver/cyw43_bus_pio_spi.c.o
                0x100070e4                cyw43_spi_init
 .text.cyw43_spi_transfer
                0x10007210      0x398 CMakeFiles/pico2w_LoRaComm.dir/Users/oswin/pico/pico-sdk/src/rp2_common/pico_cyw43_driver/cyw43_bus_pio_spi.c.o
                0x10007210                cyw43_spi_transfer
 .text.cyw43_spi_gpio_setup
                0x100075a8       0x48 CMakeFiles/pico2w_LoRaComm.dir/Users/oswin/pico/pico-sdk/src/rp2_common/pico_cyw43_driver/cyw43_bus_pio_spi.c.o
                0x100075a8                cyw43_spi_gpio_setup
 .text.cyw43_spi_reset
                0x100075f0       0x30 CMakeFiles/pico2w_LoRaComm.dir/Users/oswin/pico/pico-sdk/src/rp2_common/pico_cyw43_driver/cyw43_bus_pio_spi.c.o
                0x100075f0                cyw43_spi_reset
 .text.read_reg_u32_swap
                0x10007620       0x48 CMakeFiles/pico2w_LoRaComm.dir/Users/oswin/pico/pico-sdk/src/rp2_common/pico_cyw43_driver/cyw43_bus_pio_spi.c.o
                0x10007620                read_reg_u32_swap
 .text.cyw43_read_reg_u32
                0x10007668       0x60 CMakeFiles/pico2w_LoRaComm.dir/Users/oswin/pico/pico-sdk/src/rp2_common/pico_cyw43_driver/cyw43_bus_pio_spi.c.o
                0x10007668                cyw43_read_reg_u32
 .text.cyw43_read_reg_u16
                0x100076c8       0x60 CMakeFiles/pico2w_LoRaComm.dir/Users/oswin/pico/pico-sdk/src/rp2_common/pico_cyw43_driver/cyw43_bus_pio_spi.c.o
                0x100076c8                cyw43_read_reg_u16
 .text.cyw43_read_reg_u8
                0x10007728       0x60 CMakeFiles/pico2w_LoRaComm.dir/Users/oswin/pico/pico-sdk/src/rp2_common/pico_cyw43_driver/cyw43_bus_pio_spi.c.o
                0x10007728                cyw43_read_reg_u8
 .text.write_reg_u32_swap
                0x10007788      0x1cc CMakeFiles/pico2w_LoRaComm.dir/Users/oswin/pico/pico-sdk/src/rp2_common/pico_cyw43_driver/cyw43_bus_pio_spi.c.o
                0x10007788                write_reg_u32_swap
 .text.cyw43_write_reg_u32
                0x10007954      0x1c8 CMakeFiles/pico2w_LoRaComm.dir/Users/oswin/pico/pico-sdk/src/rp2_common/pico_cyw43_driver/cyw43_bus_pio_spi.c.o
                0x10007954                cyw43_write_reg_u32
 .text.cyw43_write_reg_u16
                0x10007b1c      0x1c8 CMakeFiles/pico2w_LoRaComm.dir/Users/oswin/pico/pico-sdk/src/rp2_common/pico_cyw43_driver/cyw43_bus_pio_spi.c.o
                0x10007b1c                cyw43_write_reg_u16
 .text.cyw43_write_reg_u8
                0x10007ce4      0x1c8 CMakeFiles/pico2w_LoRaComm.dir/Users/oswin/pico/pico-sdk/src/rp2_common/pico_cyw43_driver/cyw43_bus_pio_spi.c.o
                0x10007ce4                cyw43_write_reg_u8
 .text.cyw43_read_bytes
                0x10007eac       0x8c CMakeFiles/pico2w_LoRaComm.dir/Users/oswin/pico/pico-sdk/src/rp2_common/pico_cyw43_driver/cyw43_bus_pio_spi.c.o
                0x10007eac                cyw43_read_bytes
 .text.cyw43_write_bytes
                0x10007f38       0xc0 CMakeFiles/pico2w_LoRaComm.dir/Users/oswin/pico/pico-sdk/src/rp2_common/pico_cyw43_driver/cyw43_bus_pio_spi.c.o
                0x10007f38                cyw43_write_bytes
 .text.cyw43_set_backplane_window
                0x10007ff8       0x70 CMakeFiles/pico2w_LoRaComm.dir/Users/oswin/pico/pico-sdk/lib/cyw43-driver/src/cyw43_ll.c.o
 .text.cyw43_ll_parse_async_event
                0x10008068      0x11c CMakeFiles/pico2w_LoRaComm.dir/Users/oswin/pico/pico-sdk/lib/cyw43-driver/src/cyw43_ll.c.o
 .text.cyw43_kso_set
                0x10008184       0x78 CMakeFiles/pico2w_LoRaComm.dir/Users/oswin/pico/pico-sdk/lib/cyw43-driver/src/cyw43_ll.c.o
 .text.cyw43_ll_sdpcm_poll_device
                0x100081fc      0x22c CMakeFiles/pico2w_LoRaComm.dir/Users/oswin/pico/pico-sdk/lib/cyw43-driver/src/cyw43_ll.c.o
 .text.cyw43_sdpcm_send_common
                0x10008428       0xe8 CMakeFiles/pico2w_LoRaComm.dir/Users/oswin/pico/pico-sdk/lib/cyw43-driver/src/cyw43_ll.c.o
 .text.cyw43_do_ioctl.part.0
                0x10008510       0xbc CMakeFiles/pico2w_LoRaComm.dir/Users/oswin/pico/pico-sdk/lib/cyw43-driver/src/cyw43_ll.c.o
 .text.cyw43_write_iovar_u32.constprop.0
                0x100085cc       0x78 CMakeFiles/pico2w_LoRaComm.dir/Users/oswin/pico/pico-sdk/lib/cyw43-driver/src/cyw43_ll.c.o
 .text.cyw43_write_iovar_n
                0x10008644       0x80 CMakeFiles/pico2w_LoRaComm.dir/Users/oswin/pico/pico-sdk/lib/cyw43-driver/src/cyw43_ll.c.o
 .text.cyw43_read_backplane.constprop.0
                0x100086c4       0xe4 CMakeFiles/pico2w_LoRaComm.dir/Users/oswin/pico/pico-sdk/lib/cyw43-driver/src/cyw43_ll.c.o
 .text.cyw43_write_backplane
                0x100087a8       0xf0 CMakeFiles/pico2w_LoRaComm.dir/Users/oswin/pico/pico-sdk/lib/cyw43-driver/src/cyw43_ll.c.o
 .text.reset_device_core.constprop.0
                0x10008898      0x3ac CMakeFiles/pico2w_LoRaComm.dir/Users/oswin/pico/pico-sdk/lib/cyw43-driver/src/cyw43_ll.c.o
 .text.cyw43_ll_init
                0x10008c44       0x18 CMakeFiles/pico2w_LoRaComm.dir/Users/oswin/pico/pico-sdk/lib/cyw43-driver/src/cyw43_ll.c.o
                0x10008c44                cyw43_ll_init
 .text.cyw43_ll_deinit
                0x10008c5c        0x4 CMakeFiles/pico2w_LoRaComm.dir/Users/oswin/pico/pico-sdk/lib/cyw43-driver/src/cyw43_ll.c.o
                0x10008c5c                cyw43_ll_deinit
 .text.cyw43_ll_process_packets
                0x10008c60       0x44 CMakeFiles/pico2w_LoRaComm.dir/Users/oswin/pico/pico-sdk/lib/cyw43-driver/src/cyw43_ll.c.o
                0x10008c60                cyw43_ll_process_packets
 .text.cyw43_ll_ioctl
                0x10008ca4       0x74 CMakeFiles/pico2w_LoRaComm.dir/Users/oswin/pico/pico-sdk/lib/cyw43-driver/src/cyw43_ll.c.o
                0x10008ca4                cyw43_ll_ioctl
 .text.cyw43_ll_bus_sleep
                0x10008d18       0x2c CMakeFiles/pico2w_LoRaComm.dir/Users/oswin/pico/pico-sdk/lib/cyw43-driver/src/cyw43_ll.c.o
                0x10008d18                cyw43_ll_bus_sleep
 .text.cyw43_ll_wifi_get_mac
                0x10008d44       0x84 CMakeFiles/pico2w_LoRaComm.dir/Users/oswin/pico/pico-sdk/lib/cyw43-driver/src/cyw43_ll.c.o
                0x10008d44                cyw43_ll_wifi_get_mac
 .text.cyw43_ll_bus_init
                0x10008dc8      0x824 CMakeFiles/pico2w_LoRaComm.dir/Users/oswin/pico/pico-sdk/lib/cyw43-driver/src/cyw43_ll.c.o
                0x10008dc8                cyw43_ll_bus_init
 .text.cyw43_ll_wifi_set_wpa_auth
                0x100095ec       0x48 CMakeFiles/pico2w_LoRaComm.dir/Users/oswin/pico/pico-sdk/lib/cyw43-driver/src/cyw43_ll.c.o
                0x100095ec                cyw43_ll_wifi_set_wpa_auth
 .text.cyw43_ll_wifi_rejoin
                0x10009634       0x74 CMakeFiles/pico2w_LoRaComm.dir/Users/oswin/pico/pico-sdk/lib/cyw43-driver/src/cyw43_ll.c.o
                0x10009634                cyw43_ll_wifi_rejoin
 .text.cyw43_ll_gpio_set
                0x100096a8       0x94 CMakeFiles/pico2w_LoRaComm.dir/Users/oswin/pico/pico-sdk/lib/cyw43-driver/src/cyw43_ll.c.o
                0x100096a8                cyw43_ll_gpio_set
 .text.cyw43_ll_has_work
                0x1000973c       0x14 CMakeFiles/pico2w_LoRaComm.dir/Users/oswin/pico/pico-sdk/lib/cyw43-driver/src/cyw43_ll.c.o
                0x1000973c                cyw43_ll_has_work
 .text.cyw43_poll_func
                0x10009750       0xb8 CMakeFiles/pico2w_LoRaComm.dir/Users/oswin/pico/pico-sdk/lib/cyw43-driver/src/cyw43_ctrl.c.o
 .text.cyw43_init
                0x10009808       0x58 CMakeFiles/pico2w_LoRaComm.dir/Users/oswin/pico/pico-sdk/lib/cyw43-driver/src/cyw43_ctrl.c.o
                0x10009808                cyw43_init
 .text.cyw43_deinit
                0x10009860       0x7c CMakeFiles/pico2w_LoRaComm.dir/Users/oswin/pico/pico-sdk/lib/cyw43-driver/src/cyw43_ctrl.c.o
                0x10009860                cyw43_deinit
 .text.cyw43_cb_read_host_interrupt_pin
                0x100098dc        0xc CMakeFiles/pico2w_LoRaComm.dir/Users/oswin/pico/pico-sdk/lib/cyw43-driver/src/cyw43_ctrl.c.o
                0x100098dc                cyw43_cb_read_host_interrupt_pin
 .text.cyw43_cb_ensure_awake
                0x100098e8        0xc CMakeFiles/pico2w_LoRaComm.dir/Users/oswin/pico/pico-sdk/lib/cyw43-driver/src/cyw43_ctrl.c.o
                0x100098e8                cyw43_cb_ensure_awake
 .text.cyw43_cb_process_async_event
                0x100098f4      0x23c CMakeFiles/pico2w_LoRaComm.dir/Users/oswin/pico/pico-sdk/lib/cyw43-driver/src/cyw43_ctrl.c.o
                0x100098f4                cyw43_cb_process_async_event
 .text.cyw43_gpio_set
                0x10009b30       0x9c CMakeFiles/pico2w_LoRaComm.dir/Users/oswin/pico/pico-sdk/lib/cyw43-driver/src/cyw43_ctrl.c.o
                0x10009b30                cyw43_gpio_set
 .text.pio_sm_set_pindirs_with_mask64
                0x10009bcc       0x74 CMakeFiles/pico2w_LoRaComm.dir/Users/oswin/pico/pico-sdk/src/rp2_common/hardware_pio/pio.c.o
                0x10009bcc                pio_sm_set_pindirs_with_mask64
 .text.pio_sm_set_consecutive_pindirs
                0x10009c40       0x8c CMakeFiles/pico2w_LoRaComm.dir/Users/oswin/pico/pico-sdk/src/rp2_common/hardware_pio/pio.c.o
                0x10009c40                pio_sm_set_consecutive_pindirs
 .text.pio_claim_free_sm_and_add_program_for_gpio_range
                0x10009ccc      0x174 CMakeFiles/pico2w_LoRaComm.dir/Users/oswin/pico/pico-sdk/src/rp2_common/hardware_pio/pio.c.o
                0x10009ccc                pio_claim_free_sm_and_add_program_for_gpio_range
 .text.pio_remove_program_and_unclaim_sm
                0x10009e40       0x50 CMakeFiles/pico2w_LoRaComm.dir/Users/oswin/pico/pico-sdk/src/rp2_common/hardware_pio/pio.c.o
                0x10009e40                pio_remove_program_and_unclaim_sm
 .text.dma_channel_unclaim
                0x10009e90        0xc CMakeFiles/pico2w_LoRaComm.dir/Users/oswin/pico/pico-sdk/src/rp2_common/hardware_dma/dma.c.o
                0x10009e90                dma_channel_unclaim
 .text.dma_claim_unused_channel
                0x10009e9c       0x24 CMakeFiles/pico2w_LoRaComm.dir/Users/oswin/pico/pico-sdk/src/rp2_common/hardware_dma/dma.c.o
                0x10009e9c                dma_claim_unused_channel
 .text.dma_channel_cleanup
                0x10009ec0       0x58 CMakeFiles/pico2w_LoRaComm.dir/Users/oswin/pico/pico-sdk/src/rp2_common/hardware_dma/dma.c.o
                0x10009ec0                dma_channel_cleanup
 .text.cyw43_sleep_timeout_reached
                0x10009f18        0xc CMakeFiles/pico2w_LoRaComm.dir/Users/oswin/pico/pico-sdk/src/rp2_common/pico_cyw43_driver/cyw43_driver.c.o
 .text.cyw43_irq_init
                0x10009f24       0x28 CMakeFiles/pico2w_LoRaComm.dir/Users/oswin/pico/pico-sdk/src/rp2_common/pico_cyw43_driver/cyw43_driver.c.o
                0x10009f24                cyw43_irq_init
 .text.cyw43_irq_deinit
                0x10009f4c       0x20 CMakeFiles/pico2w_LoRaComm.dir/Users/oswin/pico/pico-sdk/src/rp2_common/pico_cyw43_driver/cyw43_driver.c.o
                0x10009f4c                cyw43_irq_deinit
 .text.cyw43_gpio_irq_handler
                0x10009f6c       0x48 CMakeFiles/pico2w_LoRaComm.dir/Users/oswin/pico/pico-sdk/src/rp2_common/pico_cyw43_driver/cyw43_driver.c.o
 .text.cyw43_do_poll
                0x10009fb4       0x74 CMakeFiles/pico2w_LoRaComm.dir/Users/oswin/pico/pico-sdk/src/rp2_common/pico_cyw43_driver/cyw43_driver.c.o
 .text.cyw43_post_poll_hook
                0x1000a028        0xc CMakeFiles/pico2w_LoRaComm.dir/Users/oswin/pico/pico-sdk/src/rp2_common/pico_cyw43_driver/cyw43_driver.c.o
                0x1000a028                cyw43_post_poll_hook
 .text.cyw43_schedule_internal_poll_dispatch
                0x1000a034       0x14 CMakeFiles/pico2w_LoRaComm.dir/Users/oswin/pico/pico-sdk/src/rp2_common/pico_cyw43_driver/cyw43_driver.c.o
                0x1000a034                cyw43_schedule_internal_poll_dispatch
 .text.cyw43_driver_init
                0x1000a048       0x38 CMakeFiles/pico2w_LoRaComm.dir/Users/oswin/pico/pico-sdk/src/rp2_common/pico_cyw43_driver/cyw43_driver.c.o
                0x1000a048                cyw43_driver_init
 .text.cyw43_driver_deinit
                0x1000a080       0x50 CMakeFiles/pico2w_LoRaComm.dir/Users/oswin/pico/pico-sdk/src/rp2_common/pico_cyw43_driver/cyw43_driver.c.o
                0x1000a080                cyw43_driver_deinit
 .text.cyw43_hal_generate_laa_mac
                0x1000a0d0       0x2c CMakeFiles/pico2w_LoRaComm.dir/Users/oswin/pico/pico-sdk/src/rp2_common/pico_cyw43_driver/cyw43_driver.c.o
                0x1000a0d0                cyw43_hal_generate_laa_mac
 .text.cyw43_thread_enter
                0x1000a0fc       0x10 CMakeFiles/pico2w_LoRaComm.dir/Users/oswin/pico/pico-sdk/src/rp2_common/pico_cyw43_driver/cyw43_driver.c.o
                0x1000a0fc                cyw43_thread_enter
 .text.cyw43_thread_exit
                0x1000a10c       0x10 CMakeFiles/pico2w_LoRaComm.dir/Users/oswin/pico/pico-sdk/src/rp2_common/pico_cyw43_driver/cyw43_driver.c.o
                0x1000a10c                cyw43_thread_exit
 .text.cyw43_await_background_or_timeout_us
                0x1000a11c       0x6c CMakeFiles/pico2w_LoRaComm.dir/Users/oswin/pico/pico-sdk/src/rp2_common/pico_cyw43_driver/cyw43_driver.c.o
                0x1000a11c                cyw43_await_background_or_timeout_us
 .text.cyw43_delay_ms
                0x1000a188       0x40 CMakeFiles/pico2w_LoRaComm.dir/Users/oswin/pico/pico-sdk/src/rp2_common/pico_cyw43_driver/cyw43_driver.c.o
                0x1000a188                cyw43_delay_ms
 .text.cyw43_cb_tcpip_deinit
                0x1000a1c8        0x4 CMakeFiles/pico2w_LoRaComm.dir/Users/oswin/pico/pico-sdk/src/rp2_common/pico_cyw43_driver/cyw43_driver.c.o
                0x1000a1c8                cyw43_cb_tcpip_deinit
 .text.cyw43_cb_tcpip_set_link_up
                0x1000a1cc        0xc CMakeFiles/pico2w_LoRaComm.dir/Users/oswin/pico/pico-sdk/src/rp2_common/pico_cyw43_driver/cyw43_driver.c.o
                0x1000a1cc                cyw43_cb_tcpip_set_link_up
 .text.cyw43_cb_tcpip_set_link_down
                0x1000a1d8        0xc CMakeFiles/pico2w_LoRaComm.dir/Users/oswin/pico/pico-sdk/src/rp2_common/pico_cyw43_driver/cyw43_driver.c.o
                0x1000a1d8                cyw43_cb_tcpip_set_link_down
 .text.cyw43_cb_process_ethernet
                0x1000a1e4        0xc CMakeFiles/pico2w_LoRaComm.dir/Users/oswin/pico/pico-sdk/src/rp2_common/pico_cyw43_driver/cyw43_driver.c.o
                0x1000a1e4                cyw43_cb_process_ethernet
 .text.async_context_threadsafe_background_acquire_lock_blocking
                0x1000a1f0        0x8 CMakeFiles/pico2w_LoRaComm.dir/Users/oswin/pico/pico-sdk/src/rp2_common/pico_async_context/async_context_threadsafe_background.c.o
 .text.alarm_handler
                0x1000a1f8       0x28 CMakeFiles/pico2w_LoRaComm.dir/Users/oswin/pico/pico-sdk/src/rp2_common/pico_async_context/async_context_threadsafe_background.c.o
 .text.async_context_threadsafe_background_set_work_pending
                0x1000a220       0x1c CMakeFiles/pico2w_LoRaComm.dir/Users/oswin/pico/pico-sdk/src/rp2_common/pico_async_context/async_context_threadsafe_background.c.o
 .text.process_under_lock
                0x1000a23c       0xb0 CMakeFiles/pico2w_LoRaComm.dir/Users/oswin/pico/pico-sdk/src/rp2_common/pico_async_context/async_context_threadsafe_background.c.o
 .text.async_context_threadsafe_background_execute_sync
                0x1000a2ec       0x44 CMakeFiles/pico2w_LoRaComm.dir/Users/oswin/pico/pico-sdk/src/rp2_common/pico_async_context/async_context_threadsafe_background.c.o
                0x1000a2ec                async_context_threadsafe_background_execute_sync
 .text.async_context_threadsafe_background_deinit
                0x1000a330       0x60 CMakeFiles/pico2w_LoRaComm.dir/Users/oswin/pico/pico-sdk/src/rp2_common/pico_async_context/async_context_threadsafe_background.c.o
 .text.low_priority_irq_handler
                0x1000a390       0x54 CMakeFiles/pico2w_LoRaComm.dir/Users/oswin/pico/pico-sdk/src/rp2_common/pico_async_context/async_context_threadsafe_background.c.o
 .text.async_context_threadsafe_background_wait_for_work_until
                0x1000a3e4        0x8 CMakeFiles/pico2w_LoRaComm.dir/Users/oswin/pico/pico-sdk/src/rp2_common/pico_async_context/async_context_threadsafe_background.c.o
 .text.async_context_threadsafe_background_wait_until
                0x1000a3ec       0x18 CMakeFiles/pico2w_LoRaComm.dir/Users/oswin/pico/pico-sdk/src/rp2_common/pico_async_context/async_context_threadsafe_background.c.o
 .text.async_context_threadsafe_background_lock_check
                0x1000a404       0x24 CMakeFiles/pico2w_LoRaComm.dir/Users/oswin/pico/pico-sdk/src/rp2_common/pico_async_context/async_context_threadsafe_background.c.o
 .text.async_context_threadsafe_background_release_lock
                0x1000a428       0x28 CMakeFiles/pico2w_LoRaComm.dir/Users/oswin/pico/pico-sdk/src/rp2_common/pico_async_context/async_context_threadsafe_background.c.o
 .text.async_context_threadsafe_background_when_pending_worker
                0x1000a450       0x44 CMakeFiles/pico2w_LoRaComm.dir/Users/oswin/pico/pico-sdk/src/rp2_common/pico_async_context/async_context_threadsafe_background.c.o
 .text.async_context_threadsafe_background_add_when_pending_worker
                0x1000a494       0x44 CMakeFiles/pico2w_LoRaComm.dir/Users/oswin/pico/pico-sdk/src/rp2_common/pico_async_context/async_context_threadsafe_background.c.o
 .text.async_context_threadsafe_background_remove_at_time_worker
                0x1000a4d8       0x44 CMakeFiles/pico2w_LoRaComm.dir/Users/oswin/pico/pico-sdk/src/rp2_common/pico_async_context/async_context_threadsafe_background.c.o
 .text.async_context_threadsafe_background_add_at_time_worker
                0x1000a51c       0x44 CMakeFiles/pico2w_LoRaComm.dir/Users/oswin/pico/pico-sdk/src/rp2_common/pico_async_context/async_context_threadsafe_background.c.o
 .text.async_context_threadsafe_background_default_config
                0x1000a560        0xc CMakeFiles/pico2w_LoRaComm.dir/Users/oswin/pico/pico-sdk/src/rp2_common/pico_async_context/async_context_threadsafe_background.c.o
                0x1000a560                async_context_threadsafe_background_default_config
 .text.async_context_threadsafe_background_init
                0x1000a56c       0x8c CMakeFiles/pico2w_LoRaComm.dir/Users/oswin/pico/pico-sdk/src/rp2_common/pico_async_context/async_context_threadsafe_background.c.o
                0x1000a56c                async_context_threadsafe_background_init
 .text.async_context_base_add_at_time_worker
                0x1000a5f8       0x24 CMakeFiles/pico2w_LoRaComm.dir/Users/oswin/pico/pico-sdk/src/rp2_common/pico_async_context/async_context_base.c.o
                0x1000a5f8                async_context_base_add_at_time_worker
 .text.async_context_base_remove_at_time_worker
                0x1000a61c       0x20 CMakeFiles/pico2w_LoRaComm.dir/Users/oswin/pico/pico-sdk/src/rp2_common/pico_async_context/async_context_base.c.o
                0x1000a61c                async_context_base_remove_at_time_worker
 .text.async_context_base_add_when_pending_worker
                0x1000a63c       0x20 CMakeFiles/pico2w_LoRaComm.dir/Users/oswin/pico/pico-sdk/src/rp2_common/pico_async_context/async_context_base.c.o
                0x1000a63c                async_context_base_add_when_pending_worker
 .text.async_context_base_remove_when_pending_worker
                0x1000a65c       0x20 CMakeFiles/pico2w_LoRaComm.dir/Users/oswin/pico/pico-sdk/src/rp2_common/pico_async_context/async_context_base.c.o
                0x1000a65c                async_context_base_remove_when_pending_worker
 .text.async_context_base_execute_once
                0x1000a67c       0xd8 CMakeFiles/pico2w_LoRaComm.dir/Users/oswin/pico/pico-sdk/src/rp2_common/pico_async_context/async_context_base.c.o
                0x1000a67c                async_context_base_execute_once
 .text.malloc   0x1000a754       0x10 /Applications/ArmGNUToolchain/15.2.rel1/arm-none-eabi/bin/../lib/gcc/arm-none-eabi/15.2.1/../../../../arm-none-eabi/lib/thumb/v8-m.main+fp/softfp/libg.a(libc_a-malloc.o)
                0x1000a754                malloc
 .text._malloc_r
                0x1000a764      0x5a8 /Applications/ArmGNUToolchain/15.2.rel1/arm-none-eabi/bin/../lib/gcc/arm-none-eabi/15.2.1/../../../../arm-none-eabi/lib/thumb/v8-m.main+fp/softfp/libg.a(libc_a-mallocr.o)
                0x1000a764                _malloc_r
 .text.__malloc_lock
                0x1000ad0c        0xc /Applications/ArmGNUToolchain/15.2.rel1/arm-none-eabi/bin/../lib/gcc/arm-none-eabi/15.2.1/../../../../arm-none-eabi/lib/thumb/v8-m.main+fp/softfp/libg.a(libc_a-mlock.o)
                0x1000ad0c                __malloc_lock
 .text.__malloc_unlock
                0x1000ad18        0xc /Applications/ArmGNUToolchain/15.2.rel1/arm-none-eabi/bin/../lib/gcc/arm-none-eabi/15.2.1/../../../../arm-none-eabi/lib/thumb/v8-m.main+fp/softfp/libg.a(libc_a-mlock.o)
                0x1000ad18                __malloc_unlock
 .text.memmove  0x1000ad24      0x124 /Applications/ArmGNUToolchain/15.2.rel1/arm-none-eabi/bin/../lib/gcc/arm-none-eabi/15.2.1/../../../../arm-none-eabi/lib/thumb/v8-m.main+fp/softfp/libg.a(libc_a-memmove.o)
                0x1000ad24                memmove
 .text.memset   0x1000ae48       0x88 /Applications/ArmGNUToolchain/15.2.rel1/arm-none-eabi/bin/../lib/gcc/arm-none-eabi/15.2.1/../../../../arm-none-eabi/lib/thumb/v8-m.main+fp/softfp/libg.a(libc_a-memset.o)
                0x1000ae48                memset
 .text.strncmp  0x1000aed0       0x74 /Applications/ArmGNUToolchain/15.2.rel1/arm-none-eabi/bin/../lib/gcc/arm-none-eabi/15.2.1/../../../../arm-none-eabi/lib/thumb/v8-m.main+fp/softfp/libg.a(libc_a-strncmp.o)
                0x1000aed0                strncmp
 .text._sbrk_r  0x1000af44       0x24 /Applications/ArmGNUToolchain/15.2.rel1/arm-none-eabi/bin/../lib/gcc/arm-none-eabi/15.2.1/../../../../arm-none-eabi/lib/thumb/v8-m.main+fp/softfp/libg.a(libc_a-sbrkr.o)
                0x1000af44                _sbrk_r
 .text.__errno  0x1000af68        0xc /Applications/ArmGNUToolchain/15.2.rel1/arm-none-eabi/bin/../lib/gcc/arm-none-eabi/15.2.1/../../../../arm-none-eabi/lib/thumb/v8-m.main+fp/softfp/libg.a(libc_a-errno.o)
                0x1000af68                __errno
 .text.sysconf  0x1000af74       0x1c /Applications/ArmGNUToolchain/15.2.rel1/arm-none-eabi/bin/../lib/gcc/arm-none-eabi/15.2.1/../../../../arm-none-eabi/lib/thumb/v8-m.main+fp/softfp/libg.a(libc_a-sysconf.o)
                0x1000af74                sysconf
 .text.__retarget_lock_acquire_recursive
                0x1000af90        0x4 /Applications/ArmGNUToolchain/15.2.rel1/arm-none-eabi/bin/../lib/gcc/arm-none-eabi/15.2.1/../../../../arm-none-eabi/lib/thumb/v8-m.main+fp/softfp/libg.a(libc_a-lock.o)
                0x1000af90                __retarget_lock_acquire_recursive
 .text.__retarget_lock_release_recursive
                0x1000af94        0x4 /Applications/ArmGNUToolchain/15.2.rel1/arm-none-eabi/bin/../lib/gcc/arm-none-eabi/15.2.1/../../../../arm-none-eabi/lib/thumb/v8-m.main+fp/softfp/libg.a(libc_a-lock.o)
                0x1000af94                __retarget_lock_release_recursive
 .text          0x1000af98       0xec /Applications/ArmGNUToolchain/15.2.rel1/arm-none-eabi/bin/../lib/gcc/arm-none-eabi/15.2.1/../../../../arm-none-eabi/lib/thumb/v8-m.main+fp/softfp/libg.a(libc_a-memcpy.o)
                0x1000af98                memcpy
 .text.strlen   0x1000b084       0x5c /Applications/ArmGNUToolchain/15.2.rel1/arm-none-eabi/bin/../lib/gcc/arm-none-eabi/15.2.1/../../../../arm-none-eabi/lib/thumb/v8-m.main+fp/softfp/libg.a(libc_a-strlen-stub.o)
                0x1000b084                strlen
 .text._malloc_trim_r
                0x1000b0e0       0xac /Applications/ArmGNUToolchain/15.2.rel1/arm-none-eabi/bin/../lib/gcc/arm-none-eabi/15.2.1/../../../../arm-none-eabi/lib/thumb/v8-m.main+fp/softfp/libg.a(libc_a-freer.o)
                0x1000b0e0                _malloc_trim_r
 .text._free_r  0x1000b18c      0x208 /Applications/ArmGNUToolchain/15.2.rel1/arm-none-eabi/bin/../lib/gcc/arm-none-eabi/15.2.1/../../../../arm-none-eabi/lib/thumb/v8-m.main+fp/softfp/libg.a(libc_a-freer.o)
                0x1000b18c                _free_r
 *(.fini)
 .fini          0x1000b394        0x4 /Applications/ArmGNUToolchain/15.2.rel1/arm-none-eabi/bin/../lib/gcc/arm-none-eabi/15.2.1/thumb/v8-m.main+fp/softfp/crti.o
                0x1000b394                _fini
 .fini.__stub   0x1000b398       0x78 linker stubs
 *crtbegin.o(.ctors)
 *crtbegin?.o(.ctors)
 *(EXCLUDE_FILE(*crtend.o *crtend?.o) .ctors)
 *(SORT_BY_NAME(.ctors.*))
 *(.ctors)
 *crtbegin.o(.dtors)
 *crtbegin?.o(.dtors)
 *(EXCLUDE_FILE(*crtend.o *crtend?.o) .dtors)
 *(SORT_BY_NAME(.dtors.*))
 *(.dtors)
                0x1000b410                        . = ALIGN (0x4)
                0x1000b410                        PROVIDE (__preinit_array_start = .)
 *(SORT_BY_NAME(.preinit_array.*))
 .preinit_array.00050
                0x1000b410        0x4 CMakeFiles/pico2w_LoRaComm.dir/Users/oswin/pico/pico-sdk/src/rp2_common/pico_runtime_init/runtime_init.c.o
                0x1000b410                __pre_init_runtime_init_bootrom_reset
 .preinit_array.00100
                0x1000b414        0x4 CMakeFiles/pico2w_LoRaComm.dir/Users/oswin/pico/pico-sdk/src/rp2_common/pico_runtime_init/runtime_init.c.o
                0x1000b414                __pre_init_runtime_init_early_resets
 .preinit_array.00101
                0x1000b418        0x4 CMakeFiles/pico2w_LoRaComm.dir/Users/oswin/pico/pico-sdk/src/rp2_common/pico_runtime_init/runtime_init.c.o
                0x1000b418                __pre_init_runtime_init_usb_power_down
 .preinit_array.00500
                0x1000b41c        0x4 CMakeFiles/pico2w_LoRaComm.dir/Users/oswin/pico/pico-sdk/src/rp2_common/pico_runtime_init/runtime_init.c.o
                0x1000b41c                __pre_init_runtime_init_clocks
 .preinit_array.00600
                0x1000b420        0x4 CMakeFiles/pico2w_LoRaComm.dir/Users/oswin/pico/pico-sdk/src/rp2_common/pico_runtime_init/runtime_init.c.o
                0x1000b420                __pre_init_runtime_init_post_clock_resets
 .preinit_array.01000
                0x1000b424        0x4 CMakeFiles/pico2w_LoRaComm.dir/Users/oswin/pico/pico-sdk/src/rp2_common/hardware_boot_lock/boot_lock.c.o
                0x1000b424                __pre_init_runtime_init_boot_locks_reset
 .preinit_array.01000
                0x1000b428        0x4 CMakeFiles/pico2w_LoRaComm.dir/Users/oswin/pico/pico-sdk/src/rp2_common/pico_runtime_init/runtime_init.c.o
                0x1000b428                __pre_init_runtime_init_spin_locks_reset
 .preinit_array.01010
                0x1000b42c        0x4 CMakeFiles/pico2w_LoRaComm.dir/Users/oswin/pico/pico-sdk/src/rp2_common/pico_bootrom/bootrom_lock.c.o
                0x1000b42c                __pre_init_runtime_init_bootrom_locking_enable
 .preinit_array.01100
                0x1000b430        0x4 CMakeFiles/pico2w_LoRaComm.dir/Users/oswin/pico/pico-sdk/src/common/pico_sync/mutex.c.o
                0x1000b430                __pre_init_runtime_init_mutex
 .preinit_array.10080
                0x1000b434        0x4 CMakeFiles/pico2w_LoRaComm.dir/Users/oswin/pico/pico-sdk/src/rp2_common/pico_runtime_init/runtime_init.c.o
                0x1000b434                __pre_init_runtime_init_install_ram_vector_table
 .preinit_array.11000
                0x1000b438        0x4 CMakeFiles/pico2w_LoRaComm.dir/Users/oswin/pico/pico-sdk/src/common/pico_time/time.c.o
                0x1000b438                __pre_init_runtime_init_default_alarm_pool
 .preinit_array.YYYYY
                0x1000b43c        0x4 CMakeFiles/pico2w_LoRaComm.dir/Users/oswin/pico/pico-sdk/src/rp2_common/pico_runtime/runtime.c.o
                0x1000b43c                __pre_init_first_per_core_initializer
 .preinit_array.ZZZZZ.00051
                0x1000b440        0x4 CMakeFiles/pico2w_LoRaComm.dir/Users/oswin/pico/pico-sdk/src/rp2_common/pico_runtime_init/runtime_init.c.o
                0x1000b440                __pre_init_runtime_init_per_core_bootrom_reset
 .preinit_array.ZZZZZ.00200
                0x1000b444        0x4 CMakeFiles/pico2w_LoRaComm.dir/Users/oswin/pico/pico-sdk/src/rp2_common/pico_runtime_init/runtime_init.c.o
                0x1000b444                __pre_init_runtime_init_per_core_enable_coprocessors
 .preinit_array.ZZZZZ.01000
                0x1000b448        0x4 CMakeFiles/pico2w_LoRaComm.dir/Users/oswin/pico/pico-sdk/src/rp2_common/hardware_sync_spin_lock/sync_spin_lock.c.o
                0x1000b448                __pre_init_spinlock_set_extexclall
 .preinit_array.ZZZZZ.01200
                0x1000b44c        0x4 CMakeFiles/pico2w_LoRaComm.dir/Users/oswin/pico/pico-sdk/src/rp2_common/hardware_irq/irq.c.o
                0x1000b44c                __pre_init_runtime_init_per_core_irq_priorities
 *(.preinit_array)
                0x1000b450                        PROVIDE (__preinit_array_end = .)
                0x1000b450                        . = ALIGN (0x4)
                0x1000b450                        PROVIDE (__init_array_start = .)
 *(SORT_BY_NAME(.init_array.*))
 .init_array.01000
                0x1000b450        0x4 CMakeFiles/pico2w_LoRaComm.dir/Users/oswin/pico/pico-sdk/src/rp2_common/pico_unique_id/unique_id.c.o
 *(.init_array)
 .init_array    0x1000b454        0x4 /Applications/ArmGNUToolchain/15.2.rel1/arm-none-eabi/bin/../lib/gcc/arm-none-eabi/15.2.1/thumb/v8-m.main+fp/softfp/crtbegin.o
                0x1000b458                        PROVIDE (__init_array_end = .)
                0x1000b458                        . = ALIGN (0x4)
                [!provide]                        PROVIDE (__fini_array_start = .)
 *(SORT_BY_NAME(.fini_array.*))
 *(.fini_array)
                [!provide]                        PROVIDE (__fini_array_end = .)
 *(.eh_frame*)
 .eh_frame      0x1000b458        0x0 /Applications/ArmGNUToolchain/15.2.rel1/arm-none-eabi/bin/../lib/gcc/arm-none-eabi/15.2.1/thumb/v8-m.main+fp/softfp/crtbegin.o
                0x1000b458                        . = ALIGN (0x4)

.glue_7         0x1000b458        0x0
 .glue_7        0x1000b458        0x0 linker stubs

.glue_7t        0x1000b458        0x0
 .glue_7t       0x1000b458        0x0 linker stubs

.vfp11_veneer   0x1000b458        0x0
 .vfp11_veneer  0x1000b458        0x0 linker stubs

.v4_bx          0x1000b458        0x0
 .v4_bx         0x1000b458        0x0 linker stubs

.iplt           0x1000b458        0x0
 .iplt          0x1000b458        0x0 /Applications/ArmGNUToolchain/15.2.rel1/arm-none-eabi/bin/../lib/gcc/arm-none-eabi/15.2.1/thumb/v8-m.main+fp/softfp/crtbegin.o

.boot2          0x1000b458        0x0
                0x1000b458                        __boot2_start__ = .
 *(.boot2)
                0x1000b458                        __boot2_end__ = .
                0x00000001                        ASSERT (((__boot2_end__ - __boot2_start__) <= 0x100), ERROR: Pico second stage bootloader must be no more than 256 bytes in size)

.rodata         0x1000b458    0x38d88
 *(EXCLUDE_FILE(*libm.a: *libc.a:*lib_a-mem*.o *libgcc.a:) .rodata*)
 .rodata.main.str1.4
                0x1000b458      0x5d4 CMakeFiles/pico2w_LoRaComm.dir/main.cpp.o
                                 0x43 (size before relaxing)
 .rodata._ZL16transition_table
                0x1000ba2c       0x10 CMakeFiles/pico2w_LoRaComm.dir/main.cpp.o
 .rodata._ZL9font2_8x5
                0x1000ba3c      0x1ea CMakeFiles/pico2w_LoRaComm.dir/main.cpp.o
 *fill*         0x1000bc26        0x2 
 .rodata._ZL4desc
                0x1000bc28      0x800 CMakeFiles/pico2w_LoRaComm.dir/main.cpp.o
 .rodata._ZL6valley
                0x1000c428      0x482 CMakeFiles/pico2w_LoRaComm.dir/main.cpp.o
 .rodata.ssd1306_init.str1.4
                0x1000c8aa        0x0 CMakeFiles/pico2w_LoRaComm.dir/ssd1306.c.o
                                 0x3f (size before relaxing)
 .rodata.ssd1306_show.str1.4
                0x1000c8aa        0x0 CMakeFiles/pico2w_LoRaComm.dir/ssd1306.c.o
                                  0xd (size before relaxing)
 *fill*         0x1000c8aa        0x2 
 .rodata.font_8x5
                0x1000c8ac      0x1e0 CMakeFiles/pico2w_LoRaComm.dir/ssd1306.c.o
                0x1000c8ac                font_8x5
 .rodata.panic.str1.4
                0x1000ca8c        0x0 CMakeFiles/pico2w_LoRaComm.dir/Users/oswin/pico/pico-sdk/src/rp2_common/pico_platform_panic/panic.c.o
                                 0x12 (size before relaxing)
 .rodata.spin_lock_claim_unused.str1.4
                0x1000ca8c        0x0 CMakeFiles/pico2w_LoRaComm.dir/Users/oswin/pico/pico-sdk/src/rp2_common/hardware_sync/sync.c.o
                                 0x1b (size before relaxing)
 .rodata.user_irq_claim_unused.str1.4
                0x1000ca8c        0x0 CMakeFiles/pico2w_LoRaComm.dir/Users/oswin/pico/pico-sdk/src/rp2_common/hardware_irq/irq.c.o
                                 0x1b (size before relaxing)
 *fill*         0x1000ca8c        0x4 
 .rodata.at_the_end_of_time
                0x1000ca90        0x8 CMakeFiles/pico2w_LoRaComm.dir/Users/oswin/pico/pico-sdk/src/common/pico_time/time.c.o
                0x1000ca90                at_the_end_of_time
 .rodata.timer_hardware_alarm_claim.str1.4
                0x1000ca98        0x0 CMakeFiles/pico2w_LoRaComm.dir/Users/oswin/pico/pico-sdk/src/rp2_common/hardware_timer/timer.c.o
                                 0x22 (size before relaxing)
 .rodata.hard_assertion_failure.str1.4
                0x1000ca98        0x0 CMakeFiles/pico2w_LoRaComm.dir/Users/oswin/pico/pico-sdk/src/rp2_common/pico_runtime/runtime.c.o
                                  0xc (size before relaxing)
 .rodata.__wrap_malloc.str1.4
                0x1000ca98        0x0 CMakeFiles/pico2w_LoRaComm.dir/Users/oswin/pico/pico-sdk/src/rp2_common/pico_malloc/malloc.c.o
                                  0xe (size before relaxing)
 .rodata.str1.4
                0x1000ca98        0x0 CMakeFiles/pico2w_LoRaComm.dir/Users/oswin/pico/pico-sdk/src/rp2_common/pico_standard_binary_info/standard_binary_info.c.o
                                 0x44 (size before relaxing)
 .rodata.__bi_84
                0x1000ca98        0xc CMakeFiles/pico2w_LoRaComm.dir/Users/oswin/pico/pico-sdk/src/rp2_common/pico_standard_binary_info/standard_binary_info.c.o
 .rodata.__bi_78
                0x1000caa4        0xc CMakeFiles/pico2w_LoRaComm.dir/Users/oswin/pico/pico-sdk/src/rp2_common/pico_standard_binary_info/standard_binary_info.c.o
 .rodata.__bi_54
                0x1000cab0        0xc CMakeFiles/pico2w_LoRaComm.dir/Users/oswin/pico/pico-sdk/src/rp2_common/pico_standard_binary_info/standard_binary_info.c.o
 .rodata.__bi_48
                0x1000cabc        0xc CMakeFiles/pico2w_LoRaComm.dir/Users/oswin/pico/pico-sdk/src/rp2_common/pico_standard_binary_info/standard_binary_info.c.o
 .rodata.__bi_42
                0x1000cac8        0xc CMakeFiles/pico2w_LoRaComm.dir/Users/oswin/pico/pico-sdk/src/rp2_common/pico_standard_binary_info/standard_binary_info.c.o
 .rodata.__bi_34
                0x1000cad4        0xc CMakeFiles/pico2w_LoRaComm.dir/Users/oswin/pico/pico-sdk/src/rp2_common/pico_standard_binary_info/standard_binary_info.c.o
 .rodata.__bi_26
                0x1000cae0        0xc CMakeFiles/pico2w_LoRaComm.dir/Users/oswin/pico/pico-sdk/src/rp2_common/pico_standard_binary_info/standard_binary_info.c.o
 .rodata._ftoa.str1.4
                0x1000caec        0x0 CMakeFiles/pico2w_LoRaComm.dir/Users/oswin/pico/pico-sdk/src/rp2_common/pico_printf/printf.c.o
                                 0x15 (size before relaxing)
 *fill*         0x1000caec        0x4 
 .rodata.pow10.0
                0x1000caf0       0x50 CMakeFiles/pico2w_LoRaComm.dir/Users/oswin/pico/pico-sdk/src/rp2_common/pico_printf/printf.c.o
 .rodata.crlf_str.0
                0x1000cb40        0x2 CMakeFiles/pico2w_LoRaComm.dir/Users/oswin/pico/pico-sdk/src/rp2_common/pico_stdio/stdio.c.o
 *fill*         0x1000cb42        0x2 
 .rodata._resetd_driver
                0x1000cb44       0x20 CMakeFiles/pico2w_LoRaComm.dir/Users/oswin/pico/pico-sdk/src/rp2_common/pico_stdio_usb/reset_interface.c.o
 .rodata.desc_ms_os_20
                0x1000cb64       0xa6 CMakeFiles/pico2w_LoRaComm.dir/Users/oswin/pico/pico-sdk/src/rp2_common/pico_stdio_usb/reset_interface.c.o
 *fill*         0x1000cc0a        0x2 
 .rodata.desc_bos
                0x1000cc0c       0x21 CMakeFiles/pico2w_LoRaComm.dir/Users/oswin/pico/pico-sdk/src/rp2_common/pico_stdio_usb/reset_interface.c.o
                0x1000cc0c                desc_bos
 .rodata.str1.4
                0x1000cc2d        0x0 CMakeFiles/pico2w_LoRaComm.dir/Users/oswin/pico/pico-sdk/src/rp2_common/pico_stdio_usb/stdio_usb.c.o
                                 0x13 (size before relaxing)
 *fill*         0x1000cc2d        0x3 
 .rodata.__bi_202.0
                0x1000cc30        0xc CMakeFiles/pico2w_LoRaComm.dir/Users/oswin/pico/pico-sdk/src/rp2_common/pico_stdio_usb/stdio_usb.c.o
 .rodata.str1.4
                0x1000cc3c        0x0 CMakeFiles/pico2w_LoRaComm.dir/Users/oswin/pico/pico-sdk/src/rp2_common/pico_stdio_usb/stdio_usb_descriptors.c.o
                                 0x2a (size before relaxing)
 .rodata.usbd_desc_str
                0x1000cc3c       0x18 CMakeFiles/pico2w_LoRaComm.dir/Users/oswin/pico/pico-sdk/src/rp2_common/pico_stdio_usb/stdio_usb_descriptors.c.o
 .rodata.usbd_desc_cfg