Archive member included to satisfy reference by file (symbol)

/Applications/ArmGNUToolchain/15.2.rel1/arm-none-eabi/bin/../lib/gcc/arm-none-eabi/15.2.1/../../../../arm-none-eabi/lib/thumb/v8-m.main+fp/softfp/libm.a(libm_a-wf_sqrt.o)
                              CMakeFiles/pico2w_LoRaComm.dir/Users/oswin/pico/pico-sdk/src/rp2_common/pico_float/float_math.c.o (sqrtf)
/Applications/ArmGNUToolchain/15.2.rel1/arm-none-eabi/bin/../lib/gcc/arm-none-eabi/15.2.1/../../../../arm-none-eabi/lib/thumb/v8-m.main+fp/softfp/libm.a(libm_a-ef_sqrt.o)
                              /Applications/ArmGNUToolchain/15.2.rel1/arm-none-eabi/bin/../lib/gcc/arm-none-eabi/15.2.1/../../../../arm-none-eabi/lib/thumb/v8-m.main+fp/softfp/libm.a(libm_a-wf_sqrt.o) (__ieee754_sqrtf)
/Applications/ArmGNUToolchain/15.2.rel1/arm-none-eabi/bin/../lib/gcc/arm-none-eabi/15.2.1/thumb/v8-m.main+fp/softfp/libgcc.a(_arm_addsubdf3.o)
                              CMakeFiles/pico2w_LoRaComm.dir/Users/oswin/pico/pico-sdk/src/rp2_common/pico_float/float_math.c.o (__aeabi_f2d)
/Applications/ArmGNUToolchain/15.2.rel1/arm-none-eabi/bin/../lib/gcc/arm-none-eabi/15.2.1/thumb/v8-m.main+fp/softfp/libgcc.a(_aeabi_ldivmod.o)
                              CMakeFiles/pico2w_LoRaComm.dir/Users/oswin/pico/pico-sdk/src/common/pico_time/time.c.o (__aeabi_ldivmod)
/Applications/ArmGNUToolchain/15.2.rel1/arm-none-eabi/bin/../lib/gcc/arm-none-eabi/15.2.1/thumb/v8-m.main+fp/softfp/libgcc.a(_aeabi_uldivmod.o)
                              CMakeFiles/pico2w_LoRaComm.dir/Users/oswin/pico/pico-sdk/src/rp2_common/hardware_clocks/clocks.c.o (__aeabi_uldivmod)
/Applications/ArmGNUToolchain/15.2.rel1/arm-none-eabi/bin/../lib/gcc/arm-none-eabi/15.2.1/thumb/v8-m.main+fp/softfp/libgcc.a(_udivmoddi4.o)
                              /Applications/ArmGNUToolchain/15.2.rel1/arm-none-eabi/bin/../lib/gcc/arm-none-eabi/15.2.1/thumb/v8-m.main+fp/softfp/libgcc.a(_aeabi_ldivmod.o) (__udivmoddi4)
/Applications/ArmGNUToolchain/15.2.rel1/arm-none-eabi/bin/../lib/gcc/arm-none-eabi/15.2.1/thumb/v8-m.main+fp/softfp/libgcc.a(_dvmd_tls.o)
                              /Applications/ArmGNUToolchain/15.2.rel1/arm-none-eabi/bin/../lib/gcc/arm-none-eabi/15.2.1/thumb/v8-m.main+fp/softfp/libgcc.a(_aeabi_ldivmod.o) (__aeabi_ldiv0)
/Applications/ArmGNUToolchain/15.2.rel1/arm-none-eabi/bin/../lib/gcc/arm-none-eabi/15.2.1/../../../../arm-none-eabi/lib/thumb/v8-m.main+fp/softfp/libg.a(libc_a-calloc.o)
                              CMakeFiles/pico2w_LoRaComm.dir/Users/oswin/pico/pico-sdk/src/rp2_common/pico_malloc/malloc.c.o (calloc)
/Applications/ArmGNUToolchain/15.2.rel1/arm-none-eabi/bin/../lib/gcc/arm-none-eabi/15.2.1/../../../../arm-none-eabi/lib/thumb/v8-m.main+fp/softfp/libg.a(libc_a-callocr.o)
                              /Applications/ArmGNUToolchain/15.2.rel1/arm-none-eabi/bin/../lib/gcc/arm-none-eabi/15.2.1/../../../../arm-none-eabi/lib/thumb/v8-m.main+fp/softfp/libg.a(libc_a-calloc.o) (_calloc_r)
/Applications/ArmGNUToolchain/15.2.rel1/arm-none-eabi/bin/../lib/gcc/arm-none-eabi/15.2.1/../../../../arm-none-eabi/lib/thumb/v8-m.main+fp/softfp/libg.a(libc_a-malloc.o)
                              CMakeFiles/pico2w_LoRaComm.dir/Users/oswin/pico/pico-sdk/src/rp2_common/pico_malloc/malloc.c.o (malloc)
/Applications/ArmGNUToolchain/15.2.rel1/arm-none-eabi/bin/../lib/gcc/arm-none-eabi/15.2.1/../../../../arm-none-eabi/lib/thumb/v8-m.main+fp/softfp/libg.a(libc_a-mallocr.o)
                              /Applications/ArmGNUToolchain/15.2.rel1/arm-none-eabi/bin/../lib/gcc/arm-none-eabi/15.2.1/../../../../arm-none-eabi/lib/thumb/v8-m.main+fp/softfp/libg.a(libc_a-callocr.o) (_malloc_r)
/Applications/ArmGNUToolchain/15.2.rel1/arm-none-eabi/bin/../lib/gcc/arm-none-eabi/15.2.1/../../../../arm-none-eabi/lib/thumb/v8-m.main+fp/softfp/libg.a(libc_a-mlock.o)
                              /Applications/ArmGNUToolchain/15.2.rel1/arm-none-eabi/bin/../lib/gcc/arm-none-eabi/15.2.1/../../../../arm-none-eabi/lib/thumb/v8-m.main+fp/softfp/libg.a(libc_a-mallocr.o) (__malloc_lock)
/Applications/ArmGNUToolchain/15.2.rel1/arm-none-eabi/bin/../lib/gcc/arm-none-eabi/15.2.1/../../../../arm-none-eabi/lib/thumb/v8-m.main+fp/softfp/libg.a(libc_a-realloc.o)
                              CMakeFiles/pico2w_LoRaComm.dir/Users/oswin/pico/pico-sdk/src/rp2_common/pico_malloc/malloc.c.o (realloc)
/Applications/ArmGNUToolchain/15.2.rel1/arm-none-eabi/bin/../lib/gcc/arm-none-eabi/15.2.1/../../../../arm-none-eabi/lib/thumb/v8-m.main+fp/softfp/libg.a(libc_a-reallocr.o)
                              /Applications/ArmGNUToolchain/15.2.rel1/arm-none-eabi/bin/../lib/gcc/arm-none-eabi/15.2.1/../../../../arm-none-eabi/lib/thumb/v8-m.main+fp/softfp/libg.a(libc_a-realloc.o) (_realloc_r)
/Applications/ArmGNUToolchain/15.2.rel1/arm-none-eabi/bin/../lib/gcc/arm-none-eabi/15.2.1/../../../../arm-none-eabi/lib/thumb/v8-m.main+fp/softfp/libg.a(libc_a-memcmp.o)
[...]
Memory Configuration

Name             Origin             Length             Attributes
FLASH            0x10000000         0x00400000         xr
RAM              0x20000000         0x00080000         xrw
SCRATCH_X        0x20080000         0x00001000         xrw
SCRATCH_Y        0x20081000         0x00001000         xrw
*default*        0x00000000         0xffffffff

Linker script and memory map

LOAD /Applications/ArmGNUToolchain/15.2.rel1/arm-none-eabi/bin/../lib/gcc/arm-none-eabi/15.2.1/thumb/v8-m.main+fp/softfp/crti.o
LOAD /Applications/ArmGNUToolchain/15.2.rel1/arm-none-eabi/bin/../lib/gcc/arm-none-eabi/15.2.1/thumb/v8-m.main+fp/softfp/crtbegin.o
LOAD /Applications/ArmGNUToolchain/15.2.rel1/arm-none-eabi/bin/../lib/gcc/arm-none-eabi/15.2.1/../../../../arm-none-eabi/lib/thumb/v8-m.main+fp/softfp/crt0.o

.flash_begin    0x10000000        0x0
                0x10000000                        __flash_binary_start = .

.text           0x10000000     0xb650
                0x10000000                        __logical_binary_start = .
 *(.vectors)
 .vectors       0x10000000      0x124 CMakeFiles/pico2w_LoRaComm.dir/Users/oswin/pico/pico-sdk/src/rp2_common/pico_crt0/crt0.S.o
                0x10000000                __VECTOR_TABLE
                0x10000000                __vectors
                0x10000110                __unhandled_user_irq
                0x10000110                isr_irq49
                0x10000110                isr_irq13
                0x10000110                isr_irq43
                0x10000110                isr_irq45
                0x10000110                isr_irq27
                0x10000110                isr_irq32
                0x10000110                isr_irq31
                0x10000110                isr_irq5
                0x10000110                isr_irq11
                0x10000110                isr_irq23
                0x10000110                isr_usagefault
                0x10000110                isr_irq48
                0x10000110                isr_irq35
                0x10000110                isr_irq18
                0x10000110                isr_irq50
                0x10000110                isr_irq9
                0x10000110                isr_irq30
                0x10000110                isr_irq16
                0x10000110                isr_irq44
                0x10000110                isr_irq29
                0x10000110                isr_irq26
                0x10000110                isr_irq33
                0x10000110                isr_irq3
                0x10000110                isr_irq12
                0x10000110                isr_securefault
                0x10000110                isr_irq40
                0x10000110                isr_irq28
                0x10000110                isr_irq19
                0x10000110                isr_irq36
                0x10000110                isr_irq41
                0x10000110                isr_irq0
                0x10000110                isr_irq6
                0x10000110                isr_memmanage
                0x10000110                isr_irq37
                0x10000110                isr_irq42
                0x10000110                isr_irq22
                0x10000110                isr_irq17
                0x10000110                isr_irq38
                0x10000110                isr_irq14
                0x10000110                __vectors_end
                0x10000110                __default_isrs_start
                0x10000110                isr_irq2
                0x10000110                isr_irq10
                0x10000110                isr_irq8
                0x10000110                isr_debugmonitor
                0x10000110                isr_irq24
                0x10000110                isr_irq46
                0x10000110                isr_irq1
                0x10000110                isr_irq47
                0x10000110                isr_irq51
                0x10000110                isr_irq7
                0x10000110                isr_irq21
                0x10000110                isr_irq39
                0x10000110                isr_irq20
                0x10000110                isr_irq15
                0x10000110                isr_irq25
                0x10000110                isr_irq34
                0x10000110                isr_irq4
                0x10000110                isr_busfault
                0x10000116                unhandled_user_irq_num_in_r0
                0x10000118                isr_invalid
                0x1000011a                isr_nmi
                0x1000011c                isr_hardfault
                0x1000011e                isr_svcall
                0x10000120                isr_pendsv
                0x10000122                isr_systick
                0x10000124                __default_isrs_end
 *(.binary_info_header)
 .binary_info_header
                0x10000124       0x14 CMakeFiles/pico2w_LoRaComm.dir/Users/oswin/pico/pico-sdk/src/rp2_common/pico_crt0/crt0.S.o
                0x10000138                        __binary_info_header_end = .
 *(.embedded_block)
 .embedded_block
                0x10000138       0x14 CMakeFiles/pico2w_LoRaComm.dir/Users/oswin/pico/pico-sdk/src/rp2_common/pico_crt0/crt0.S.o
                0x1000014c                        __embedded_block_end = .
 *(.reset)
 .reset         0x1000014c       0x98 CMakeFiles/pico2w_LoRaComm.dir/Users/oswin/pico/pico-sdk/src/rp2_common/pico_crt0/crt0.S.o
                0x1000014c                _entry_point
 *(.init)
 .init          0x100001e4        0x4 /Applications/ArmGNUToolchain/15.2.rel1/arm-none-eabi/bin/../lib/gcc/arm-none-eabi/15.2.1/thumb/v8-m.main+fp/softfp/crti.o
                0x100001e4                _init
 SORT_BY_NAME(REVERSE(*libgcc.a:cmse_nonsecure_call.o))()
 *(EXCLUDE_FILE(*libm.a: *libc.a:*lib_a-mem*.o *libgcc.a:) .text*)
 .text.register_tm_clones
                0x100001e8       0x28 /Applications/ArmGNUToolchain/15.2.rel1/arm-none-eabi/bin/../lib/gcc/arm-none-eabi/15.2.1/thumb/v8-m.main+fp/softfp/crtbegin.o
 .text.frame_dummy
                0x10000210       0x24 /Applications/ArmGNUToolchain/15.2.rel1/arm-none-eabi/bin/../lib/gcc/arm-none-eabi/15.2.1/thumb/v8-m.main+fp/softfp/crtbegin.o
 .text._Z16encoder_callbackjm
                0x10000234       0x40 CMakeFiles/pico2w_LoRaComm.dir/main.cpp.o
                0x10000234                encoder_callback(unsigned int, unsigned long)
 .text.startup.main
                0x10000274      0x438 CMakeFiles/pico2w_LoRaComm.dir/main.cpp.o
                0x10000274                main
 .text.ssd1306_draw_char_with_font.part.0
                0x100006ac      0x124 CMakeFiles/pico2w_LoRaComm.dir/ssd1306.c.o
 .text.ssd1306_bmp_show_image_with_offset.part.0
                0x100007d0      0x124 CMakeFiles/pico2w_LoRaComm.dir/ssd1306.c.o
 .text.ssd1306_init
                0x100008f4      0x128 CMakeFiles/pico2w_LoRaComm.dir/ssd1306.c.o
                0x100008f4                ssd1306_init
 .text.ssd1306_clear
                0x10000a1c        0xc CMakeFiles/pico2w_LoRaComm.dir/ssd1306.c.o
                0x10000a1c                ssd1306_clear
 .text.ssd1306_clear_square
                0x10000a28       0x58 CMakeFiles/pico2w_LoRaComm.dir/ssd1306.c.o
                0x10000a28                ssd1306_clear_square
 .text.ssd1306_draw_square
                0x10000a80       0x58 CMakeFiles/pico2w_LoRaComm.dir/ssd1306.c.o
                0x10000a80                ssd1306_draw_square
 .text.ssd1306_draw_char_with_font
                0x10000ad8       0x28 CMakeFiles/pico2w_LoRaComm.dir/ssd1306.c.o
                0x10000ad8                ssd1306_draw_char_with_font
 .text.ssd1306_draw_string_with_font
                0x10000b00       0x48 CMakeFiles/pico2w_LoRaComm.dir/ssd1306.c.o
                0x10000b00                ssd1306_draw_string_with_font
 .text.ssd1306_draw_string
                0x10000b48       0x58 CMakeFiles/pico2w_LoRaComm.dir/ssd1306.c.o
                0x10000b48                ssd1306_draw_string
 .text.ssd1306_bmp_show_image
                0x10000ba0       0x10 CMakeFiles/pico2w_LoRaComm.dir/ssd1306.c.o
                0x10000ba0                ssd1306_bmp_show_image
 .text.ssd1306_show
                0x10000bb0       0xd8 CMakeFiles/pico2w_LoRaComm.dir/ssd1306.c.o
                0x10000bb0                ssd1306_show
 .text.gpio_default_irq_handler
                0x10000c88      0x1d8 CMakeFiles/pico2w_LoRaComm.dir/Users/oswin/pico/pico-sdk/src/rp2_common/hardware_gpio/gpio.c.o
 .text.gpio_set_function
                0x10000e60       0x3c CMakeFiles/pico2w_LoRaComm.dir/Users/oswin/pico/pico-sdk/src/rp2_common/hardware_gpio/gpio.c.o
                0x10000e60                gpio_set_function
 .text.gpio_set_pulls
                0x10000e9c       0x24 CMakeFiles/pico2w_LoRaComm.dir/Users/oswin/pico/pico-sdk/src/rp2_common/hardware_gpio/gpio.c.o
                0x10000e9c                gpio_set_pulls
 .text.gpio_set_input_hysteresis_enabled
                0x10000ec0       0x20 CMakeFiles/pico2w_LoRaComm.dir/Users/oswin/pico/pico-sdk/src/rp2_common/hardware_gpio/gpio.c.o
                0x10000ec0                gpio_set_input_hysteresis_enabled
 .text.gpio_set_irq_enabled
                0x10000ee0       0x48 CMakeFiles/pico2w_LoRaComm.dir/Users/oswin/pico/pico-sdk/src/rp2_common/hardware_gpio/gpio.c.o
                0x10000ee0                gpio_set_irq_enabled
 .text.gpio_set_irq_enabled_with_callback
                0x10000f28       0xa8 CMakeFiles/pico2w_LoRaComm.dir/Users/oswin/pico/pico-sdk/src/rp2_common/hardware_gpio/gpio.c.o
                0x10000f28                gpio_set_irq_enabled_with_callback
 .text.gpio_add_raw_irq_handler_with_order_priority_masked
                0x10000fd0       0x48 CMakeFiles/pico2w_LoRaComm.dir/Users/oswin/pico/pico-sdk/src/rp2_common/hardware_gpio/gpio.c.o
                0x10000fd0                gpio_add_raw_irq_handler_with_order_priority_masked
 .text.gpio_remove_raw_irq_handler_masked
                0x10001018       0x24 CMakeFiles/pico2w_LoRaComm.dir/Users/oswin/pico/pico-sdk/src/rp2_common/hardware_gpio/gpio.c.o
                0x10001018                gpio_remove_raw_irq_handler_masked
 .text.gpio_init
                0x1000103c       0x4c CMakeFiles/pico2w_LoRaComm.dir/Users/oswin/pico/pico-sdk/src/rp2_common/hardware_gpio/gpio.c.o
                0x1000103c                gpio_init
 .text.panic    0x10001088       0x30 CMakeFiles/pico2w_LoRaComm.dir/Users/oswin/pico/pico-sdk/src/rp2_common/pico_platform_panic/panic.c.o
                0x10001088                panic
 .text.hw_claim_lock
                0x100010b8       0x24 CMakeFiles/pico2w_LoRaComm.dir/Users/oswin/pico/pico-sdk/src/common/hardware_claim/claim.c.o
                0x100010b8                hw_claim_lock
 .text.hw_claim_unlock
                0x100010dc       0x14 CMakeFiles/pico2w_LoRaComm.dir/Users/oswin/pico/pico-sdk/src/common/hardware_claim/claim.c.o
                0x100010dc                hw_claim_unlock
 .text.hw_claim_or_assert
                0x100010f0       0x58 CMakeFiles/pico2w_LoRaComm.dir/Users/oswin/pico/pico-sdk/src/common/hardware_claim/claim.c.o
                0x100010f0                hw_claim_or_assert
 .text.hw_claim_unused_from_range
                0x10001148       0x84 CMakeFiles/pico2w_LoRaComm.dir/Users/oswin/pico/pico-sdk/src/common/hardware_claim/claim.c.o
                0x10001148                hw_claim_unused_from_range
 .text.hw_claim_clear
                0x100011cc       0x50 CMakeFiles/pico2w_LoRaComm.dir/Users/oswin/pico/pico-sdk/src/common/hardware_claim/claim.c.o
                0x100011cc                hw_claim_clear
 .text.next_striped_spin_lock_num
                0x1000121c       0x18 CMakeFiles/pico2w_LoRaComm.dir/Users/oswin/pico/pico-sdk/src/rp2_common/hardware_sync/sync.c.o
                0x1000121c                next_striped_spin_lock_num
 .text.spin_lock_claim_unused
                0x10001234       0x24 CMakeFiles/pico2w_LoRaComm.dir/Users/oswin/pico/pico-sdk/src/rp2_common/hardware_sync/sync.c.o
                0x10001234                spin_lock_claim_unused
 .text.spinlock_set_extexclall
                0x10001258       0x10 CMakeFiles/pico2w_LoRaComm.dir/Users/oswin/pico/pico-sdk/src/rp2_common/hardware_sync_spin_lock/sync_spin_lock.c.o
 .text.spin_locks_reset
                0x10001268       0x18 CMakeFiles/pico2w_LoRaComm.dir/Users/oswin/pico/pico-sdk/src/rp2_common/hardware_sync_spin_lock/sync_spin_lock.c.o
                0x10001268                spin_locks_reset
 .text.runtime_init_per_core_irq_priorities
                0x10001280       0x40 CMakeFiles/pico2w_LoRaComm.dir/Users/oswin/pico/pico-sdk/src/rp2_common/hardware_irq/irq.c.o
                0x10001280                runtime_init_per_core_irq_priorities
 .text.irq_set_enabled
                0x100012c0       0x2c CMakeFiles/pico2w_LoRaComm.dir/Users/oswin/pico/pico-sdk/src/rp2_common/hardware_irq/irq.c.o
                0x100012c0                irq_set_enabled
 .text.irq_is_enabled
                0x100012ec       0x20 CMakeFiles/pico2w_LoRaComm.dir/Users/oswin/pico/pico-sdk/src/rp2_common/hardware_irq/irq.c.o
                0x100012ec                irq_is_enabled
 .text.irq_set_pending
                0x1000130c       0x18 CMakeFiles/pico2w_LoRaComm.dir/Users/oswin/pico/pico-sdk/src/rp2_common/hardware_irq/irq.c.o
                0x1000130c                irq_set_pending
 .text.irq_has_shared_handler
                0x10001324       0x20 CMakeFiles/pico2w_LoRaComm.dir/Users/oswin/pico/pico-sdk/src/rp2_common/hardware_irq/irq.c.o
                0x10001324                irq_has_shared_handler
 .text.irq_set_exclusive_handler
                0x10001344       0x70 CMakeFiles/pico2w_LoRaComm.dir/Users/oswin/pico/pico-sdk/src/rp2_common/hardware_irq/irq.c.o
                0x10001344                irq_set_exclusive_handler
 .text.irq_add_shared_handler
                0x100013b4      0x1f4 CMakeFiles/pico2w_LoRaComm.dir/Users/oswin/pico/pico-sdk/src/rp2_common/hardware_irq/irq.c.o
                0x100013b4                irq_add_shared_handler
 .text.irq_remove_handler
                0x100015a8      0x208 CMakeFiles/pico2w_LoRaComm.dir/Users/oswin/pico/pico-sdk/src/rp2_common/hardware_irq/irq.c.o
                0x100015a8                irq_remove_handler
 .text.irq_set_priority
                0x100017b0       0x28 CMakeFiles/pico2w_LoRaComm.dir/Users/oswin/pico/pico-sdk/src/rp2_common/hardware_irq/irq.c.o
                0x100017b0                irq_set_priority
 .text.irq_add_tail_to_free_list
                0x100017d8       0xcc CMakeFiles/pico2w_LoRaComm.dir/Users/oswin/pico/pico-sdk/src/rp2_common/hardware_irq/irq.c.o
                0x100017d8                irq_add_tail_to_free_list
 .text.user_irq_unclaim
                0x100018a4       0x10 CMakeFiles/pico2w_LoRaComm.dir/Users/oswin/pico/pico-sdk/src/rp2_common/hardware_irq/irq.c.o
                0x100018a4                user_irq_unclaim
 .text.user_irq_claim_unused
                0x100018b4       0x2c CMakeFiles/pico2w_LoRaComm.dir/Users/oswin/pico/pico-sdk/src/rp2_common/hardware_irq/irq.c.o
                0x100018b4                user_irq_claim_unused
 .text.sem_init
                0x100018e0       0x24 CMakeFiles/pico2w_LoRaComm.dir/Users/oswin/pico/pico-sdk/src/common/pico_sync/sem.c.o
                0x100018e0                sem_init
 .text.lock_init
                0x10001904        0xc CMakeFiles/pico2w_LoRaComm.dir/Users/oswin/pico/pico-sdk/src/common/pico_sync/lock_core.c.o
                0x10001904                lock_init
 .text.runtime_init_mutex
                0x10001910       0x4c CMakeFiles/pico2w_LoRaComm.dir/Users/oswin/pico/pico-sdk/src/common/pico_sync/mutex.c.o
                0x10001910                runtime_init_mutex
 .text.mutex_init
                0x1000195c       0x1c CMakeFiles/pico2w_LoRaComm.dir/Users/oswin/pico/pico-sdk/src/common/pico_sync/mutex.c.o
                0x1000195c                mutex_init
 .text.recursive_mutex_init
                0x10001978       0x1c CMakeFiles/pico2w_LoRaComm.dir/Users/oswin/pico/pico-sdk/src/common/pico_sync/mutex.c.o
                0x10001978                recursive_mutex_init
 .text.critical_section_init
                0x10001994       0x1c CMakeFiles/pico2w_LoRaComm.dir/Users/oswin/pico/pico-sdk/src/common/pico_sync/critical_section.c.o
                0x10001994                critical_section_init
 .text.critical_section_init_with_lock_num
                0x100019b0       0x10 CMakeFiles/pico2w_LoRaComm.dir/Users/oswin/pico/pico-sdk/src/common/pico_sync/critical_section.c.o
                0x100019b0                critical_section_init_with_lock_num
 .text.sleep_until_callback
                0x100019c0       0x3c CMakeFiles/pico2w_LoRaComm.dir/Users/oswin/pico/pico-sdk/src/common/pico_time/time.c.o
 *fill*         0x100019fc        0x4 
 .text.alarm_pool_irq_handler
                0x10001a00      0x2ec CMakeFiles/pico2w_LoRaComm.dir/Users/oswin/pico/pico-sdk/src/common/pico_time/time.c.o
 .text.runtime_init_default_alarm_pool
                0x10001cec      0x104 CMakeFiles/pico2w_LoRaComm.dir/Users/oswin/pico/pico-sdk/src/common/pico_time/time.c.o
                0x10001cec                runtime_init_default_alarm_pool
 .text.alarm_pool_get_default
                0x10001df0        0x8 CMakeFiles/pico2w_LoRaComm.dir/Users/oswin/pico/pico-sdk/src/common/pico_time/time.c.o
                0x10001df0                alarm_pool_get_default
 .text.alarm_pool_add_alarm_at
                0x10001df8       0xe4 CMakeFiles/pico2w_LoRaComm.dir/Users/oswin/pico/pico-sdk/src/common/pico_time/time.c.o
                0x10001df8                alarm_pool_add_alarm_at
 .text.alarm_pool_add_alarm_at_force_in_context
                0x10001edc       0xcc CMakeFiles/pico2w_LoRaComm.dir/Users/oswin/pico/pico-sdk/src/common/pico_time/time.c.o
                0x10001edc                alarm_pool_add_alarm_at_force_in_context
 .text.alarm_pool_cancel_alarm
                0x10001fa8       0x84 CMakeFiles/pico2w_LoRaComm.dir/Users/oswin/pico/pico-sdk/src/common/pico_time/time.c.o
                0x10001fa8                alarm_pool_cancel_alarm
 .text.alarm_pool_core_num
                0x1000202c        0x4 CMakeFiles/pico2w_LoRaComm.dir/Users/oswin/pico/pico-sdk/src/common/pico_time/time.c.o
                0x1000202c                alarm_pool_core_num
 .text.sleep_until
                0x10002030       0xbc CMakeFiles/pico2w_LoRaComm.dir/Users/oswin/pico/pico-sdk/src/common/pico_time/time.c.o
                0x10002030                sleep_until
 .text.sleep_ms
                0x100020ec       0xdc CMakeFiles/pico2w_LoRaComm.dir/Users/oswin/pico/pico-sdk/src/common/pico_time/time.c.o
                0x100020ec                sleep_ms
 .text.best_effort_wfe_or_timeout
                0x100021c8       0xf8 CMakeFiles/pico2w_LoRaComm.dir/Users/oswin/pico/pico-sdk/src/common/pico_time/time.c.o
                0x100021c8                best_effort_wfe_or_timeout
 .text.timer_hardware_alarm_claim
                0x100022c0       0x24 CMakeFiles/pico2w_LoRaComm.dir/Users/oswin/pico/pico-sdk/src/rp2_common/hardware_timer/timer.c.o
                0x100022c0                timer_hardware_alarm_claim
 .text.timer_time_us_64
                0x100022e4       0x10 CMakeFiles/pico2w_LoRaComm.dir/Users/oswin/pico/pico-sdk/src/rp2_common/hardware_timer/timer.c.o
                0x100022e4                timer_time_us_64
 .text.time_us_64
                0x100022f4       0x14 CMakeFiles/pico2w_LoRaComm.dir/Users/oswin/pico/pico-sdk/src/rp2_common/hardware_timer/timer.c.o
                0x100022f4                time_us_64
 .text.busy_wait_us
                0x10002308       0x60 CMakeFiles/pico2w_LoRaComm.dir/Users/oswin/pico/pico-sdk/src/rp2_common/hardware_timer/timer.c.o
                0x10002308                busy_wait_us
 .text.busy_wait_until
                0x10002368       0x24 CMakeFiles/pico2w_LoRaComm.dir/Users/oswin/pico/pico-sdk/src/rp2_common/hardware_timer/timer.c.o
                0x10002368                busy_wait_until
 .text.uart_init
                0x1000238c      0x110 CMakeFiles/pico2w_LoRaComm.dir/Users/oswin/pico/pico-sdk/src/rp2_common/hardware_uart/uart.c.o
                0x1000238c                uart_init
 .text.clock_configure_undivided
                0x1000249c       0xdc CMakeFiles/pico2w_LoRaComm.dir/Users/oswin/pico/pico-sdk/src/rp2_common/hardware_clocks/clocks.c.o
                0x1000249c                clock_configure_undivided
 .text.clock_get_hz
                0x10002578        0xc CMakeFiles/pico2w_LoRaComm.dir/Users/oswin/pico/pico-sdk/src/rp2_common/hardware_clocks/clocks.c.o
                0x10002578                clock_get_hz
 .text.pll_init
                0x10002584       0x90 CMakeFiles/pico2w_LoRaComm.dir/Users/oswin/pico/pico-sdk/src/rp2_common/hardware_pll/pll.c.o
                0x10002584                pll_init
 .text.watchdog_reboot
                0x10002614       0xac CMakeFiles/pico2w_LoRaComm.dir/Users/oswin/pico/pico-sdk/src/rp2_common/hardware_watchdog/watchdog.c.o
                0x10002614                watchdog_reboot
 .text.tick_start
                0x100026c0       0x18 CMakeFiles/pico2w_LoRaComm.dir/Users/oswin/pico/pico-sdk/src/rp2_common/hardware_ticks/ticks.c.o
                0x100026c0                tick_start
 .text.rom_reboot.constprop.0.isra.0
                0x100026d8       0x38 CMakeFiles/pico2w_LoRaComm.dir/Users/oswin/pico/pico-sdk/src/rp2_common/pico_bootrom/bootrom.c.o
 .text.rom_func_lookup
                0x10002710       0x18 CMakeFiles/pico2w_LoRaComm.dir/Users/oswin/pico/pico-sdk/src/rp2_common/pico_bootrom/bootrom.c.o
                0x10002710                rom_func_lookup
 .text.rom_reset_usb_boot_extra
                0x10002728       0x1c CMakeFiles/pico2w_LoRaComm.dir/Users/oswin/pico/pico-sdk/src/rp2_common/pico_bootrom/bootrom.c.o
                0x10002728                rom_reset_usb_boot_extra
 .text.runtime_init_bootrom_locking_enable
                0x10002744       0x14 CMakeFiles/pico2w_LoRaComm.dir/Users/oswin/pico/pico-sdk/src/rp2_common/pico_bootrom/bootrom_lock.c.o
                0x10002744                runtime_init_bootrom_locking_enable
 .text.runtime_init_boot_locks_reset
                0x10002758       0x1c CMakeFiles/pico2w_LoRaComm.dir/Users/oswin/pico/pico-sdk/src/rp2_common/hardware_boot_lock/boot_lock.c.o
                0x10002758                runtime_init_boot_locks_reset
 .text.xosc_init
                0x10002774       0x2c CMakeFiles/pico2w_LoRaComm.dir/Users/oswin/pico/pico-sdk/src/rp2_common/hardware_xosc/xosc.c.o
                0x10002774                xosc_init
 .text.first_per_core_initializer
                0x100027a0        0x4 CMakeFiles/pico2w_LoRaComm.dir/Users/oswin/pico/pico-sdk/src/rp2_common/pico_runtime/runtime.c.o
 .text.hard_assertion_failure
                0x100027a4        0xc CMakeFiles/pico2w_LoRaComm.dir/Users/oswin/pico/pico-sdk/src/rp2_common/pico_runtime/runtime.c.o
                0x100027a4                hard_assertion_failure
 .text.runtime_run_initializers
                0x100027b0       0x20 CMakeFiles/pico2w_LoRaComm.dir/Users/oswin/pico/pico-sdk/src/rp2_common/pico_runtime/runtime.c.o
                0x100027b0                runtime_run_initializers
 .text.runtime_init_early_resets
                0x100027d0       0x30 CMakeFiles/pico2w_LoRaComm.dir/Users/oswin/pico/pico-sdk/src/rp2_common/pico_runtime_init/runtime_init.c.o
                0x100027d0                runtime_init_early_resets
 .text.runtime_init_usb_power_down
                0x10002800       0x1c CMakeFiles/pico2w_LoRaComm.dir/Users/oswin/pico/pico-sdk/src/rp2_common/pico_runtime_init/runtime_init.c.o
                0x10002800                runtime_init_usb_power_down
 .text.runtime_init_per_core_enable_coprocessors
                0x1000281c       0x1c CMakeFiles/pico2w_LoRaComm.dir/Users/oswin/pico/pico-sdk/src/rp2_common/pico_runtime_init/runtime_init.c.o
                0x1000281c                runtime_init_per_core_enable_coprocessors
 .text.runtime_init_post_clock_resets
                0x10002838       0x20 CMakeFiles/pico2w_LoRaComm.dir/Users/oswin/pico/pico-sdk/src/rp2_common/pico_runtime_init/runtime_init.c.o
                0x10002838                runtime_init_post_clock_resets
 .text.runtime_init_bootrom_reset
                0x10002858       0x14 CMakeFiles/pico2w_LoRaComm.dir/Users/oswin/pico/pico-sdk/src/rp2_common/pico_runtime_init/runtime_init.c.o
                0x10002858                runtime_init_bootrom_reset
 .text.runtime_init_per_core_bootrom_reset
                0x1000286c       0x14 CMakeFiles/pico2w_LoRaComm.dir/Users/oswin/pico/pico-sdk/src/rp2_common/pico_runtime_init/runtime_init.c.o
                0x1000286c                runtime_init_per_core_bootrom_reset
 .text.runtime_init_spin_locks_reset
                0x10002880        0x4 CMakeFiles/pico2w_LoRaComm.dir/Users/oswin/pico/pico-sdk/src/rp2_common/pico_runtime_init/runtime_init.c.o
                0x10002880                runtime_init_spin_locks_reset
 .text.runtime_init_install_ram_vector_table
                0x10002884       0x68 CMakeFiles/pico2w_LoRaComm.dir/Users/oswin/pico/pico-sdk/src/rp2_common/pico_runtime_init/runtime_init.c.o
                0x10002884                runtime_init_install_ram_vector_table
 .text.runtime_init_clocks
                0x100028ec       0xdc CMakeFiles/pico2w_LoRaComm.dir/Users/oswin/pico/pico-sdk/src/rp2_common/pico_runtime_init/runtime_init_clocks.c.o
                0x100028ec                runtime_init_clocks
 .text.__rp2350_dcp_engaged_state_save_restore
                0x100029c8       0x3a CMakeFiles/pico2w_LoRaComm.dir/Users/oswin/pico/pico-sdk/src/rp2_common/pico_double/double_aeabi_dcp.S.o
 *fill*         0x10002a02        0x2 
 .text.__wrap___aeabi_dadd
                0x10002a04       0x28 CMakeFiles/pico2w_LoRaComm.dir/Users/oswin/pico/pico-sdk/src/rp2_common/pico_double/double_aeabi_dcp.S.o
                0x10002a0c                __wrap___aeabi_dadd
 .text.__wrap___aeabi_dsub
                0x10002a2c       0x28 CMakeFiles/pico2w_LoRaComm.dir/Users/oswin/pico/pico-sdk/src/rp2_common/pico_double/double_aeabi_dcp.S.o
                0x10002a34                __wrap___aeabi_dsub
 .text.__wrap___aeabi_dmul
                0x10002a54       0x4c CMakeFiles/pico2w_LoRaComm.dir/Users/oswin/pico/pico-sdk/src/rp2_common/pico_double/double_aeabi_dcp.S.o
                0x10002a5c                __wrap___aeabi_dmul
 .text.__wrap___aeabi_ddiv
                0x10002aa0       0x9c CMakeFiles/pico2w_LoRaComm.dir/Users/oswin/pico/pico-sdk/src/rp2_common/pico_double/double_aeabi_dcp.S.o
                0x10002aa8                __wrap___aeabi_ddiv
 .text.__wrap___aeabi_i2d
                0x10002b3c       0x24 CMakeFiles/pico2w_LoRaComm.dir/Users/oswin/pico/pico-sdk/src/rp2_common/pico_double/double_aeabi_dcp.S.o
                0x10002b44                __wrap___aeabi_i2d
                0x10002b44                int2double
 .text.__wrap___aeabi_ui2d
                0x10002b60       0x24 CMakeFiles/pico2w_LoRaComm.dir/Users/oswin/pico/pico-sdk/src/rp2_common/pico_double/double_aeabi_dcp.S.o
                0x10002b68                __wrap___aeabi_ui2d
                0x10002b68                uint2double
 .text.__wrap___aeabi_d2iz
                0x10002b84       0x24 CMakeFiles/pico2w_LoRaComm.dir/Users/oswin/pico/pico-sdk/src/rp2_common/pico_double/double_aeabi_dcp.S.o
                0x10002b8c                __wrap___aeabi_d2iz
                0x10002b8c                double2int_z
 .text.__wrap___aeabi_d2uiz
                0x10002ba8       0x24 CMakeFiles/pico2w_LoRaComm.dir/Users/oswin/pico/pico-sdk/src/rp2_common/pico_double/double_aeabi_dcp.S.o
                0x10002bb0                double2uint_z
                0x10002bb0                double2uint
                0x10002bb0                __wrap___aeabi_d2uiz
 .text.__wrap___aeabi_dcmpun
                0x10002bcc       0x24 CMakeFiles/pico2w_LoRaComm.dir/Users/oswin/pico/pico-sdk/src/rp2_common/pico_double/double_aeabi_dcp.S.o
                0x10002bd4                __wrap___aeabi_dcmpun
 .text.__wrap___aeabi_dcmplt
                0x10002bf0       0x28 CMakeFiles/pico2w_LoRaComm.dir/Users/oswin/pico/pico-sdk/src/rp2_common/pico_double/double_aeabi_dcp.S.o
                0x10002bf8                __wrap___aeabi_dcmplt
 .text.__wrap___aeabi_dcmple
                0x10002c18       0x28 CMakeFiles/pico2w_LoRaComm.dir/Users/oswin/pico/pico-sdk/src/rp2_common/pico_double/double_aeabi_dcp.S.o
                0x10002c20                __wrap___aeabi_dcmple
 .text.__wrap___aeabi_dcmpge
                0x10002c40       0x28 CMakeFiles/pico2w_LoRaComm.dir/Users/oswin/pico/pico-sdk/src/rp2_common/pico_double/double_aeabi_dcp.S.o
                0x10002c48                __wrap___aeabi_dcmpge
 .text.__wrap___aeabi_dcmpgt
                0x10002c68       0x28 CMakeFiles/pico2w_LoRaComm.dir/Users/oswin/pico/pico-sdk/src/rp2_common/pico_double/double_aeabi_dcp.S.o
                0x10002c70                __wrap___aeabi_dcmpgt
 .text.__wrap_malloc
                0x10002c90       0x24 CMakeFiles/pico2w_LoRaComm.dir/Users/oswin/pico/pico-sdk/src/rp2_common/pico_malloc/malloc.c.o
                0x10002c90                __wrap_malloc
 .text._out_buffer
                0x10002cb4        0x8 CMakeFiles/pico2w_LoRaComm.dir/Users/oswin/pico/pico-sdk/src/rp2_common/pico_printf/printf.c.o
 .text._out_null
                0x10002cbc        0x4 CMakeFiles/pico2w_LoRaComm.dir/Users/oswin/pico/pico-sdk/src/rp2_common/pico_printf/printf.c.o
 .text._out_rev
                0x10002cc0       0xa8 CMakeFiles/pico2w_LoRaComm.dir/Users/oswin/pico/pico-sdk/src/rp2_common/pico_printf/printf.c.o
 .text._ntoa_format
                0x10002d68      0x1dc CMakeFiles/pico2w_LoRaComm.dir/Users/oswin/pico/pico-sdk/src/rp2_common/pico_printf/printf.c.o
 .text._out_char
                0x10002f44        0x8 CMakeFiles/pico2w_LoRaComm.dir/Users/oswin/pico/pico-sdk/src/rp2_common/pico_printf/printf.c.o
 .text._out_fct
                0x10002f4c        0xc CMakeFiles/pico2w_LoRaComm.dir/Users/oswin/pico/pico-sdk/src/rp2_common/pico_printf/printf.c.o
 .text._ftoa    0x10002f58      0x494 CMakeFiles/pico2w_LoRaComm.dir/Users/oswin/pico/pico-sdk/src/rp2_common/pico_printf/printf.c.o
 *fill*         0x100033ec        0x4 
 .text._etoa    0x100033f0      0x584 CMakeFiles/pico2w_LoRaComm.dir/Users/oswin/pico/pico-sdk/src/rp2_common/pico_printf/printf.c.o
 .text._vsnprintf
                0x10003974      0x9d8 CMakeFiles/pico2w_LoRaComm.dir/Users/oswin/pico/pico-sdk/src/rp2_common/pico_printf/printf.c.o
 .text.__wrap_snprintf
                0x1000434c       0x30 CMakeFiles/pico2w_LoRaComm.dir/Users/oswin/pico/pico-sdk/src/rp2_common/pico_printf/printf.c.o
                0x1000434c                __wrap_snprintf
 .text.vfctprintf
                0x1000437c       0x24 CMakeFiles/pico2w_LoRaComm.dir/Users/oswin/pico/pico-sdk/src/rp2_common/pico_printf/printf.c.o
                0x1000437c                vfctprintf
 .text.weak_raw_vprintf
                0x100043a0       0x30 CMakeFiles/pico2w_LoRaComm.dir/Users/oswin/pico/pico-sdk/src/rp2_common/pico_printf/printf.c.o
                0x100043a0                weak_raw_vprintf
 .text._exit    0x100043d0        0x4 CMakeFiles/pico2w_LoRaComm.dir/Users/oswin/pico/pico-sdk/src/rp2_common/pico_clib_interface/newlib_interface.c.o
                0x100043d0                _exit
 .text._sbrk    0x100043d4       0x2c CMakeFiles/pico2w_LoRaComm.dir/Users/oswin/pico/pico-sdk/src/rp2_common/pico_clib_interface/newlib_interface.c.o
                0x100043d4                _sbrk
 .text.exit     0x10004400        0x8 CMakeFiles/pico2w_LoRaComm.dir/Users/oswin/pico/pico-sdk/src/rp2_common/pico_clib_interface/newlib_interface.c.o
                0x10004400                exit
 .text.runtime_init
                0x10004408       0x24 CMakeFiles/pico2w_LoRaComm.dir/Users/oswin/pico/pico-sdk/src/rp2_common/pico_clib_interface/newlib_interface.c.o
                0x10004408                runtime_init
 .text.stdio_out_chars_no_crlf
                0x1000442c        0x8 CMakeFiles/pico2w_LoRaComm.dir/Users/oswin/pico/pico-sdk/src/rp2_common/pico_stdio/stdio.c.o
 .text.stdio_out_chars_crlf
                0x10004434       0xc0 CMakeFiles/pico2w_LoRaComm.dir/Users/oswin/pico/pico-sdk/src/rp2_common/pico_stdio/stdio.c.o
 .text.stdio_buffered_printer
                0x100044f4       0x5c CMakeFiles/pico2w_LoRaComm.dir/Users/oswin/pico/pico-sdk/src/rp2_common/pico_stdio/stdio.c.o
 .text.stdio_put_string
                0x10004550       0xec CMakeFiles/pico2w_LoRaComm.dir/Users/oswin/pico/pico-sdk/src/rp2_common/pico_stdio/stdio.c.o
                0x10004550                stdio_put_string
 .text.stdio_set_driver_enabled
                0x1000463c       0x28 CMakeFiles/pico2w_LoRaComm.dir/Users/oswin/pico/pico-sdk/src/rp2_common/pico_stdio/stdio.c.o
                0x1000463c                stdio_set_driver_enabled
 .text.stdio_init_all
                0x10004664        0x4 CMakeFiles/pico2w_LoRaComm.dir/Users/oswin/pico/pico-sdk/src/rp2_common/pico_stdio/stdio.c.o
                0x10004664                stdio_init_all
 .text.__wrap_putchar
                0x10004668       0x84 CMakeFiles/pico2w_LoRaComm.dir/Users/oswin/pico/pico-sdk/src/rp2_common/pico_stdio/stdio.c.o
                0x10004668                stdio_putchar
                0x10004668                __wrap_putchar
 .text.__wrap_puts
                0x100046ec       0x3c CMakeFiles/pico2w_LoRaComm.dir/Users/oswin/pico/pico-sdk/src/rp2_common/pico_stdio/stdio.c.o
                0x100046ec                __wrap_puts
                0x100046ec                stdio_puts
 .text.__wrap_vprintf
                0x10004728       0xc0 CMakeFiles/pico2w_LoRaComm.dir/Users/oswin/pico/pico-sdk/src/rp2_common/pico_stdio/stdio.c.o
                0x10004728                __wrap_vprintf
                0x10004728                stdio_vprintf
 .text.__wrap_printf
                0x100047e8       0x1c CMakeFiles/pico2w_LoRaComm.dir/Users/oswin/pico/pico-sdk/src/rp2_common/pico_stdio/stdio.c.o
                0x100047e8                stdio_printf
                0x100047e8                __wrap_printf
 .text.resetd_init
                0x10004804        0x4 CMakeFiles/pico2w_LoRaComm.dir/Users/oswin/pico/pico-sdk/src/rp2_common/pico_stdio_usb/reset_interface.c.o
 .text.resetd_reset
                0x10004808        0xc CMakeFiles/pico2w_LoRaComm.dir/Users/oswin/pico/pico-sdk/src/rp2_common/pico_stdio_usb/reset_interface.c.o
 .text.resetd_open
                0x10004814       0x28 CMakeFiles/pico2w_LoRaComm.dir/Users/oswin/pico/pico-sdk/src/rp2_common/pico_stdio_usb/reset_interface.c.o
 .text.resetd_xfer_cb
                0x1000483c        0x4 CMakeFiles/pico2w_LoRaComm.dir/Users/oswin/pico/pico-sdk/src/rp2_common/pico_stdio_usb/reset_interface.c.o
 .text.resetd_control_xfer_cb
                0x10004840       0x50 CMakeFiles/pico2w_LoRaComm.dir/Users/oswin/pico/pico-sdk/src/rp2_common/pico_stdio_usb/reset_interface.c.o
 .text.tud_descriptor_bos_cb
                0x10004890        0x8 CMakeFiles/pico2w_LoRaComm.dir/Users/oswin/pico/pico-sdk/src/rp2_common/pico_stdio_usb/reset_interface.c.o
                0x10004890                tud_descriptor_bos_cb
 .text.tud_vendor_control_xfer_cb
                0x10004898       0x28 CMakeFiles/pico2w_LoRaComm.dir/Users/oswin/pico/pico-sdk/src/rp2_common/pico_stdio_usb/reset_interface.c.o
                0x10004898                tud_vendor_control_xfer_cb
 .text.usbd_app_driver_get_cb
                0x100048c0       0x10 CMakeFiles/pico2w_LoRaComm.dir/Users/oswin/pico/pico-sdk/src/rp2_common/pico_stdio_usb/reset_interface.c.o
                0x100048c0                usbd_app_driver_get_cb
 .text.tud_cdc_line_coding_cb
                0x100048d0       0x18 CMakeFiles/pico2w_LoRaComm.dir/Users/oswin/pico/pico-sdk/src/rp2_common/pico_stdio_usb/reset_interface.c.o
                0x100048d0                tud_cdc_line_coding_cb
 .text.stdio_usb_set_chars_available_callback
                0x100048e8       0x14 CMakeFiles/pico2w_LoRaComm.dir/Users/oswin/pico/pico-sdk/src/rp2_common/pico_stdio_usb/stdio_usb.c.o
                0x100048e8                stdio_usb_set_chars_available_callback
 .text.timer_task
                0x100048fc       0x70 CMakeFiles/pico2w_LoRaComm.dir/Users/oswin/pico/pico-sdk/src/rp2_common/pico_stdio_usb/stdio_usb.c.o
 .text.usb_irq  0x1000496c        0xc CMakeFiles/pico2w_LoRaComm.dir/Users/oswin/pico/pico-sdk/src/rp2_common/pico_stdio_usb/stdio_usb.c.o
 .text.stdio_usb_in_chars
                0x10004978       0x88 CMakeFiles/pico2w_LoRaComm.dir/Users/oswin/pico/pico-sdk/src/rp2_common/pico_stdio_usb/stdio_usb.c.o
                0x10004978                stdio_usb_in_chars
 .text.stdio_usb_out_flush
                0x10004a00       0x54 CMakeFiles/pico2w_LoRaComm.dir/Users/oswin/pico/pico-sdk/src/rp2_common/pico_stdio_usb/stdio_usb.c.o
 .text.stdio_usb_out_chars
                0x10004a54       0xf0 CMakeFiles/pico2w_LoRaComm.dir/Users/oswin/pico/pico-sdk/src/rp2_common/pico_stdio_usb/stdio_usb.c.o
 .text.low_priority_worker_irq
                0x10004b44       0xe8 CMakeFiles/pico2w_LoRaComm.dir/Users/oswin/pico/pico-sdk/src/rp2_common/pico_stdio_usb/stdio_usb.c.o
 .text.stdio_usb_init
                0x10004c2c       0xf0 CMakeFiles/pico2w_LoRaComm.dir/Users/oswin/pico/pico-sdk/src/rp2_common/pico_stdio_usb/stdio_usb.c.o
                0x10004c2c                stdio_usb_init
 .text.tud_descriptor_device_cb
                0x10004d1c        0x8 CMakeFiles/pico2w_LoRaComm.dir/Users/oswin/pico/pico-sdk/src/rp2_common/pico_stdio_usb/stdio_usb_descriptors.c.o
                0x10004d1c                tud_descriptor_device_cb
 .text.tud_descriptor_configuration_cb
                0x10004d24        0x8 CMakeFiles/pico2w_LoRaComm.dir/Users/oswin/pico/pico-sdk/src/rp2_common/pico_stdio_usb/stdio_usb_descriptors.c.o
                0x10004d24                tud_descriptor_configuration_cb
 .text.tud_descriptor_string_cb
                0x10004d2c       0x80 CMakeFiles/pico2w_LoRaComm.dir/Users/oswin/pico/pico-sdk/src/rp2_common/pico_stdio_usb/stdio_usb_descriptors.c.o
                0x10004d2c                tud_descriptor_string_cb
 .text.startup._retrieve_unique_id_on_boot
                0x10004dac       0x2c CMakeFiles/pico2w_LoRaComm.dir/Users/oswin/pico/pico-sdk/src/rp2_common/pico_unique_id/unique_id.c.o
 .text.pico_get_unique_board_id
                0x10004dd8       0x10 CMakeFiles/pico2w_LoRaComm.dir/Users/oswin/pico/pico-sdk/src/rp2_common/pico_unique_id/unique_id.c.o
                0x10004dd8                pico_get_unique_board_id
 .text.pico_get_unique_board_id_string
                0x10004de8      0x190 CMakeFiles/pico2w_LoRaComm.dir/Users/oswin/pico/pico-sdk/src/rp2_common/pico_unique_id/unique_id.c.o
                0x10004de8                pico_get_unique_board_id_string
 .text.dcd_init
                0x10004f78       0x9c CMakeFiles/pico2w_LoRaComm.dir/Users/oswin/pico/pico-sdk/lib/tinyusb/src/portable/raspberrypi/rp2040/dcd_rp2040.c.o
                0x10004f78                dcd_init
 .text.dcd_int_enable
                0x10005014        0x8 CMakeFiles/pico2w_LoRaComm.dir/Users/oswin/pico/pico-sdk/lib/tinyusb/src/portable/raspberrypi/rp2040/dcd_rp2040.c.o
                0x10005014                dcd_int_enable
 .text.dcd_set_address
                0x1000501c       0x10 CMakeFiles/pico2w_LoRaComm.dir/Users/oswin/pico/pico-sdk/lib/tinyusb/src/portable/raspberrypi/rp2040/dcd_rp2040.c.o
                0x1000501c                dcd_set_address
 .text.dcd_sof_enable
                0x1000502c       0x1c CMakeFiles/pico2w_LoRaComm.dir/Users/oswin/pico/pico-sdk/lib/tinyusb/src/portable/raspberrypi/rp2040/dcd_rp2040.c.o
                0x1000502c                dcd_sof_enable
 .text.dcd_edpt0_status_complete
                0x10005048       0x1c CMakeFiles/pico2w_LoRaComm.dir/Users/oswin/pico/pico-sdk/lib/tinyusb/src/portable/raspberrypi/rp2040/dcd_rp2040.c.o
                0x10005048                dcd_edpt0_status_complete
 .text.dcd_edpt_open
                0x10005064      0x10c CMakeFiles/pico2w_LoRaComm.dir/Users/oswin/pico/pico-sdk/lib/tinyusb/src/portable/raspberrypi/rp2040/dcd_rp2040.c.o
                0x10005064                dcd_edpt_open
 .text.dcd_edpt_close_all
                0x10005170        0x4 CMakeFiles/pico2w_LoRaComm.dir/Users/oswin/pico/pico-sdk/lib/tinyusb/src/portable/raspberrypi/rp2040/dcd_rp2040.c.o
                0x10005170                dcd_edpt_close_all
 .text.dcd_edpt_xfer
                0x10005174       0x28 CMakeFiles/pico2w_LoRaComm.dir/Users/oswin/pico/pico-sdk/lib/tinyusb/src/portable/raspberrypi/rp2040/dcd_rp2040.c.o
                0x10005174                dcd_edpt_xfer
 .text.dcd_edpt_stall
                0x1000519c       0x30 CMakeFiles/pico2w_LoRaComm.dir/Users/oswin/pico/pico-sdk/lib/tinyusb/src/portable/raspberrypi/rp2040/dcd_rp2040.c.o
                0x1000519c                dcd_edpt_stall
 .text.dcd_edpt_clear_stall
                0x100051cc       0x24 CMakeFiles/pico2w_LoRaComm.dir/Users/oswin/pico/pico-sdk/lib/tinyusb/src/portable/raspberrypi/rp2040/dcd_rp2040.c.o
                0x100051cc                dcd_edpt_clear_stall
 .text.rp2040_usb_init
                0x100051f0       0x40 CMakeFiles/pico2w_LoRaComm.dir/Users/oswin/pico/pico-sdk/lib/tinyusb/src/portable/raspberrypi/rp2040/rp2040_usb.c.o
                0x100051f0                rp2040_usb_init
 .text.hw_endpoint_xfer_start
                0x10005230       0x40 CMakeFiles/pico2w_LoRaComm.dir/Users/oswin/pico/pico-sdk/lib/tinyusb/src/portable/raspberrypi/rp2040/rp2040_usb.c.o
                0x10005230                hw_endpoint_xfer_start
 .text.configuration_reset
                0x10005270       0x8c CMakeFiles/pico2w_LoRaComm.dir/Users/oswin/pico/pico-sdk/lib/tinyusb/src/device/usbd.c.o
 .text.tud_event_hook_cb
                0x100052fc        0x4 CMakeFiles/pico2w_LoRaComm.dir/Users/oswin/pico/pico-sdk/lib/tinyusb/src/device/usbd.c.o
                0x100052fc                tud_event_hook_cb
 .text.tud_sof_cb
                0x10005300        0x4 CMakeFiles/pico2w_LoRaComm.dir/Users/oswin/pico/pico-sdk/lib/tinyusb/src/device/usbd.c.o
                0x10005300                tud_sof_cb
 .text.tud_descriptor_device_qualifier_cb
                0x10005304        0x4 CMakeFiles/pico2w_LoRaComm.dir/Users/oswin/pico/pico-sdk/lib/tinyusb/src/device/usbd.c.o
                0x10005304                tud_descriptor_device_qualifier_cb
 .text.tud_descriptor_other_speed_configuration_cb
                0x10005308        0x4 CMakeFiles/pico2w_LoRaComm.dir/Users/oswin/pico/pico-sdk/lib/tinyusb/src/device/usbd.c.o
                0x10005308                tud_descriptor_other_speed_configuration_cb
 .text.tud_mount_cb
                0x1000530c        0x4 CMakeFiles/pico2w_LoRaComm.dir/Users/oswin/pico/pico-sdk/lib/tinyusb/src/device/usbd.c.o
                0x1000530c                tud_mount_cb
 .text.tud_umount_cb
                0x10005310        0x4 CMakeFiles/pico2w_LoRaComm.dir/Users/oswin/pico/pico-sdk/lib/tinyusb/src/device/usbd.c.o
                0x10005310                tud_umount_cb
 .text.tud_suspend_cb
                0x10005314        0x4 CMakeFiles/pico2w_LoRaComm.dir/Users/oswin/pico/pico-sdk/lib/tinyusb/src/device/usbd.c.o
                0x10005314                tud_suspend_cb
 .text.tud_resume_cb
                0x10005318        0x4 CMakeFiles/pico2w_LoRaComm.dir/Users/oswin/pico/pico-sdk/lib/tinyusb/src/device/usbd.c.o
                0x10005318                tud_resume_cb
 .text.tud_mounted
                0x1000531c       0x10 CMakeFiles/pico2w_LoRaComm.dir/Users/oswin/pico/pico-sdk/lib/tinyusb/src/device/usbd.c.o
                0x1000531c                tud_mounted
 .text.tud_suspended
                0x1000532c       0x10 CMakeFiles/pico2w_LoRaComm.dir/Users/oswin/pico/pico-sdk/lib/tinyusb/src/device/usbd.c.o
                0x1000532c                tud_suspended
 .text.tud_rhport_init
                0x1000533c       0xf0 CMakeFiles/pico2w_LoRaComm.dir/Users/oswin/pico/pico-sdk/lib/tinyusb/src/device/usbd.c.o
                0x1000533c                tud_rhport_init
 .text.tud_task_ext
                0x1000542c      0x7cc CMakeFiles/pico2w_LoRaComm.dir/Users/oswin/pico/pico-sdk/lib/tinyusb/src/device/usbd.c.o
                0x1000542c                tud_task_ext
 .text.usbd_open_edpt_pair
                0x10005bf8       0xa0 CMakeFiles/pico2w_LoRaComm.dir/Users/oswin/pico/pico-sdk/lib/tinyusb/src/device/usbd.c.o
                0x10005bf8                usbd_open_edpt_pair
 .text.usbd_edpt_open
                0x10005c98       0x5c CMakeFiles/pico2w_LoRaComm.dir/Users/oswin/pico/pico-sdk/lib/tinyusb/src/device/usbd.c.o
                0x10005c98                usbd_edpt_open
 .text.usbd_edpt_claim
                0x10005cf4       0x24 CMakeFiles/pico2w_LoRaComm.dir/Users/oswin/pico/pico-sdk/lib/tinyusb/src/device/usbd.c.o
                0x10005cf4                usbd_edpt_claim
 .text.usbd_edpt_release
                0x10005d18       0x24 CMakeFiles/pico2w_LoRaComm.dir/Users/oswin/pico/pico-sdk/lib/tinyusb/src/device/usbd.c.o
                0x10005d18                usbd_edpt_release
 .text.usbd_edpt_xfer
                0x10005d3c       0x70 CMakeFiles/pico2w_LoRaComm.dir/Users/oswin/pico/pico-sdk/lib/tinyusb/src/device/usbd.c.o
                0x10005d3c                usbd_edpt_xfer
 .text.tud_control_status
                0x10005dac       0x38 CMakeFiles/pico2w_LoRaComm.dir/Users/oswin/pico/pico-sdk/lib/tinyusb/src/device/usbd_control.c.o
                0x10005dac                tud_control_status
 .text.tud_control_xfer
                0x10005de4       0xb4 CMakeFiles/pico2w_LoRaComm.dir/Users/oswin/pico/pico-sdk/lib/tinyusb/src/device/usbd_control.c.o
                0x10005de4                tud_control_xfer
 .text.usbd_control_reset
                0x10005e98       0x14 CMakeFiles/pico2w_LoRaComm.dir/Users/oswin/pico/pico-sdk/lib/tinyusb/src/device/usbd_control.c.o
                0x10005e98                usbd_control_reset
 .text.usbd_control_set_complete_callback
                0x10005eac        0xc CMakeFiles/pico2w_LoRaComm.dir/Users/oswin/pico/pico-sdk/lib/tinyusb/src/device/usbd_control.c.o
                0x10005eac                usbd_control_set_complete_callback
 .text.usbd_control_set_request
                0x10005eb8       0x1c CMakeFiles/pico2w_LoRaComm.dir/Users/oswin/pico/pico-sdk/lib/tinyusb/src/device/usbd_control.c.o
                0x10005eb8                usbd_control_set_request
 .text.usbd_control_xfer_cb
                0x10005ed4      0x104 CMakeFiles/pico2w_LoRaComm.dir/Users/oswin/pico/pico-sdk/lib/tinyusb/src/device/usbd_control.c.o
                0x10005ed4                usbd_control_xfer_cb
 .text._prep_out_transaction.isra.0
                0x10005fd8       0x80 CMakeFiles/pico2w_LoRaComm.dir/Users/oswin/pico/pico-sdk/lib/tinyusb/src/class/cdc/cdc_device.c.o
 .text.tud_cdc_n_connected
                0x10006058       0x2c CMakeFiles/pico2w_LoRaComm.dir/Users/oswin/pico/pico-sdk/lib/tinyusb/src/class/cdc/cdc_device.c.o
                0x10006058                tud_cdc_n_connected
 .text.tud_cdc_n_available
                0x10006084       0x14 CMakeFiles/pico2w_LoRaComm.dir/Users/oswin/pico/pico-sdk/lib/tinyusb/src/class/cdc/cdc_device.c.o
                0x10006084                tud_cdc_n_available
 .text.tud_cdc_n_read
                0x10006098       0x8c CMakeFiles/pico2w_LoRaComm.dir/Users/oswin/pico/pico-sdk/lib/tinyusb/src/class/cdc/cdc_device.c.o
                0x10006098                tud_cdc_n_read
 .text.tud_cdc_n_write_flush
                0x10006124       0x94 CMakeFiles/pico2w_LoRaComm.dir/Users/oswin/pico/pico-sdk/lib/tinyusb/src/class/cdc/cdc_device.c.o
                0x10006124                tud_cdc_n_write_flush
 .text.tud_cdc_n_write
                0x100061b8       0x3c CMakeFiles/pico2w_LoRaComm.dir/Users/oswin/pico/pico-sdk/lib/tinyusb/src/class/cdc/cdc_device.c.o
                0x100061b8                tud_cdc_n_write
 .text.tud_cdc_n_write_available
                0x100061f4       0x14 CMakeFiles/pico2w_LoRaComm.dir/Users/oswin/pico/pico-sdk/lib/tinyusb/src/class/cdc/cdc_device.c.o
                0x100061f4                tud_cdc_n_write_available
 .text.cdcd_init
                0x10006208       0x74 CMakeFiles/pico2w_LoRaComm.dir/Users/oswin/pico/pico-sdk/lib/tinyusb/src/class/cdc/cdc_device.c.o
                0x10006208                cdcd_init
 .text.cdcd_deinit
                0x1000627c       0x30 CMakeFiles/pico2w_LoRaComm.dir/Users/oswin/pico/pico-sdk/lib/tinyusb/src/class/cdc/cdc_device.c.o
                0x1000627c                cdcd_deinit
 .text.cdcd_reset
                0x100062ac       0x50 CMakeFiles/pico2w_LoRaComm.dir/Users/oswin/pico/pico-sdk/lib/tinyusb/src/class/cdc/cdc_device.c.o
                0x100062ac                cdcd_reset
 .text.cdcd_open
                0x100062fc       0xd0 CMakeFiles/pico2w_LoRaComm.dir/Users/oswin/pico/pico-sdk/lib/tinyusb/src/class/cdc/cdc_device.c.o
                0x100062fc                cdcd_open
 .text.cdcd_control_xfer_cb
                0x100063cc       0xd0 CMakeFiles/pico2w_LoRaComm.dir/Users/oswin/pico/pico-sdk/lib/tinyusb/src/class/cdc/cdc_device.c.o
                0x100063cc                cdcd_control_xfer_cb
 .text.cdcd_xfer_cb
                0x1000649c       0xf8 CMakeFiles/pico2w_LoRaComm.dir/Users/oswin/pico/pico-sdk/lib/tinyusb/src/class/cdc/cdc_device.c.o
                0x1000649c                cdcd_xfer_cb
 .text.vendord_init
                0x10006594       0x5c CMakeFiles/pico2w_LoRaComm.dir/Users/oswin/pico/pico-sdk/lib/tinyusb/src/class/vendor/vendor_device.c.o
                0x10006594                vendord_init
 .text.vendord_deinit
                0x100065f0       0x1c CMakeFiles/pico2w_LoRaComm.dir/Users/oswin/pico/pico-sdk/lib/tinyusb/src/class/vendor/vendor_device.c.o
                0x100065f0                vendord_deinit
 .text.vendord_reset
                0x1000660c       0x24 CMakeFiles/pico2w_LoRaComm.dir/Users/oswin/pico/pico-sdk/lib/tinyusb/src/class/vendor/vendor_device.c.o
                0x1000660c                vendord_reset
 .text.vendord_open
                0x10006630       0xf4 CMakeFiles/pico2w_LoRaComm.dir/Users/oswin/pico/pico-sdk/lib/tinyusb/src/class/vendor/vendor_device.c.o
                0x10006630                vendord_open
 .text.vendord_xfer_cb
                0x10006724       0x98 CMakeFiles/pico2w_LoRaComm.dir/Users/oswin/pico/pico-sdk/lib/tinyusb/src/class/vendor/vendor_device.c.o
                0x10006724                vendord_xfer_cb
 .text.tusb_rhport_init
                0x100067bc       0x6c CMakeFiles/pico2w_LoRaComm.dir/Users/oswin/pico/pico-sdk/lib/tinyusb/src/tusb.c.o
                0x100067bc                tusb_rhport_init
 .text.tu_edpt_claim
                0x10006828       0x60 CMakeFiles/pico2w_LoRaComm.dir/Users/oswin/pico/pico-sdk/lib/tinyusb/src/tusb.c.o
                0x10006828                tu_edpt_claim
 .text.tu_edpt_release
                0x10006888       0x38 CMakeFiles/pico2w_LoRaComm.dir/Users/oswin/pico/pico-sdk/lib/tinyusb/src/tusb.c.o
                0x10006888                tu_edpt_release
 .text.tu_edpt_validate
                0x100068c0       0x60 CMakeFiles/pico2w_LoRaComm.dir/Users/oswin/pico/pico-sdk/lib/tinyusb/src/tusb.c.o
                0x100068c0                tu_edpt_validate
 .text.tu_edpt_bind_driver
                0x10006920       0x54 CMakeFiles/pico2w_LoRaComm.dir/Users/oswin/pico/pico-sdk/lib/tinyusb/src/tusb.c.o
                0x10006920                tu_edpt_bind_driver
 .text.tu_edpt_stream_init
                0x10006974       0x58 CMakeFiles/pico2w_LoRaComm.dir/Users/oswin/pico/pico-sdk/lib/tinyusb/src/tusb.c.o
                0x10006974                tu_edpt_stream_init
 .text.tu_edpt_stream_deinit
                0x100069cc        0x4 CMakeFiles/pico2w_LoRaComm.dir/Users/oswin/pico/pico-sdk/lib/tinyusb/src/tusb.c.o
                0x100069cc                tu_edpt_stream_deinit
 .text.tu_edpt_stream_write_zlp_if_needed
                0x100069d0       0x6c CMakeFiles/pico2w_LoRaComm.dir/Users/oswin/pico/pico-sdk/lib/tinyusb/src/tusb.c.o
                0x100069d0                tu_edpt_stream_write_zlp_if_needed
 .text.tu_edpt_stream_write_xfer
                0x10006a3c       0x74 CMakeFiles/pico2w_LoRaComm.dir/Users/oswin/pico/pico-sdk/lib/tinyusb/src/tusb.c.o
                0x10006a3c                tu_edpt_stream_write_xfer
 .text.tu_edpt_stream_read_xfer
                0x10006ab0       0xd0 CMakeFiles/pico2w_LoRaComm.dir/Users/oswin/pico/pico-sdk/lib/tinyusb/src/tusb.c.o
                0x10006ab0                tu_edpt_stream_read_xfer
 .text.tu_fifo_config
                0x10006b80       0x60 CMakeFiles/pico2w_LoRaComm.dir/Users/oswin/pico/pico-sdk/lib/tinyusb/src/common/tusb_fifo.c.o
                0x10006b80                tu_fifo_config
 .text.tu_fifo_count
                0x10006be0       0x20 CMakeFiles/pico2w_LoRaComm.dir/Users/oswin/pico/pico-sdk/lib/tinyusb/src/common/tusb_fifo.c.o
                0x10006be0                tu_fifo_count
 .text.tu_fifo_empty
                0x10006c00       0x14 CMakeFiles/pico2w_LoRaComm.dir/Users/oswin/pico/pico-sdk/lib/tinyusb/src/common/tusb_fifo.c.o
                0x10006c00                tu_fifo_empty
 .text.tu_fifo_remaining
                0x10006c14       0x24 CMakeFiles/pico2w_LoRaComm.dir/Users/oswin/pico/pico-sdk/lib/tinyusb/src/common/tusb_fifo.c.o
                0x10006c14                tu_fifo_remaining
 .text.tu_fifo_read
                0x10006c38       0x9c CMakeFiles/pico2w_LoRaComm.dir/Users/oswin/pico/pico-sdk/lib/tinyusb/src/common/tusb_fifo.c.o
                0x10006c38                tu_fifo_read
 .text.tu_fifo_read_n
                0x10006cd4       0xe0 CMakeFiles/pico2w_LoRaComm.dir/Users/oswin/pico/pico-sdk/lib/tinyusb/src/common/tusb_fifo.c.o
                0x10006cd4                tu_fifo_read_n
 .text.tu_fifo_write
                0x10006db4       0xa8 CMakeFiles/pico2w_LoRaComm.dir/Users/oswin/pico/pico-sdk/lib/tinyusb/src/common/tusb_fifo.c.o
                0x10006db4                tu_fifo_write
 .text.tu_fifo_write_n
                0x10006e5c      0x150 CMakeFiles/pico2w_LoRaComm.dir/Users/oswin/pico/pico-sdk/lib/tinyusb/src/common/tusb_fifo.c.o
                0x10006e5c                tu_fifo_write_n
 .text.tu_fifo_clear
                0x10006fac       0x38 CMakeFiles/pico2w_LoRaComm.dir/Users/oswin/pico/pico-sdk/lib/tinyusb/src/common/tusb_fifo.c.o
                0x10006fac                tu_fifo_clear
 .text.tu_fifo_set_overwritable
                0x10006fe4       0x3c CMakeFiles/pico2w_LoRaComm.dir/Users/oswin/pico/pico-sdk/lib/tinyusb/src/common/tusb_fifo.c.o
                0x10006fe4                tu_fifo_set_overwritable
 .text.i2c_write_blocking_internal.constprop.0
                0x10007020       0xa0 CMakeFiles/pico2w_LoRaComm.dir/Users/oswin/pico/pico-sdk/src/rp2_common/hardware_i2c/i2c.c.o
 .text.i2c_set_baudrate
                0x100070c0       0xa0 CMakeFiles/pico2w_LoRaComm.dir/Users/oswin/pico/pico-sdk/src/rp2_common/hardware_i2c/i2c.c.o
                0x100070c0                i2c_set_baudrate
 .text.i2c_init
                0x10007160       0x58 CMakeFiles/pico2w_LoRaComm.dir/Users/oswin/pico/pico-sdk/src/rp2_common/hardware_i2c/i2c.c.o
                0x10007160                i2c_init
 .text.i2c_write_blocking
                0x100071b8        0xc CMakeFiles/pico2w_LoRaComm.dir/Users/oswin/pico/pico-sdk/src/rp2_common/hardware_i2c/i2c.c.o
                0x100071b8                i2c_write_blocking
 .text.cyw43_arch_set_async_context
                0x100071c4        0xc CMakeFiles/pico2w_LoRaComm.dir/Users/oswin/pico/pico-sdk/src/rp2_common/pico_cyw43_arch/cyw43_arch.c.o
                0x100071c4                cyw43_arch_set_async_context
 .text.cyw43_arch_gpio_put
                0x100071d0       0x10 CMakeFiles/pico2w_LoRaComm.dir/Users/oswin/pico/pico-sdk/src/rp2_common/pico_cyw43_arch/cyw43_arch.c.o
                0x100071d0                cyw43_arch_gpio_put
 .text.cyw43_arch_async_context
                0x100071e0        0xc CMakeFiles/pico2w_LoRaComm.dir/Users/oswin/pico/pico-sdk/src/rp2_common/pico_cyw43_arch/cyw43_arch.c.o
                0x100071e0                cyw43_arch_async_context
 .text.cyw43_arch_init
                0x100071ec       0x60 CMakeFiles/pico2w_LoRaComm.dir/Users/oswin/pico/pico-sdk/src/rp2_common/pico_cyw43_arch/cyw43_arch_threadsafe_background.c.o
                0x100071ec                cyw43_arch_init
 .text.ns_delay.constprop.0
                0x1000724c       0x24 CMakeFiles/pico2w_LoRaComm.dir/Users/oswin/pico/pico-sdk/src/rp2_common/pico_cyw43_driver/cyw43_bus_pio_spi.c.o
 .text.cyw43_spi_deinit
                0x10007270       0x6c CMakeFiles/pico2w_LoRaComm.dir/Users/oswin/pico/pico-sdk/src/rp2_common/pico_cyw43_driver/cyw43_bus_pio_spi.c.o
                0x10007270                cyw43_spi_deinit
 .text.cyw43_spi_init
                0x100072dc      0x12c CMakeFiles/pico2w_LoRaComm.dir/Users/oswin/pico/pico-sdk/src/rp2_common/pico_cyw43_driver/cyw43_bus_pio_spi.c.o
                0x100072dc                cyw43_spi_init
 .text.cyw43_spi_transfer
                0x10007408      0x398 CMakeFiles/pico2w_LoRaComm.dir/Users/oswin/pico/pico-sdk/src/rp2_common/pico_cyw43_driver/cyw43_bus_pio_spi.c.o
                0x10007408                cyw43_spi_transfer
 .text.cyw43_spi_gpio_setup
                0x100077a0       0x48 CMakeFiles/pico2w_LoRaComm.dir/Users/oswin/pico/pico-sdk/src/rp2_common/pico_cyw43_driver/cyw43_bus_pio_spi.c.o
                0x100077a0                cyw43_spi_gpio_setup
 .text.cyw43_spi_reset
                0x100077e8       0x30 CMakeFiles/pico2w_LoRaComm.dir/Users/oswin/pico/pico-sdk/src/rp2_common/pico_cyw43_driver/cyw43_bus_pio_spi.c.o
                0x100077e8                cyw43_spi_reset
 .text.read_reg_u32_swap
                0x10007818       0x48 CMakeFiles/pico2w_LoRaComm.dir/Users/oswin/pico/pico-sdk/src/rp2_common/pico_cyw43_driver/cyw43_bus_pio_spi.c.o
                0x10007818                read_reg_u32_swap
 .text.cyw43_read_reg_u32
                0x10007860       0x60 CMakeFiles/pico2w_LoRaComm.dir/Users/oswin/pico/pico-sdk/src/rp2_common/pico_cyw43_driver/cyw43_bus_pio_spi.c.o
                0x10007860                cyw43_read_reg_u32
 .text.cyw43_read_reg_u16
                0x100078c0       0x60 CMakeFiles/pico2w_LoRaComm.dir/Users/oswin/pico/pico-sdk/src/rp2_common/pico_cyw43_driver/cyw43_bus_pio_spi.c.o
                0x100078c0                cyw43_read_reg_u16
 .text.cyw43_read_reg_u8
                0x10007920       0x60 CMakeFiles/pico2w_LoRaComm.dir/Users/oswin/pico/pico-sdk/src/rp2_common/pico_cyw43_driver/cyw43_bus_pio_spi.c.o
                0x10007920                cyw43_read_reg_u8
 .text.write_reg_u32_swap
                0x10007980      0x1cc CMakeFiles/pico2w_LoRaComm.dir/Users/oswin/pico/pico-sdk/src/rp2_common/pico_cyw43_driver/cyw43_bus_pio_spi.c.o
                0x10007980                write_reg_u32_swap
 .text.cyw43_write_reg_u32
                0x10007b4c      0x1c8 CMakeFiles/pico2w_LoRaComm.dir/Users/oswin/pico/pico-sdk/src/rp2_common/pico_cyw43_driver/cyw43_bus_pio_spi.c.o
                0x10007b4c                cyw43_write_reg_u32
 .text.cyw43_write_reg_u16
                0x10007d14      0x1c8 CMakeFiles/pico2w_LoRaComm.dir/Users/oswin/pico/pico-sdk/src/rp2_common/pico_cyw43_driver/cyw43_bus_pio_spi.c.o
                0x10007d14                cyw43_write_reg_u16
 .text.cyw43_write_reg_u8
                0x10007edc      0x1c8 CMakeFiles/pico2w_LoRaComm.dir/Users/oswin/pico/pico-sdk/src/rp2_common/pico_cyw43_driver/cyw43_bus_pio_spi.c.o
                0x10007edc                cyw43_write_reg_u8
 .text.cyw43_read_bytes
                0x100080a4       0x8c CMakeFiles/pico2w_LoRaComm.dir/Users/oswin/pico/pico-sdk/src/rp2_common/pico_cyw43_driver/cyw43_bus_pio_spi.c.o
                0x100080a4                cyw43_read_bytes
 .text.cyw43_write_bytes
                0x10008130       0xc0 CMakeFiles/pico2w_LoRaComm.dir/Users/oswin/pico/pico-sdk/src/rp2_common/pico_cyw43_driver/cyw43_bus_pio_spi.c.o
                0x10008130                cyw43_write_bytes
 .text.cyw43_set_backplane_window
                0x100081f0       0x70 CMakeFiles/pico2w_LoRaComm.dir/Users/oswin/pico/pico-sdk/lib/cyw43-driver/src/cyw43_ll.c.o
 .text.cyw43_ll_parse_async_event
                0x10008260      0x11c CMakeFiles/pico2w_LoRaComm.dir/Users/oswin/pico/pico-sdk/lib/cyw43-driver/src/cyw43_ll.c.o
 .text.cyw43_kso_set
                0x1000837c       0x78 CMakeFiles/pico2w_LoRaComm.dir/Users/oswin/pico/pico-sdk/lib/cyw43-driver/src/cyw43_ll.c.o
 .text.cyw43_ll_sdpcm_poll_device
                0x100083f4      0x22c CMakeFiles/pico2w_LoRaComm.dir/Users/oswin/pico/pico-sdk/lib/cyw43-driver/src/cyw43_ll.c.o
 .text.cyw43_sdpcm_send_common
                0x10008620       0xe8 CMakeFiles/pico2w_LoRaComm.dir/Users/oswin/pico/pico-sdk/lib/cyw43-driver/src/cyw43_ll.c.o
 .text.cyw43_do_ioctl.part.0
                0x10008708       0xbc CMakeFiles/pico2w_LoRaComm.dir/Users/oswin/pico/pico-sdk/lib/cyw43-driver/src/cyw43_ll.c.o
 .text.cyw43_write_iovar_u32.constprop.0
                0x100087c4       0x78 CMakeFiles/pico2w_LoRaComm.dir/Users/oswin/pico/pico-sdk/lib/cyw43-driver/src/cyw43_ll.c.o
 .text.cyw43_write_iovar_n
                0x1000883c       0x80 CMakeFiles/pico2w_LoRaComm.dir/Users/oswin/pico/pico-sdk/lib/cyw43-driver/src/cyw43_ll.c.o
 .text.cyw43_read_backplane.constprop.0
                0x100088bc       0xe4 CMakeFiles/pico2w_LoRaComm.dir/Users/oswin/pico/pico-sdk/lib/cyw43-driver/src/cyw43_ll.c.o
 .text.cyw43_write_backplane
                0x100089a0       0xf0 CMakeFiles/pico2w_LoRaComm.dir/Users/oswin/pico/pico-sdk/lib/cyw43-driver/src/cyw43_ll.c.o
 .text.reset_device_core.constprop.0
                0x10008a90      0x3ac CMakeFiles/pico2w_LoRaComm.dir/Users/oswin/pico/pico-sdk/lib/cyw43-driver/src/cyw43_ll.c.o
 .text.cyw43_ll_init
                0x10008e3c       0x18 CMakeFiles/pico2w_LoRaComm.dir/Users/oswin/pico/pico-sdk/lib/cyw43-driver/src/cyw43_ll.c.o
                0x10008e3c                cyw43_ll_init
 .text.cyw43_ll_deinit
                0x10008e54        0x4 CMakeFiles/pico2w_LoRaComm.dir/Users/oswin/pico/pico-sdk/lib/cyw43-driver/src/cyw43_ll.c.o
                0x10008e54                cyw43_ll_deinit
 .text.cyw43_ll_process_packets
                0x10008e58       0x44 CMakeFiles/pico2w_LoRaComm.dir/Users/oswin/pico/pico-sdk/lib/cyw43-driver/src/cyw43_ll.c.o
                0x10008e58                cyw43_ll_process_packets
 .text.cyw43_ll_ioctl
                0x10008e9c       0x74 CMakeFiles/pico2w_LoRaComm.dir/Users/oswin/pico/pico-sdk/lib/cyw43-driver/src/cyw43_ll.c.o
                0x10008e9c                cyw43_ll_ioctl
 .text.cyw43_ll_bus_sleep
                0x10008f10       0x2c CMakeFiles/pico2w_LoRaComm.dir/Users/oswin/pico/pico-sdk/lib/cyw43-driver/src/cyw43_ll.c.o
                0x10008f10                cyw43_ll_bus_sleep
 .text.cyw43_ll_wifi_get_mac
                0x10008f3c       0x84 CMakeFiles/pico2w_LoRaComm.dir/Users/oswin/pico/pico-sdk/lib/cyw43-driver/src/cyw43_ll.c.o
                0x10008f3c                cyw43_ll_wifi_get_mac
 .text.cyw43_ll_bus_init
                0x10008fc0      0x824 CMakeFiles/pico2w_LoRaComm.dir/Users/oswin/pico/pico-sdk/lib/cyw43-driver/src/cyw43_ll.c.o
                0x10008fc0                cyw43_ll_bus_init
 .text.cyw43_ll_wifi_set_wpa_auth
                0x100097e4       0x48 CMakeFiles/pico2w_LoRaComm.dir/Users/oswin/pico/pico-sdk/lib/cyw43-driver/src/cyw43_ll.c.o
                0x100097e4                cyw43_ll_wifi_set_wpa_auth
 .text.cyw43_ll_wifi_rejoin
                0x1000982c       0x74 CMakeFiles/pico2w_LoRaComm.dir/Users/oswin/pico/pico-sdk/lib/cyw43-driver/src/cyw43_ll.c.o
                0x1000982c                cyw43_ll_wifi_rejoin
 .text.cyw43_ll_gpio_set
                0x100098a0       0x94 CMakeFiles/pico2w_LoRaComm.dir/Users/oswin/pico/pico-sdk/lib/cyw43-driver/src/cyw43_ll.c.o
                0x100098a0                cyw43_ll_gpio_set
 .text.cyw43_ll_has_work
                0x10009934       0x14 CMakeFiles/pico2w_LoRaComm.dir/Users/oswin/pico/pico-sdk/lib/cyw43-driver/src/cyw43_ll.c.o
                0x10009934                cyw43_ll_has_work
 .text.cyw43_poll_func
                0x10009948       0xb8 CMakeFiles/pico2w_LoRaComm.dir/Users/oswin/pico/pico-sdk/lib/cyw43-driver/src/cyw43_ctrl.c.o
 .text.cyw43_init
                0x10009a00       0x58 CMakeFiles/pico2w_LoRaComm.dir/Users/oswin/pico/pico-sdk/lib/cyw43-driver/src/cyw43_ctrl.c.o
                0x10009a00                cyw43_init
 .text.cyw43_deinit
                0x10009a58       0x7c CMakeFiles/pico2w_LoRaComm.dir/Users/oswin/pico/pico-sdk/lib/cyw43-driver/src/cyw43_ctrl.c.o
                0x10009a58                cyw43_deinit
 .text.cyw43_cb_read_host_interrupt_pin
                0x10009ad4        0xc CMakeFiles/pico2w_LoRaComm.dir/Users/oswin/pico/pico-sdk/lib/cyw43-driver/src/cyw43_ctrl.c.o
                0x10009ad4                cyw43_cb_read_host_interrupt_pin
 .text.cyw43_cb_ensure_awake
                0x10009ae0        0xc CMakeFiles/pico2w_LoRaComm.dir/Users/oswin/pico/pico-sdk/lib/cyw43-driver/src/cyw43_ctrl.c.o
                0x10009ae0                cyw43_cb_ensure_awake
 .text.cyw43_cb_process_async_event
                0x10009aec      0x23c CMakeFiles/pico2w_LoRaComm.dir/Users/oswin/pico/pico-sdk/lib/cyw43-driver/src/cyw43_ctrl.c.o
                0x10009aec                cyw43_cb_process_async_event
 .text.cyw43_gpio_set
                0x10009d28       0x9c CMakeFiles/pico2w_LoRaComm.dir/Users/oswin/pico/pico-sdk/lib/cyw43-driver/src/cyw43_ctrl.c.o
                0x10009d28                cyw43_gpio_set
 .text.pio_sm_set_pindirs_with_mask64
                0x10009dc4       0x74 CMakeFiles/pico2w_LoRaComm.dir/Users/oswin/pico/pico-sdk/src/rp2_common/hardware_pio/pio.c.o
                0x10009dc4                pio_sm_set_pindirs_with_mask64
 .text.pio_sm_set_consecutive_pindirs
                0x10009e38       0x8c CMakeFiles/pico2w_LoRaComm.dir/Users/oswin/pico/pico-sdk/src/rp2_common/hardware_pio/pio.c.o
                0x10009e38                pio_sm_set_consecutive_pindirs
 .text.pio_claim_free_sm_and_add_program_for_gpio_range
                0x10009ec4      0x174 CMakeFiles/pico2w_LoRaComm.dir/Users/oswin/pico/pico-sdk/src/rp2_common/hardware_pio/pio.c.o
                0x10009ec4                pio_claim_free_sm_and_add_program_for_gpio_range
 .text.pio_remove_program_and_unclaim_sm
                0x1000a038       0x50 CMakeFiles/pico2w_LoRaComm.dir/Users/oswin/pico/pico-sdk/src/rp2_common/hardware_pio/pio.c.o
                0x1000a038                pio_remove_program_and_unclaim_sm
 .text.dma_channel_unclaim
                0x1000a088        0xc CMakeFiles/pico2w_LoRaComm.dir/Users/oswin/pico/pico-sdk/src/rp2_common/hardware_dma/dma.c.o
                0x1000a088                dma_channel_unclaim
 .text.dma_claim_unused_channel
                0x1000a094       0x24 CMakeFiles/pico2w_LoRaComm.dir/Users/oswin/pico/pico-sdk/src/rp2_common/hardware_dma/dma.c.o
                0x1000a094                dma_claim_unused_channel
 .text.dma_channel_cleanup
                0x1000a0b8       0x58 CMakeFiles/pico2w_LoRaComm.dir/Users/oswin/pico/pico-sdk/src/rp2_common/hardware_dma/dma.c.o
                0x1000a0b8                dma_channel_cleanup
 .text.cyw43_sleep_timeout_reached
                0x1000a110        0xc CMakeFiles/pico2w_LoRaComm.dir/Users/oswin/pico/pico-sdk/src/rp2_common/pico_cyw43_driver/cyw43_driver.c.o
 .text.cyw43_irq_init
                0x1000a11c       0x28 CMakeFiles/pico2w_LoRaComm.dir/Users/oswin/pico/pico-sdk/src/rp2_common/pico_cyw43_driver/cyw43_driver.c.o
                0x1000a11c                cyw43_irq_init
 .text.cyw43_irq_deinit
                0x1000a144       0x20 CMakeFiles/pico2w_LoRaComm.dir/Users/oswin/pico/pico-sdk/src/rp2_common/pico_cyw43_driver/cyw43_driver.c.o
                0x1000a144                cyw43_irq_deinit
 .text.cyw43_gpio_irq_handler
                0x1000a164       0x48 CMakeFiles/pico2w_LoRaComm.dir/Users/oswin/pico/pico-sdk/src/rp2_common/pico_cyw43_driver/cyw43_driver.c.o
 .text.cyw43_do_poll
                0x1000a1ac       0x74 CMakeFiles/pico2w_LoRaComm.dir/Users/oswin/pico/pico-sdk/src/rp2_common/pico_cyw43_driver/cyw43_driver.c.o
 .text.cyw43_post_poll_hook
                0x1000a220        0xc CMakeFiles/pico2w_LoRaComm.dir/Users/oswin/pico/pico-sdk/src/rp2_common/pico_cyw43_driver/cyw43_driver.c.o
                0x1000a220                cyw43_post_poll_hook
 .text.cyw43_schedule_internal_poll_dispatch
                0x1000a22c       0x14 CMakeFiles/pico2w_LoRaComm.dir/Users/oswin/pico/pico-sdk/src/rp2_common/pico_cyw43_driver/cyw43_driver.c.o
                0x1000a22c                cyw43_schedule_internal_poll_dispatch
 .text.cyw43_driver_init
                0x1000a240       0x38 CMakeFiles/pico2w_LoRaComm.dir/Users/oswin/pico/pico-sdk/src/rp2_common/pico_cyw43_driver/cyw43_driver.c.o
                0x1000a240                cyw43_driver_init
 .text.cyw43_driver_deinit
                0x1000a278       0x50 CMakeFiles/pico2w_LoRaComm.dir/Users/oswin/pico/pico-sdk/src/rp2_common/pico_cyw43_driver/cyw43_driver.c.o
                0x1000a278                cyw43_driver_deinit
 .text.cyw43_hal_generate_laa_mac
                0x1000a2c8       0x2c CMakeFiles/pico2w_LoRaComm.dir/Users/oswin/pico/pico-sdk/src/rp2_common/pico_cyw43_driver/cyw43_driver.c.o
                0x1000a2c8                cyw43_hal_generate_laa_mac
 .text.cyw43_thread_enter
                0x1000a2f4       0x10 CMakeFiles/pico2w_LoRaComm.dir/Users/oswin/pico/pico-sdk/src/rp2_common/pico_cyw43_driver/cyw43_driver.c.o
                0x1000a2f4                cyw43_thread_enter
 .text.cyw43_thread_exit
                0x1000a304       0x10 CMakeFiles/pico2w_LoRaComm.dir/Users/oswin/pico/pico-sdk/src/rp2_common/pico_cyw43_driver/cyw43_driver.c.o
                0x1000a304                cyw43_thread_exit
 .text.cyw43_await_background_or_timeout_us
                0x1000a314       0x6c CMakeFiles/pico2w_LoRaComm.dir/Users/oswin/pico/pico-sdk/src/rp2_common/pico_cyw43_driver/cyw43_driver.c.o
                0x1000a314                cyw43_await_background_or_timeout_us
 .text.cyw43_delay_ms
                0x1000a380       0x40 CMakeFiles/pico2w_LoRaComm.dir/Users/oswin/pico/pico-sdk/src/rp2_common/pico_cyw43_driver/cyw43_driver.c.o
                0x1000a380                cyw43_delay_ms
 .text.cyw43_cb_tcpip_deinit
                0x1000a3c0        0x4 CMakeFiles/pico2w_LoRaComm.dir/Users/oswin/pico/pico-sdk/src/rp2_common/pico_cyw43_driver/cyw43_driver.c.o
                0x1000a3c0                cyw43_cb_tcpip_deinit
 .text.cyw43_cb_tcpip_set_link_up
                0x1000a3c4        0xc CMakeFiles/pico2w_LoRaComm.dir/Users/oswin/pico/pico-sdk/src/rp2_common/pico_cyw43_driver/cyw43_driver.c.o
                0x1000a3c4                cyw43_cb_tcpip_set_link_up
 .text.cyw43_cb_tcpip_set_link_down
                0x1000a3d0        0xc CMakeFiles/pico2w_LoRaComm.dir/Users/oswin/pico/pico-sdk/src/rp2_common/pico_cyw43_driver/cyw43_driver.c.o
                0x1000a3d0                cyw43_cb_tcpip_set_link_down
 .text.cyw43_cb_process_ethernet
                0x1000a3dc        0xc CMakeFiles/pico2w_LoRaComm.dir/Users/oswin/pico/pico-sdk/src/rp2_common/pico_cyw43_driver/cyw43_driver.c.o
                0x1000a3dc                cyw43_cb_process_ethernet
 .text.async_context_threadsafe_background_acquire_lock_blocking
                0x1000a3e8        0x8 CMakeFiles/pico2w_LoRaComm.dir/Users/oswin/pico/pico-sdk/src/rp2_common/pico_async_context/async_context_threadsafe_background.c.o
 .text.alarm_handler
                0x1000a3f0       0x28 CMakeFiles/pico2w_LoRaComm.dir/Users/oswin/pico/pico-sdk/src/rp2_common/pico_async_context/async_context_threadsafe_background.c.o
 .text.async_context_threadsafe_background_set_work_pending
                0x1000a418       0x1c CMakeFiles/pico2w_LoRaComm.dir/Users/oswin/pico/pico-sdk/src/rp2_common/pico_async_context/async_context_threadsafe_background.c.o
 .text.process_under_lock
                0x1000a434       0xb0 CMakeFiles/pico2w_LoRaComm.dir/Users/oswin/pico/pico-sdk/src/rp2_common/pico_async_context/async_context_threadsafe_background.c.o
 .text.async_context_threadsafe_background_execute_sync
                0x1000a4e4       0x44 CMakeFiles/pico2w_LoRaComm.dir/Users/oswin/pico/pico-sdk/src/rp2_common/pico_async_context/async_context_threadsafe_background.c.o
                0x1000a4e4                async_context_threadsafe_background_execute_sync
 .text.async_context_threadsafe_background_deinit
                0x1000a528       0x60 CMakeFiles/pico2w_LoRaComm.dir/Users/oswin/pico/pico-sdk/src/rp2_common/pico_async_context/async_context_threadsafe_background.c.o
 .text.low_priority_irq_handler
                0x1000a588       0x54 CMakeFiles/pico2w_LoRaComm.dir/Users/oswin/pico/pico-sdk/src/rp2_common/pico_async_context/async_context_threadsafe_background.c.o
 .text.async_context_threadsafe_background_wait_for_work_until
                0x1000a5dc        0x8 CMakeFiles/pico2w_LoRaComm.dir/Users/oswin/pico/pico-sdk/src/rp2_common/pico_async_context/async_context_threadsafe_background.c.o
 .text.async_context_threadsafe_background_wait_until
                0x1000a5e4       0x18 CMakeFiles/pico2w_LoRaComm.dir/Users/oswin/pico/pico-sdk/src/rp2_common/pico_async_context/async_context_threadsafe_background.c.o
 .text.async_context_threadsafe_background_lock_check
                0x1000a5fc       0x24 CMakeFiles/pico2w_LoRaComm.dir/Users/oswin/pico/pico-sdk/src/rp2_common/pico_async_context/async_context_threadsafe_background.c.o
 .text.async_context_threadsafe_background_release_lock
                0x1000a620       0x28 CMakeFiles/pico2w_LoRaComm.dir/Users/oswin/pico/pico-sdk/src/rp2_common/pico_async_context/async_context_threadsafe_background.c.o
 .text.async_context_threadsafe_background_when_pending_worker
                0x1000a648       0x44 CMakeFiles/pico2w_LoRaComm.dir/Users/oswin/pico/pico-sdk/src/rp2_common/pico_async_context/async_context_threadsafe_background.c.o
 .text.async_context_threadsafe_background_add_when_pending_worker
                0x1000a68c       0x44 CMakeFiles/pico2w_LoRaComm.dir/Users/oswin/pico/pico-sdk/src/rp2_common/pico_async_context/async_context_threadsafe_background.c.o
 .text.async_context_threadsafe_background_remove_at_time_worker
                0x1000a6d0       0x44 CMakeFiles/pico2w_LoRaComm.dir/Users/oswin/pico/pico-sdk/src/rp2_common/pico_async_context/async_context_threadsafe_background.c.o
 .text.async_context_threadsafe_background_add_at_time_worker
                0x1000a714       0x44 CMakeFiles/pico2w_LoRaComm.dir/Users/oswin/pico/pico-sdk/src/rp2_common/pico_async_context/async_context_threadsafe_background.c.o
 .text.async_context_threadsafe_background_default_config
                0x1000a758        0xc CMakeFiles/pico2w_LoRaComm.dir/Users/oswin/pico/pico-sdk/src/rp2_common/pico_async_context/async_context_threadsafe_background.c.o
                0x1000a758                async_context_threadsafe_background_default_config
 .text.async_context_threadsafe_background_init
                0x1000a764       0x8c CMakeFiles/pico2w_LoRaComm.dir/Users/oswin/pico/pico-sdk/src/rp2_common/pico_async_context/async_context_threadsafe_background.c.o
                0x1000a764                async_context_threadsafe_background_init
 .text.async_context_base_add_at_time_worker
                0x1000a7f0       0x24 CMakeFiles/pico2w_LoRaComm.dir/Users/oswin/pico/pico-sdk/src/rp2_common/pico_async_context/async_context_base.c.o
                0x1000a7f0                async_context_base_add_at_time_worker
 .text.async_context_base_remove_at_time_worker
                0x1000a814       0x20 CMakeFiles/pico2w_LoRaComm.dir/Users/oswin/pico/pico-sdk/src/rp2_common/pico_async_context/async_context_base.c.o
                0x1000a814                async_context_base_remove_at_time_worker
 .text.async_context_base_add_when_pending_worker
                0x1000a834       0x20 CMakeFiles/pico2w_LoRaComm.dir/Users/oswin/pico/pico-sdk/src/rp2_common/pico_async_context/async_context_base.c.o
                0x1000a834                async_context_base_add_when_pending_worker
 .text.async_context_base_remove_when_pending_worker
                0x1000a854       0x20 CMakeFiles/pico2w_LoRaComm.dir/Users/oswin/pico/pico-sdk/src/rp2_common/pico_async_context/async_context_base.c.o
                0x1000a854                async_context_base_remove_when_pending_worker
 .text.async_context_base_execute_once
                0x1000a874       0xd8 CMakeFiles/pico2w_LoRaComm.dir/Users/oswin/pico/pico-sdk/src/rp2_common/pico_async_context/async_context_base.c.o
                0x1000a874                async_context_base_execute_once
 .text.malloc   0x1000a94c       0x10 /Applications/ArmGNUToolchain/15.2.rel1/arm-none-eabi/bin/../lib/gcc/arm-none-eabi/15.2.1/../../../../arm-none-eabi/lib/thumb/v8-m.main+fp/softfp/libg.a(libc_a-malloc.o)
                0x1000a94c                malloc
 .text._malloc_r
                0x1000a95c      0x5a8 /Applications/ArmGNUToolchain/15.2.rel1/arm-none-eabi/bin/../lib/gcc/arm-none-eabi/15.2.1/../../../../arm-none-eabi/lib/thumb/v8-m.main+fp/softfp/libg.a(libc_a-mallocr.o)
                0x1000a95c                _malloc_r
 .text.__malloc_lock
                0x1000af04        0xc /Applications/ArmGNUToolchain/15.2.rel1/arm-none-eabi/bin/../lib/gcc/arm-none-eabi/15.2.1/../../../../arm-none-eabi/lib/thumb/v8-m.main+fp/softfp/libg.a(libc_a-mlock.o)
                0x1000af04                __malloc_lock
 .text.__malloc_unlock
                0x1000af10        0xc /Applications/ArmGNUToolchain/15.2.rel1/arm-none-eabi/bin/../lib/gcc/arm-none-eabi/15.2.1/../../../../arm-none-eabi/lib/thumb/v8-m.main+fp/softfp/libg.a(libc_a-mlock.o)
                0x1000af10                __malloc_unlock
 .text.memmove  0x1000af1c      0x124 /Applications/ArmGNUToolchain/15.2.rel1/arm-none-eabi/bin/../lib/gcc/arm-none-eabi/15.2.1/../../../../arm-none-eabi/lib/thumb/v8-m.main+fp/softfp/libg.a(libc_a-memmove.o)
                0x1000af1c                memmove
 .text.memset   0x1000b040       0x88 /Applications/ArmGNUToolchain/15.2.rel1/arm-none-eabi/bin/../lib/gcc/arm-none-eabi/15.2.1/../../../../arm-none-eabi/lib/thumb/v8-m.main+fp/softfp/libg.a(libc_a-memset.o)
                0x1000b040                memset
 .text.strncmp  0x1000b0c8       0x74 /Applications/ArmGNUToolchain/15.2.rel1/arm-none-eabi/bin/../lib/gcc/arm-none-eabi/15.2.1/../../../../arm-none-eabi/lib/thumb/v8-m.main+fp/softfp/libg.a(libc_a-strncmp.o)
                0x1000b0c8                strncmp
 .text._sbrk_r  0x1000b13c       0x24 /Applications/ArmGNUToolchain/15.2.rel1/arm-none-eabi/bin/../lib/gcc/arm-none-eabi/15.2.1/../../../../arm-none-eabi/lib/thumb/v8-m.main+fp/softfp/libg.a(libc_a-sbrkr.o)
                0x1000b13c                _sbrk_r
 .text.__errno  0x1000b160        0xc /Applications/ArmGNUToolchain/15.2.rel1/arm-none-eabi/bin/../lib/gcc/arm-none-eabi/15.2.1/../../../../arm-none-eabi/lib/thumb/v8-m.main+fp/softfp/libg.a(libc_a-errno.o)
                0x1000b160                __errno
 .text.sysconf  0x1000b16c       0x1c /Applications/ArmGNUToolchain/15.2.rel1/arm-none-eabi/bin/../lib/gcc/arm-none-eabi/15.2.1/../../../../arm-none-eabi/lib/thumb/v8-m.main+fp/softfp/libg.a(libc_a-sysconf.o)
                0x1000b16c                sysconf
 .text.__retarget_lock_acquire_recursive
                0x1000b188        0x4 /Applications/ArmGNUToolchain/15.2.rel1/arm-none-eabi/bin/../lib/gcc/arm-none-eabi/15.2.1/../../../../arm-none-eabi/lib/thumb/v8-m.main+fp/softfp/libg.a(libc_a-lock.o)
                0x1000b188                __retarget_lock_acquire_recursive
 .text.__retarget_lock_release_recursive
                0x1000b18c        0x4 /Applications/ArmGNUToolchain/15.2.rel1/arm-none-eabi/bin/../lib/gcc/arm-none-eabi/15.2.1/../../../../arm-none-eabi/lib/thumb/v8-m.main+fp/softfp/libg.a(libc_a-lock.o)
                0x1000b18c                __retarget_lock_release_recursive
 .text          0x1000b190       0xec /Applications/ArmGNUToolchain/15.2.rel1/arm-none-eabi/bin/../lib/gcc/arm-none-eabi/15.2.1/../../../../arm-none-eabi/lib/thumb/v8-m.main+fp/softfp/libg.a(libc_a-memcpy.o)
                0x1000b190                memcpy
 .text.strlen   0x1000b27c       0x5c /Applications/ArmGNUToolchain/15.2.rel1/arm-none-eabi/bin/../lib/gcc/arm-none-eabi/15.2.1/../../../../arm-none-eabi/lib/thumb/v8-m.main+fp/softfp/libg.a(libc_a-strlen-stub.o)
                0x1000b27c                strlen
 .text._malloc_trim_r
                0x1000b2d8       0xac /Applications/ArmGNUToolchain/15.2.rel1/arm-none-eabi/bin/../lib/gcc/arm-none-eabi/15.2.1/../../../../arm-none-eabi/lib/thumb/v8-m.main+fp/softfp/libg.a(libc_a-freer.o)
                0x1000b2d8                _malloc_trim_r
 .text._free_r  0x1000b384      0x208 /Applications/ArmGNUToolchain/15.2.rel1/arm-none-eabi/bin/../lib/gcc/arm-none-eabi/15.2.1/../../../../arm-none-eabi/lib/thumb/v8-m.main+fp/softfp/libg.a(libc_a-freer.o)
                0x1000b384                _free_r
 *(.fini)
 .fini          0x1000b58c        0x4 /Applications/ArmGNUToolchain/15.2.rel1/arm-none-eabi/bin/../lib/gcc/arm-none-eabi/15.2.1/thumb/v8-m.main+fp/softfp/crti.o
                0x1000b58c                _fini
 .fini.__stub   0x1000b590       0x78 linker stubs
 *crtbegin.o(.ctors)
 *crtbegin?.o(.ctors)
 *(EXCLUDE_FILE(*crtend.o *crtend?.o) .ctors)
 *(SORT_BY_NAME(.ctors.*))
 *(.ctors)
 *crtbegin.o(.dtors)
 *crtbegin?.o(.dtors)
 *(EXCLUDE_FILE(*crtend.o *crtend?.o) .dtors)
 *(SORT_BY_NAME(.dtors.*))
 *(.dtors)
                0x1000b608                        . = ALIGN (0x4)
                0x1000b608                        PROVIDE (__preinit_array_start = .)
 *(SORT_BY_NAME(.preinit_array.*))
 .preinit_array.00050
                0x1000b608        0x4 CMakeFiles/pico2w_LoRaComm.dir/Users/oswin/pico/pico-sdk/src/rp2_common/pico_runtime_init/runtime_init.c.o
                0x1000b608                __pre_init_runtime_init_bootrom_reset
 .preinit_array.00100
                0x1000b60c        0x4 CMakeFiles/pico2w_LoRaComm.dir/Users/oswin/pico/pico-sdk/src/rp2_common/pico_runtime_init/runtime_init.c.o
                0x1000b60c                __pre_init_runtime_init_early_resets
 .preinit_array.00101
                0x1000b610        0x4 CMakeFiles/pico2w_LoRaComm.dir/Users/oswin/pico/pico-sdk/src/rp2_common/pico_runtime_init/runtime_init.c.o
                0x1000b610                __pre_init_runtime_init_usb_power_down
 .preinit_array.00500
                0x1000b614        0x4 CMakeFiles/pico2w_LoRaComm.dir/Users/oswin/pico/pico-sdk/src/rp2_common/pico_runtime_init/runtime_init.c.o
                0x1000b614                __pre_init_runtime_init_clocks
 .preinit_array.00600
                0x1000b618        0x4 CMakeFiles/pico2w_LoRaComm.dir/Users/oswin/pico/pico-sdk/src/rp2_common/pico_runtime_init/runtime_init.c.o
                0x1000b618                __pre_init_runtime_init_post_clock_resets
 .preinit_array.01000
                0x1000b61c        0x4 CMakeFiles/pico2w_LoRaComm.dir/Users/oswin/pico/pico-sdk/src/rp2_common/hardware_boot_lock/boot_lock.c.o
                0x1000b61c                __pre_init_runtime_init_boot_locks_reset
 .preinit_array.01000
                0x1000b620        0x4 CMakeFiles/pico2w_LoRaComm.dir/Users/oswin/pico/pico-sdk/src/rp2_common/pico_runtime_init/runtime_init.c.o
                0x1000b620                __pre_init_runtime_init_spin_locks_reset
 .preinit_array.01010
                0x1000b624        0x4 CMakeFiles/pico2w_LoRaComm.dir/Users/oswin/pico/pico-sdk/src/rp2_common/pico_bootrom/bootrom_lock.c.o
                0x1000b624                __pre_init_runtime_init_bootrom_locking_enable
 .preinit_array.01100
                0x1000b628        0x4 CMakeFiles/pico2w_LoRaComm.dir/Users/oswin/pico/pico-sdk/src/common/pico_sync/mutex.c.o
                0x1000b628                __pre_init_runtime_init_mutex
 .preinit_array.10080
                0x1000b62c        0x4 CMakeFiles/pico2w_LoRaComm.dir/Users/oswin/pico/pico-sdk/src/rp2_common/pico_runtime_init/runtime_init.c.o
                0x1000b62c                __pre_init_runtime_init_install_ram_vector_table
 .preinit_array.11000
                0x1000b630        0x4 CMakeFiles/pico2w_LoRaComm.dir/Users/oswin/pico/pico-sdk/src/common/pico_time/time.c.o
                0x1000b630                __pre_init_runtime_init_default_alarm_pool
 .preinit_array.YYYYY
                0x1000b634        0x4 CMakeFiles/pico2w_LoRaComm.dir/Users/oswin/pico/pico-sdk/src/rp2_common/pico_runtime/runtime.c.o
                0x1000b634                __pre_init_first_per_core_initializer
 .preinit_array.ZZZZZ.00051
                0x1000b638        0x4 CMakeFiles/pico2w_LoRaComm.dir/Users/oswin/pico/pico-sdk/src/rp2_common/pico_runtime_init/runtime_init.c.o
                0x1000b638                __pre_init_runtime_init_per_core_bootrom_reset
 .preinit_array.ZZZZZ.00200
                0x1000b63c        0x4 CMakeFiles/pico2w_LoRaComm.dir/Users/oswin/pico/pico-sdk/src/rp2_common/pico_runtime_init/runtime_init.c.o
                0x1000b63c                __pre_init_runtime_init_per_core_enable_coprocessors
 .preinit_array.ZZZZZ.01000
                0x1000b640        0x4 CMakeFiles/pico2w_LoRaComm.dir/Users/oswin/pico/pico-sdk/src/rp2_common/hardware_sync_spin_lock/sync_spin_lock.c.o
                0x1000b640                __pre_init_spinlock_set_extexclall
 .preinit_array.ZZZZZ.01200
                0x1000b644        0x4 CMakeFiles/pico2w_LoRaComm.dir/Users/oswin/pico/pico-sdk/src/rp2_common/hardware_irq/irq.c.o
                0x1000b644                __pre_init_runtime_init_per_core_irq_priorities
 *(.preinit_array)
                0x1000b648                        PROVIDE (__preinit_array_end = .)
                0x1000b648                        . = ALIGN (0x4)
                0x1000b648                        PROVIDE (__init_array_start = .)
 *(SORT_BY_NAME(.init_array.*))
 .init_array.01000
                0x1000b648        0x4 CMakeFiles/pico2w_LoRaComm.dir/Users/oswin/pico/pico-sdk/src/rp2_common/pico_unique_id/unique_id.c.o
 *(.init_array)
 .init_array    0x1000b64c        0x4 /Applications/ArmGNUToolchain/15.2.rel1/arm-none-eabi/bin/../lib/gcc/arm-none-eabi/15.2.1/thumb/v8-m.main+fp/softfp/crtbegin.o
                0x1000b650                        PROVIDE (__init_array_end = .)
                0x1000b650                        . = ALIGN (0x4)
                [!provide]                        PROVIDE (__fini_array_start = .)
 *(SORT_BY_NAME(.fini_array.*))
 *(.fini_array)
                [!provide]                        PROVIDE (__fini_array_end = .)
 *(.eh_frame*)
 .eh_frame      0x1000b650        0x0 /Applications/ArmGNUToolchain/15.2.rel1/arm-none-eabi/bin/../lib/gcc/arm-none-eabi/15.2.1/thumb/v8-m.main+fp/softfp/crtbegin.o
                0x1000b650                        . = ALIGN (0x4)

.glue_7         0x1000b650        0x0
 .glue_7        0x1000b650        0x0 linker stubs

.glue_7t        0x1000b650        0x0
 .glue_7t       0x1000b650        0x0 linker stubs

.vfp11_veneer   0x1000b650        0x0
 .vfp11_veneer  0x1000b650        0x0 linker stubs

.v4_bx          0x1000b650        0x0
 .v4_bx         0x1000b650        0x0 linker stubs

.iplt           0x1000b650        0x0
 .iplt          0x1000b650        0x0 /Applications/ArmGNUToolchain/15.2.rel1/arm-none-eabi/bin/../lib/gcc/arm-none-eabi/15.2.1/thumb/v8-m.main+fp/softfp/crtbegin.o

.boot2          0x1000b650        0x0
                0x1000b650                        __boot2_start__ = .
 *(.boot2)
                0x1000b650                        __boot2_end__ = .
                0x00000001                        ASSERT (((__boot2_end__ - __boot2_start__) <= 0x100), ERROR: Pico second stage bootloader must be no more than 256 bytes in size)

.rodata         0x1000b650    0x38d88
 *(EXCLUDE_FILE(*libm.a: *libc.a:*lib_a-mem*.o *libgcc.a:) .rodata*)
 .rodata.main.str1.4
                0x1000b650      0x5d4 CMakeFiles/pico2w_LoRaComm.dir/main.cpp.o
                                 0x43 (size before relaxing)
 .rodata._ZL16transition_table
                0x1000bc24       0x10 CMakeFiles/pico2w_LoRaComm.dir/main.cpp.o
 .rodata._ZL9font2_8x5
                0x1000bc34      0x1ea CMakeFiles/pico2w_LoRaComm.dir/main.cpp.o
 *fill*         0x1000be1e        0x2 
 .rodata._ZL4desc
                0x1000be20      0x800 CMakeFiles/pico2w_LoRaComm.dir/main.cpp.o
 .rodata._ZL6valley
                0x1000c620      0x482 CMakeFiles/pico2w_LoRaComm.dir/main.cpp.o
 .rodata.ssd1306_init.str1.4
                0x1000caa2        0x0 CMakeFiles/pico2w_LoRaComm.dir/ssd1306.c.o
                                 0x3f (size before relaxing)
 .rodata.ssd1306_show.str1.4
                0x1000caa2        0x0 CMakeFiles/pico2w_LoRaComm.dir/ssd1306.c.o
                                  0xd (size before relaxing)
 *fill*         0x1000caa2        0x2 
 .rodata.font_8x5
                0x1000caa4      0x1e0 CMakeFiles/pico2w_LoRaComm.dir/ssd1306.c.o
                0x1000caa4                font_8x5
 .rodata.panic.str1.4
                0x1000cc84        0x0 CMakeFiles/pico2w_LoRaComm.dir/Users/oswin/pico/pico-sdk/src/rp2_common/pico_platform_panic/panic.c.o
                                 0x12 (size before relaxing)
 .rodata.spin_lock_claim_unused.str1.4
                0x1000cc84        0x0 CMakeFiles/pico2w_LoRaComm.dir/Users/oswin/pico/pico-sdk/src/rp2_common/hardware_sync/sync.c.o
                                 0x1b (size before relaxing)
 .rodata.user_irq_claim_unused.str1.4
                0x1000cc84        0x0 CMakeFiles/pico2w_LoRaComm.dir/Users/oswin/pico/pico-sdk/src/rp2_common/hardware_irq/irq.c.o
                                 0x1b (size before relaxing)
 *fill*         0x1000cc84        0x4 
 .rodata.at_the_end_of_time
                0x1000cc88        0x8 CMakeFiles/pico2w_LoRaComm.dir/Users/oswin/pico/pico-sdk/src/common/pico_time/time.c.o
                0x1000cc88                at_the_end_of_time
 .rodata.timer_hardware_alarm_claim.str1.4
                0x1000cc90        0x0 CMakeFiles/pico2w_LoRaComm.dir/Users/oswin/pico/pico-sdk/src/rp2_common/hardware_timer/timer.c.o
                                 0x22 (size before relaxing)
 .rodata.hard_assertion_failure.str1.4
                0x1000cc90        0x0 CMakeFiles/pico2w_LoRaComm.dir/Users/oswin/pico/pico-sdk/src/rp2_common/pico_runtime/runtime.c.o
                                  0xc (size before relaxing)
 .rodata.__wrap_malloc.str1.4
                0x1000cc90        0x0 CMakeFiles/pico2w_LoRaComm.dir/Users/oswin/pico/pico-sdk/src/rp2_common/pico_malloc/malloc.c.o
                                  0xe (size before relaxing)
 .rodata.str1.4
                0x1000cc90        0x0 CMakeFiles/pico2w_LoRaComm.dir/Users/oswin/pico/pico-sdk/src/rp2_common/pico_standard_binary_info/standard_binary_info.c.o
                                 0x44 (size before relaxing)
 .rodata.__bi_84
                0x1000cc90        0xc CMakeFiles/pico2w_LoRaComm.dir/Users/oswin/pico/pico-sdk/src/rp2_common/pico_standard_binary_info/standard_binary_info.c.o
 .rodata.__bi_78
                0x1000cc9c        0xc CMakeFiles/pico2w_LoRaComm.dir/Users/oswin/pico/pico-sdk/src/rp2_common/pico_standard_binary_info/standard_binary_info.c.o
 .rodata.__bi_54
                0x1000cca8        0xc CMakeFiles/pico2w_LoRaComm.dir/Users/oswin/pico/pico-sdk/src/rp2_common/pico_standard_binary_info/standard_binary_info.c.o
 .rodata.__bi_48
                0x1000ccb4        0xc CMakeFiles/pico2w_LoRaComm.dir/Users/oswin/pico/pico-sdk/src/rp2_common/pico_standard_binary_info/standard_binary_info.c.o
 .rodata.__bi_42
                0x1000ccc0        0xc CMakeFiles/pico2w_LoRaComm.dir/Users/oswin/pico/pico-sdk/src/rp2_common/pico_standard_binary_info/standard_binary_info.c.o
 .rodata.__bi_34
                0x1000cccc        0xc CMakeFiles/pico2w_LoRaComm.dir/Users/oswin/pico/pico-sdk/src/rp2_common/pico_standard_binary_info/standard_binary_info.c.o
 .rodata.__bi_26
                0x1000ccd8        0xc CMakeFiles/pico2w_LoRaComm.dir/Users/oswin/pico/pico-sdk/src/rp2_common/pico_standard_binary_info/standard_binary_info.c.o
 .rodata._ftoa.str1.4
                0x1000cce4        0x0 CMakeFiles/pico2w_LoRaComm.dir/Users/oswin/pico/pico-sdk/src/rp2_common/pico_printf/printf.c.o
                                 0x15 (size before relaxing)
 *fill*         0x1000cce4        0x4 
 .rodata.pow10.0
                0x1000cce8       0x50 CMakeFiles/pico2w_LoRaComm.dir/Users/oswin/pico/pico-sdk/src/rp2_common/pico_printf/printf.c.o
 .rodata.crlf_str.0
                0x1000cd38        0x2 CMakeFiles/pico2w_LoRaComm.dir/Users/oswin/pico/pico-sdk/src/rp2_common/pico_stdio/stdio.c.o
 *fill*         0x1000cd3a        0x2 
 .rodata._resetd_driver
                0x1000cd3c       0x20 CMakeFiles/pico2w_LoRaComm.dir/Users/oswin/pico/pico-sdk/src/rp2_common/pico_stdio_usb/reset_interface.c.o
 .rodata.desc_ms_os_20
                0x1000cd5c       0xa6 CMakeFiles/pico2w_LoRaComm.dir/Users/oswin/pico/pico-sdk/src/rp2_common/pico_stdio_usb/reset_interface.c.o
 *fill*         0x1000ce02        0x2 
 .rodata.desc_bos
                0x1000ce04       0x21 CMakeFiles/pico2w_LoRaComm.dir/Users/oswin/pico/pico-sdk/src/rp2_common/pico_stdio_usb/reset_interface.c.o
                0x1000ce04                desc_bos
 .rodata.str1.4
                0x1000ce25        0x0 CMakeFiles/pico2w_LoRaComm.dir/Users/oswin/pico/pico-sdk/src/rp2_common/pico_stdio_usb/stdio_usb.c.o
                                 0x13 (size before relaxing)
 *fill*         0x1000ce25        0x3 
 .rodata.__bi_202.0
                0x1000ce28        0xc CMakeFiles/pico2w_LoRaComm.dir/Users/oswin/pico/pico-sdk/src/rp2_common/pico_stdio_usb/stdio_usb.c.o
 .rodata.str1.4